<html>
<body>
<pre>
<h1>µVision Build Log</h1>
<h2>Tool Versions:</h2>
IDE-Version: •ÏVision V5.29.0.0
Copyright (C) 2019 ARM Ltd and ARM Germany GmbH. All rights reserved.
License Information: sia sia, sia, LIC=----
 
Tool Versions:
Toolchain:       MDK-Lite  Version: 5.29.0.0
Toolchain Path:  C:\Keil_v5\ARM\ARMCC\Bin
C Compiler:      Armcc.exe V5.06 update 6 (build 750)
Assembler:       Armasm.exe V5.06 update 6 (build 750)
Linker/Locator:  ArmLink.exe V5.06 update 6 (build 750)
Library Manager: ArmAr.exe V5.06 update 6 (build 750)
Hex Converter:   FromElf.exe V5.06 update 6 (build 750)
CPU DLL:         
Dialog DLL:      
Target DLL:      Segger\JL2CM3.dll V2.99.36.0
Dialog DLL:      TARMCM1.DLL V1.14.1.0
 
<h2>Project:</h2>
C:\Users\ok\DeviceDownload (5)\nRF5SDK1220\examples\ble_peripheral\ble_app_uart\pca10028\s130\arm5_no_packs\ble_app_uart_pca10028_s130.uvprojx
Project File Date:  10/06/2023

<h2>Output:</h2>
*** Using Compiler 'V5.06 update 6 (build 750)', folder: 'C:\Keil_v5\ARM\ARMCC\Bin'
Rebuild target 'nrf51422_xxac'
compiling bsp_nfc.c...
compiling bsp_btn_ble.c...
compiling nrf_drv_gpiote.c...
compiling ble_nus.c...
compiling boards.c...
compiling nrf_drv_common.c...
compiling ble_advertising.c...
compiling bsp.c...
compiling app_button.c...
compiling ble_srv_common.c...
compiling ble_conn_params.c...
compiling ble_advdata.c...
compiling nrf_drv_clock.c...
compiling nrf_drv_uart.c...
compiling app_error.c...
compiling sdk_errors.c...
compiling app_fifo.c...
compiling app_error_weak.c...
compiling RTT_Syscalls_KEIL.c...
compiling app_util_platform.c...
compiling SEGGER_RTT_printf.c...
assembling arm_startup_nrf51.s...
compiling app_uart_fifo.c...
compiling hardfault_implementation.c...
compiling app_timer.c...
compiling nrf_assert.c...
compiling nrf_log_backend_serial.c...
compiling fstorage.c...
compiling retarget.c...
compiling main.c...
compiling nrf_log_frontend.c...
compiling system_nrf51.c...
compiling SEGGER_RTT.c...
compiling softdevice_handler.c...
linking...
Program Size: Code=16804 RO-data=412 RW-data=308 ZI-data=5772  
FromELF: creating hex file...
".\_build\nrf51422_xxac_Alamda_fix_1006.axf" - 0 Error(s), 0 Warning(s).

<h2>Software Packages used:</h2>

Package Vendor: ARM
                http://www.keil.com/pack/ARM.CMSIS.4.5.0.pack
                ARM.CMSIS.4.5.0
                CMSIS (Cortex Microcontroller Software Interface Standard)
   * Component: CORE Version: 4.3.0

Package Vendor: NordicSemiconductor
                http://developer.nordicsemi.com/nRF5_SDK/pieces/nRF_DeviceFamilyPack/NordicSemiconductor.nRF_DeviceFamilyPack.8.11.1.pack
                NordicSemiconductor.nRF_DeviceFamilyPack.8.11.1
                Nordic Semiconductor nRF ARM devices Device Family Pack.
   * Component: Startup Version: 8.11.1

<h2>Collection of Component include folders:</h2>
  .\RTE\_nrf51422_xxac
  C:\Users\ok\AppData\Local\Arm\Packs\ARM\CMSIS\4.5.0\CMSIS\Include
  C:\Users\ok\AppData\Local\Arm\Packs\NordicSemiconductor\nRF_DeviceFamilyPack\8.11.1\Device\Include

<h2>Collection of Component Files used:</h2>

   * Component: ARM::CMSIS:CORE:4.3.0

   * Component: NordicSemiconductor::Device:Startup:8.11.1
      Source file:   Device\Source\system_nrf51.c
      Source file:   Device\Source\arm\arm_startup_nrf51.s
      Include file:  Device\Include\system_nrf51.h
Build Time Elapsed:  00:00:01
</pre>
</body>
</html>
