Component: ARM Compiler 5.06 update 6 (build 750) Tool: armlink [4d35ed]

==============================================================================

Section Cross References

    main.o(i.ADC_IRQHandler) refers to main.o(.data) for .data
    main.o(i.SPI0_TWI0_IRQHandler) refers to main.o(i.irq_handler_twi) for irq_handler_twi
    main.o(i.SPI0_TWI0_IRQHandler) refers to main.o(.bss) for .bss
    main.o(i.TIMER2_IRQHandler) refers to main.o(i.nrf_gpio_pin_clear) for nrf_gpio_pin_clear
    main.o(i.TIMER2_IRQHandler) refers to main.o(i.nrf_adc_input_select) for nrf_adc_input_select
    main.o(i.TIMER2_IRQHandler) refers to printf5.o(i.__0printf$5) for __2printf
    main.o(i.TIMER2_IRQHandler) refers to main.o(i.nrf_gpio_pin_set) for nrf_gpio_pin_set
    main.o(i.TIMER2_IRQHandler) refers to main.o(i.mpu_6050_read_acc) for mpu_6050_read_acc
    main.o(i.TIMER2_IRQHandler) refers to main.o(.data) for .data
    main.o(i.adc_config) refers to main.o(i.nrf_adc_configure) for nrf_adc_configure
    main.o(i.adc_config) refers to main.o(.constdata) for .constdata
    main.o(i.assert_nrf_callback) refers to app_error.o(i.app_error_handler) for app_error_handler
    main.o(i.ble_evt_dispatch) refers to ble_conn_params.o(i.ble_conn_params_on_ble_evt) for ble_conn_params_on_ble_evt
    main.o(i.ble_evt_dispatch) refers to ble_nus.o(i.ble_nus_on_ble_evt) for ble_nus_on_ble_evt
    main.o(i.ble_evt_dispatch) refers to main.o(i.on_ble_evt) for on_ble_evt
    main.o(i.ble_evt_dispatch) refers to ble_advertising.o(i.ble_advertising_on_ble_evt) for ble_advertising_on_ble_evt
    main.o(i.ble_evt_dispatch) refers to bsp_btn_ble.o(i.bsp_btn_ble_on_ble_evt) for bsp_btn_ble_on_ble_evt
    main.o(i.ble_evt_dispatch) refers to main.o(.bss) for .bss
    main.o(i.bsp_event_handler) refers to main.o(i.sleep_mode_enter) for sleep_mode_enter
    main.o(i.bsp_event_handler) refers to app_error.o(i.app_error_handler_bare) for app_error_handler_bare
    main.o(i.bsp_event_handler) refers to ble_advertising.o(i.ble_advertising_restart_without_whitelist) for ble_advertising_restart_without_whitelist
    main.o(i.bsp_event_handler) refers to main.o(.data) for .data
    main.o(i.calibration) refers to main.o(i.mpu_6050_read_acc) for mpu_6050_read_acc
    main.o(i.calibration) refers to main.o(i.mpu_6050_read_gyro) for mpu_6050_read_gyro
    main.o(i.calibration) refers to idiv.o(.text) for __aeabi_idivmod
    main.o(i.calibration) refers to printf5.o(i.__0printf$5) for __2printf
    main.o(i.calibration) refers to main.o(.data) for .data
    main.o(i.calibration_x) refers to printf5.o(i.__0printf$5) for __2printf
    main.o(i.calibration_x) refers to idiv.o(.text) for __aeabi_idivmod
    main.o(i.calibration_x) refers to main.o(.data) for .data
    main.o(i.conn_params_error_handler) refers to app_error.o(i.app_error_handler_bare) for app_error_handler_bare
    main.o(i.irq_handler_twi) refers to main.o(i.twi_transfer) for twi_transfer
    main.o(i.irq_handler_twi) refers to main.o(i.twi_rx_start_transfer) for twi_rx_start_transfer
    main.o(i.irq_handler_twi) refers to main.o(i.twi_tx_start_transfer) for twi_tx_start_transfer
    main.o(i.main) refers to app_timer.o(i.app_timer_init) for app_timer_init
    main.o(i.main) refers to app_error.o(i.app_error_handler_bare) for app_error_handler_bare
    main.o(i.main) refers to memcpya.o(.text) for __aeabi_memcpy4
    main.o(i.main) refers to app_uart_fifo.o(i.app_uart_init) for app_uart_init
    main.o(i.main) refers to main.o(i.nrf_gpio_cfg_output) for nrf_gpio_cfg_output
    main.o(i.main) refers to bsp.o(i.bsp_init) for bsp_init
    main.o(i.main) refers to bsp_btn_ble.o(i.bsp_btn_ble_init) for bsp_btn_ble_init
    main.o(i.main) refers to softdevice_handler.o(i.softdevice_handler_init) for softdevice_handler_init
    main.o(i.main) refers to softdevice_handler.o(i.softdevice_enable_get_default_config) for softdevice_enable_get_default_config
    main.o(i.main) refers to softdevice_handler.o(i.softdevice_enable) for softdevice_enable
    main.o(i.main) refers to softdevice_handler.o(i.softdevice_ble_evt_handler_set) for softdevice_ble_evt_handler_set
    main.o(i.main) refers to ble_nus.o(i.ble_nus_init) for ble_nus_init
    main.o(i.main) refers to memseta.o(.text) for __aeabi_memclr4
    main.o(i.main) refers to ble_advertising.o(i.ble_advertising_init) for ble_advertising_init
    main.o(i.main) refers to ble_conn_params.o(i.ble_conn_params_init) for ble_conn_params_init
    main.o(i.main) refers to printf5.o(i.__0printf$5) for __2printf
    main.o(i.main) refers to ble_advertising.o(i.ble_advertising_start) for ble_advertising_start
    main.o(i.main) refers to main.o(i.twi_init) for twi_init
    main.o(i.main) refers to main.o(i.adc_config) for adc_config
    main.o(i.main) refers to main.o(i.mpu_6050_init) for mpu_6050_init
    main.o(i.main) refers to main.o(i.mpu_6050_get_device_id) for mpu_6050_get_device_id
    main.o(i.main) refers to main.o(i.calibration) for calibration
[...]
    fifo_put                                 0x0001d13d   Thumb Code    18  app_fifo.o(i.fifo_put)
    i.fputc                                  0x0001d14e   Section        0  retarget.o(i.fputc)
    i.free                                   0x0001d15c   Section        0  malloc.o(i.free)
    i.fs_queued_op_count_get                 0x0001d1b0   Section        0  fstorage.o(i.fs_queued_op_count_get)
    i.gpiote_event_handler                   0x0001d1c8   Section        0  app_button.o(i.gpiote_event_handler)
    gpiote_event_handler                     0x0001d1c9   Thumb Code    72  app_button.o(i.gpiote_event_handler)
    i.intern_softdevice_events_execute       0x0001d218   Section        0  softdevice_handler.o(i.intern_softdevice_events_execute)
    i.irq_handler_twi                        0x0001d298   Section        0  main.o(i.irq_handler_twi)
    irq_handler_twi                          0x0001d299   Thumb Code   172  main.o(i.irq_handler_twi)
    i.is_conn_params_ok                      0x0001d344   Section        0  ble_conn_params.o(i.is_conn_params_ok)
    is_conn_params_ok                        0x0001d345   Thumb Code    24  ble_conn_params.o(i.is_conn_params_ok)
    i.is_manual_peripheral_setup_needed      0x0001d360   Section        0  system_nrf51.o(i.is_manual_peripheral_setup_needed)
    is_manual_peripheral_setup_needed        0x0001d361   Thumb Code    66  system_nrf51.o(i.is_manual_peripheral_setup_needed)
    i.leds_timer_handler                     0x0001d3a8   Section        0  bsp.o(i.leds_timer_handler)
    leds_timer_handler                       0x0001d3a9   Thumb Code    18  bsp.o(i.leds_timer_handler)
    i.list_deletions_handler                 0x0001d3c0   Section        0  app_timer.o(i.list_deletions_handler)
    list_deletions_handler                   0x0001d3c1   Thumb Code   162  app_timer.o(i.list_deletions_handler)
    i.list_insertions_handler                0x0001d46c   Section        0  app_timer.o(i.list_insertions_handler)
    list_insertions_handler                  0x0001d46d   Thumb Code   178  app_timer.o(i.list_insertions_handler)
    i.main                                   0x0001d528   Section        0  main.o(i.main)
    i.malloc                                 0x0001d804   Section        0  malloc.o(i.malloc)
    i.manuf_specific_data_encode             0x0001d870   Section        0  ble_advdata.o(i.manuf_specific_data_encode)
    manuf_specific_data_encode               0x0001d871   Thumb Code   104  ble_advdata.o(i.manuf_specific_data_encode)
    i.mpu_6050_I2C_register_read             0x0001d8d8   Section        0  main.o(i.mpu_6050_I2C_register_read)
    i.mpu_6050_I2C_register_write            0x0001d908   Section        0  main.o(i.mpu_6050_I2C_register_write)
    i.mpu_6050_get_device_id                 0x0001d954   Section        0  main.o(i.mpu_6050_get_device_id)
    i.mpu_6050_init                          0x0001d972   Section        0  main.o(i.mpu_6050_init)
    i.mpu_6050_read_acc                      0x0001d98c   Section        0  main.o(i.mpu_6050_read_acc)
    i.mpu_6050_read_gyro                     0x0001d9c0   Section        0  main.o(i.mpu_6050_read_gyro)
    i.name_encode                            0x0001d9f4   Section        0  ble_advdata.o(i.name_encode)
    name_encode                              0x0001d9f5   Thumb Code   158  ble_advdata.o(i.name_encode)
    i.nrf_adc_configure                      0x0001da94   Section        0  main.o(i.nrf_adc_configure)
    i.nrf_adc_input_select                   0x0001dad4   Section        0  main.o(i.nrf_adc_input_select)
    nrf_adc_input_select                     0x0001dad5   Thumb Code    28  main.o(i.nrf_adc_input_select)
    i.nrf_bitmask_bit_is_set                 0x0001daf4   Section        0  nrf_drv_gpiote.o(i.nrf_bitmask_bit_is_set)
    nrf_bitmask_bit_is_set                   0x0001daf5   Thumb Code    16  nrf_drv_gpiote.o(i.nrf_bitmask_bit_is_set)
    i.nrf_clock_event_check                  0x0001db04   Section        0  nrf_drv_clock.o(i.nrf_clock_event_check)
    nrf_clock_event_check                    0x0001db05   Thumb Code    16  nrf_drv_clock.o(i.nrf_clock_event_check)
    i.nrf_delay_us                           0x0001db14   Section        0  main.o(i.nrf_delay_us)
    nrf_delay_us                             0x0001db15   Thumb Code    38  main.o(i.nrf_delay_us)
    i.nrf_delay_us                           0x0001db44   Section        0  app_timer.o(i.nrf_delay_us)
    nrf_delay_us                             0x0001db45   Thumb Code    38  app_timer.o(i.nrf_delay_us)
    i.nrf_drv_clock_init                     0x0001db74   Section        0  nrf_drv_clock.o(i.nrf_drv_clock_init)
    i.nrf_drv_clock_on_sd_enable             0x0001dbbc   Section        0  nrf_drv_clock.o(i.nrf_drv_clock_on_sd_enable)
    i.nrf_drv_clock_on_soc_event             0x0001dbf0   Section        0  nrf_drv_clock.o(i.nrf_drv_clock_on_soc_event)
    i.nrf_drv_common_irq_enable              0x0001dbfc   Section        0  nrf_drv_common.o(i.nrf_drv_common_irq_enable)
    i.nrf_drv_gpiote_in_event_enable         0x0001dc5c   Section        0  nrf_drv_gpiote.o(i.nrf_drv_gpiote_in_event_enable)
    i.nrf_drv_gpiote_in_init                 0x0001dcf4   Section        0  nrf_drv_gpiote.o(i.nrf_drv_gpiote_in_init)
    i.nrf_drv_gpiote_in_is_set               0x0001dd9c   Section        0  nrf_drv_gpiote.o(i.nrf_drv_gpiote_in_is_set)
    i.nrf_drv_gpiote_init                    0x0001ddb0   Section        0  nrf_drv_gpiote.o(i.nrf_drv_gpiote_init)
    i.nrf_drv_gpiote_is_init                 0x0001de0c   Section        0  nrf_drv_gpiote.o(i.nrf_drv_gpiote_is_init)
    i.nrf_drv_twi_enable                     0x0001de1c   Section        0  main.o(i.nrf_drv_twi_enable)
    i.nrf_drv_twi_init                       0x0001de3c   Section        0  main.o(i.nrf_drv_twi_init)
    i.nrf_drv_twi_rx                         0x0001dec4   Section        0  main.o(i.nrf_drv_twi_rx)
    i.nrf_drv_twi_tx                         0x0001dee8   Section        0  main.o(i.nrf_drv_twi_tx)
    i.nrf_drv_twi_xfer                       0x0001df0c   Section        0  main.o(i.nrf_drv_twi_xfer)
    i.nrf_drv_uart_init                      0x0001df34   Section        0  nrf_drv_uart.o(i.nrf_drv_uart_init)
    i.nrf_drv_uart_rx                        0x0001dfb4   Section        0  nrf_drv_uart.o(i.nrf_drv_uart_rx)
    i.nrf_drv_uart_rx_enable                 0x0001e010   Section        0  nrf_drv_uart.o(i.nrf_drv_uart_rx_enable)
    i.nrf_drv_uart_rx_for_uart               0x0001e03c   Section        0  nrf_drv_uart.o(i.nrf_drv_uart_rx_for_uart)
    nrf_drv_uart_rx_for_uart                 0x0001e03d   Thumb Code   164  nrf_drv_uart.o(i.nrf_drv_uart_rx_for_uart)
    i.nrf_drv_uart_tx                        0x0001e0e4   Section        0  nrf_drv_uart.o(i.nrf_drv_uart_tx)
    i.nrf_drv_uart_tx_for_uart               0x0001e118   Section        0  nrf_drv_uart.o(i.nrf_drv_uart_tx_for_uart)
    nrf_drv_uart_tx_for_uart                 0x0001e119   Thumb Code   134  nrf_drv_uart.o(i.nrf_drv_uart_tx_for_uart)
    i.nrf_drv_uart_tx_in_progress            0x0001e1a4   Section        0  nrf_drv_uart.o(i.nrf_drv_uart_tx_in_progress)
    i.nrf_gpio_cfg                           0x0001e1bc   Section        0  boards.o(i.nrf_gpio_cfg)
    nrf_gpio_cfg                             0x0001e1bd   Thumb Code    40  boards.o(i.nrf_gpio_cfg)
    i.nrf_gpio_cfg                           0x0001e1e4   Section        0  nrf_drv_gpiote.o(i.nrf_gpio_cfg)
    nrf_gpio_cfg                             0x0001e1e5   Thumb Code    40  nrf_drv_gpiote.o(i.nrf_gpio_cfg)
    i.nrf_gpio_cfg                           0x0001e20c   Section        0  nrf_drv_uart.o(i.nrf_gpio_cfg)
    nrf_gpio_cfg                             0x0001e20d   Thumb Code    40  nrf_drv_uart.o(i.nrf_gpio_cfg)
    i.nrf_gpio_cfg_input                     0x0001e234   Section        0  nrf_drv_uart.o(i.nrf_gpio_cfg_input)
    nrf_gpio_cfg_input                       0x0001e235   Thumb Code    18  nrf_drv_uart.o(i.nrf_gpio_cfg_input)
    i.nrf_gpio_cfg_output                    0x0001e246   Section        0  main.o(i.nrf_gpio_cfg_output)
    nrf_gpio_cfg_output                      0x0001e247   Thumb Code    20  main.o(i.nrf_gpio_cfg_output)
    i.nrf_gpio_cfg_output                    0x0001e25a   Section        0  nrf_drv_uart.o(i.nrf_gpio_cfg_output)
    nrf_gpio_cfg_output                      0x0001e25b   Thumb Code    20  nrf_drv_uart.o(i.nrf_gpio_cfg_output)
    i.nrf_gpio_cfg_sense_set                 0x0001e26e   Section        0  bsp.o(i.nrf_gpio_cfg_sense_set)
    nrf_gpio_cfg_sense_set                   0x0001e26f   Thumb Code    34  bsp.o(i.nrf_gpio_cfg_sense_set)
    i.nrf_gpio_cfg_sense_set                 0x0001e290   Section        0  nrf_drv_gpiote.o(i.nrf_gpio_cfg_sense_set)
    nrf_gpio_cfg_sense_set                   0x0001e291   Thumb Code    34  nrf_drv_gpiote.o(i.nrf_gpio_cfg_sense_set)
    i.nrf_gpio_pin_clear                     0x0001e2b4   Section        0  main.o(i.nrf_gpio_pin_clear)
    nrf_gpio_pin_clear                       0x0001e2b5   Thumb Code    10  main.o(i.nrf_gpio_pin_clear)
    i.nrf_gpio_pin_set                       0x0001e2c4   Section        0  main.o(i.nrf_gpio_pin_set)
    nrf_gpio_pin_set                         0x0001e2c5   Thumb Code    10  main.o(i.nrf_gpio_pin_set)
    i.nrf_gpio_pin_write                     0x0001e2d4   Section        0  boards.o(i.nrf_gpio_pin_write)
    nrf_gpio_pin_write                       0x0001e2d5   Thumb Code    18  boards.o(i.nrf_gpio_pin_write)
    i.nrf_gpio_ports_read                    0x0001e2ec   Section        0  nrf_drv_gpiote.o(i.nrf_gpio_ports_read)
    nrf_gpio_ports_read                      0x0001e2ed   Thumb Code    36  nrf_drv_gpiote.o(i.nrf_gpio_ports_read)
    i.nrf_gpiote_event_clear                 0x0001e314   Section        0  nrf_drv_gpiote.o(i.nrf_gpiote_event_clear)
    nrf_gpiote_event_clear                   0x0001e315   Thumb Code    10  nrf_drv_gpiote.o(i.nrf_gpiote_event_clear)
    i.nrf_gpiote_event_is_set                0x0001e324   Section        0  nrf_drv_gpiote.o(i.nrf_gpiote_event_is_set)
    nrf_gpiote_event_is_set                  0x0001e325   Thumb Code    14  nrf_drv_gpiote.o(i.nrf_gpiote_event_is_set)
    i.nrf_twi_event_check                    0x0001e338   Section        0  main.o(i.nrf_twi_event_check)
    nrf_twi_event_check                      0x0001e339   Thumb Code    10  main.o(i.nrf_twi_event_check)
    i.nrf_uart_event_check                   0x0001e342   Section        0  nrf_drv_uart.o(i.nrf_uart_event_check)
    nrf_uart_event_check                     0x0001e343   Thumb Code    10  nrf_drv_uart.o(i.nrf_uart_event_check)
    i.nrf_uart_int_enable_check              0x0001e34c   Section        0  nrf_drv_uart.o(i.nrf_uart_int_enable_check)
    nrf_uart_int_enable_check                0x0001e34d   Thumb Code    16  nrf_drv_uart.o(i.nrf_uart_int_enable_check)
    i.nus_data_handler                       0x0001e35c   Section        0  main.o(i.nus_data_handler)
    nus_data_handler                         0x0001e35d   Thumb Code    48  main.o(i.nus_data_handler)
    i.on_adv_evt                             0x0001e38c   Section        0  main.o(i.on_adv_evt)
    on_adv_evt                               0x0001e38d   Thumb Code    32  main.o(i.on_adv_evt)
    i.on_ble_evt                             0x0001e3ac   Section        0  main.o(i.on_ble_evt)
    on_ble_evt                               0x0001e3ad   Thumb Code   204  main.o(i.on_ble_evt)
    i.on_conn_params_evt                     0x0001e47c   Section        0  main.o(i.on_conn_params_evt)
    on_conn_params_evt                       0x0001e47d   Thumb Code    26  main.o(i.on_conn_params_evt)
    i.pin_in_use_by_port                     0x0001e49c   Section        0  nrf_drv_gpiote.o(i.pin_in_use_by_port)
    pin_in_use_by_port                       0x0001e49d   Thumb Code    20  nrf_drv_gpiote.o(i.pin_in_use_by_port)
    i.pin_in_use_by_te                       0x0001e4b4   Section        0  nrf_drv_gpiote.o(i.pin_in_use_by_te)
    pin_in_use_by_te                         0x0001e4b5   Thumb Code    20  nrf_drv_gpiote.o(i.pin_in_use_by_te)
    i.rtc1_stop                              0x0001e4cc   Section        0  app_timer.o(i.rtc1_stop)
    rtc1_stop                                0x0001e4cd   Thumb Code    50  app_timer.o(i.rtc1_stop)
    i.rx_byte                                0x0001e510   Section        0  nrf_drv_uart.o(i.rx_byte)
    rx_byte                                  0x0001e511   Thumb Code    38  nrf_drv_uart.o(i.rx_byte)
    i.rx_char_add                            0x0001e536   Section        0  ble_nus.o(i.rx_char_add)
    rx_char_add                              0x0001e537   Thumb Code   158  ble_nus.o(i.rx_char_add)
    i.rx_done_event                          0x0001e5d4   Section        0  nrf_drv_uart.o(i.rx_done_event)
    rx_done_event                            0x0001e5d5   Thumb Code    20  nrf_drv_uart.o(i.rx_done_event)
    i.rx_enable                              0x0001e5e8   Section        0  nrf_drv_uart.o(i.rx_enable)
    rx_enable                                0x0001e5e9   Thumb Code    26  nrf_drv_uart.o(i.rx_enable)
    i.sd_nvic_EnableIRQ                      0x0001e604   Section        0  softdevice_handler.o(i.sd_nvic_EnableIRQ)
    sd_nvic_EnableIRQ                        0x0001e605   Thumb Code   112  softdevice_handler.o(i.sd_nvic_EnableIRQ)
    i.service_data_encode                    0x0001e688   Section        0  ble_advdata.o(i.service_data_encode)
    service_data_encode                      0x0001e689   Thumb Code   142  ble_advdata.o(i.service_data_encode)
    i.set_adv_mode_fast                      0x0001e718   Section        0  ble_advertising.o(i.set_adv_mode_fast)
    set_adv_mode_fast                        0x0001e719   Thumb Code    80  ble_advertising.o(i.set_adv_mode_fast)
    i.set_adv_mode_slow                      0x0001e770   Section        0  ble_advertising.o(i.set_adv_mode_slow)
    set_adv_mode_slow                        0x0001e771   Thumb Code    76  ble_advertising.o(i.set_adv_mode_slow)
    i.sleep_mode_enter                       0x0001e7c4   Section        0  main.o(i.sleep_mode_enter)
    sleep_mode_enter                         0x0001e7c5   Thumb Code    40  main.o(i.sleep_mode_enter)
    i.softdevice_ble_evt_handler_set         0x0001e7ec   Section        0  softdevice_handler.o(i.softdevice_ble_evt_handler_set)
    i.softdevice_enable                      0x0001e800   Section        0  softdevice_handler.o(i.softdevice_enable)
    i.softdevice_enable_get_default_config   0x0001e814   Section        0  softdevice_handler.o(i.softdevice_enable_get_default_config)
    i.softdevice_fault_handler               0x0001e83c   Section        0  softdevice_handler.o(i.softdevice_fault_handler)
    i.softdevice_handler_init                0x0001e844   Section        0  softdevice_handler.o(i.softdevice_handler_init)
    i.softdevice_handler_is_enabled          0x0001e89c   Section        0  softdevice_handler.o(i.softdevice_handler_is_enabled)
    i.start_timer2                           0x0001e8a8   Section        0  main.o(i.start_timer2)
    i.timer_list_handler                     0x0001e8f4   Section        0  app_timer.o(i.timer_list_handler)
    timer_list_handler                       0x0001e8f5   Thumb Code   128  app_timer.o(i.timer_list_handler)
    i.timer_list_handler_sched               0x0001e978   Section        0  app_timer.o(i.timer_list_handler_sched)
    timer_list_handler_sched                 0x0001e979   Thumb Code    10  app_timer.o(i.timer_list_handler_sched)
    i.timer_list_insert                      0x0001e988   Section        0  app_timer.o(i.timer_list_insert)
    timer_list_insert                        0x0001e989   Thumb Code    60  app_timer.o(i.timer_list_insert)
    i.timer_stop_op_schedule                 0x0001e9c8   Section        0  app_timer.o(i.timer_stop_op_schedule)
    timer_stop_op_schedule                   0x0001e9c9   Thumb Code    68  app_timer.o(i.timer_stop_op_schedule)
    i.timer_timeouts_check                   0x0001ea10   Section        0  app_timer.o(i.timer_timeouts_check)
    timer_timeouts_check                     0x0001ea11   Thumb Code   118  app_timer.o(i.timer_timeouts_check)
    i.twi_clear_bus                          0x0001ea90   Section        0  main.o(i.twi_clear_bus)
    twi_clear_bus                            0x0001ea91   Thumb Code   134  main.o(i.twi_clear_bus)
    i.twi_init                               0x0001eb24   Section        0  main.o(i.twi_init)
    i.twi_process_error                      0x0001eb54   Section        0  main.o(i.twi_process_error)
    twi_process_error                        0x0001eb55   Thumb Code    28  main.o(i.twi_process_error)
    i.twi_rx_start_transfer                  0x0001eb74   Section        0  main.o(i.twi_rx_start_transfer)
    twi_rx_start_transfer                    0x0001eb75   Thumb Code   154  main.o(i.twi_rx_start_transfer)
    i.twi_send_byte                          0x0001ec14   Section        0  main.o(i.twi_send_byte)
    twi_send_byte                            0x0001ec15   Thumb Code    46  main.o(i.twi_send_byte)
    i.twi_transfer                           0x0001ec42   Section        0  main.o(i.twi_transfer)
    twi_transfer                             0x0001ec43   Thumb Code   264  main.o(i.twi_transfer)
    i.twi_tx_start_transfer                  0x0001ed4c   Section        0  main.o(i.twi_tx_start_transfer)
    twi_tx_start_transfer                    0x0001ed4d   Thumb Code   152  main.o(i.twi_tx_start_transfer)
    i.twi_xfer                               0x0001ede8   Section        0  main.o(i.twi_xfer)
    twi_xfer                                 0x0001ede9   Thumb Code   140  main.o(i.twi_xfer)
    i.tx_byte                                0x0001ee74   Section        0  nrf_drv_uart.o(i.tx_byte)
    tx_byte                                  0x0001ee75   Thumb Code    30  nrf_drv_uart.o(i.tx_byte)
    i.tx_char_add                            0x0001ee92   Section        0  ble_nus.o(i.tx_char_add)
    tx_char_add                              0x0001ee93   Thumb Code   128  ble_nus.o(i.tx_char_add)
    i.tx_done_event                          0x0001ef12   Section        0  nrf_drv_uart.o(i.tx_done_event)
    tx_done_event                            0x0001ef13   Thumb Code    24  nrf_drv_uart.o(i.tx_done_event)
    i.uart_event_handle                      0x0001ef2c   Section        0  main.o(i.uart_event_handle)
    i.uart_event_handler                     0x0001ef8c   Section        0  app_uart_fifo.o(i.uart_event_handler)
    uart_event_handler                       0x0001ef8d   Thumb Code   158  app_uart_fifo.o(i.uart_event_handler)
    i.uart_irq_handler                       0x0001f034   Section        0  nrf_drv_uart.o(i.uart_irq_handler)
    uart_irq_handler                         0x0001f035   Thumb Code   296  nrf_drv_uart.o(i.uart_irq_handler)
    i.uint16_encode                          0x0001f15c   Section        0  ble_advdata.o(i.uint16_encode)
    uint16_encode                            0x0001f15d   Thumb Code    10  ble_advdata.o(i.uint16_encode)
    i.update_timeout_handler                 0x0001f168   Section        0  ble_conn_params.o(i.update_timeout_handler)
    update_timeout_handler                   0x0001f169   Thumb Code    86  ble_conn_params.o(i.update_timeout_handler)
    i.user_op_alloc                          0x0001f1cc   Section        0  app_timer.o(i.user_op_alloc)
    user_op_alloc                            0x0001f1cd   Thumb Code    40  app_timer.o(i.user_op_alloc)
    i.uuid_list_encode                       0x0001f1f8   Section        0  ble_advdata.o(i.uuid_list_encode)
    uuid_list_encode                         0x0001f1f9   Thumb Code    48  ble_advdata.o(i.uuid_list_encode)
    i.uuid_list_sized_encode                 0x0001f228   Section        0  ble_advdata.o(i.uuid_list_sized_encode)
    uuid_list_sized_encode                   0x0001f229   Thumb Code   174  ble_advdata.o(i.uuid_list_sized_encode)
    i.whitelist_has_entries                  0x0001f2d8   Section        0  ble_advertising.o(i.whitelist_has_entries)
    whitelist_has_entries                    0x0001f2d9   Thumb Code    18  ble_advertising.o(i.whitelist_has_entries)
    .constdata                               0x0001f2f0   Section       72  main.o(.constdata)
    m_twi_mpu_6050                           0x0001f2f4   Data           8  main.o(.constdata)
    .constdata                               0x0001f338   Section        8  boards.o(.constdata)
    m_board_led_list                         0x0001f338   Data           4  boards.o(.constdata)
    m_board_btn_list                         0x0001f33c   Data           4  boards.o(.constdata)
    .constdata                               0x0001f340   Section       44  bsp.o(.constdata)
    m_leds_timer_id                          0x0001f340   Data           4  bsp.o(.constdata)
    m_alert_timer_id                         0x0001f344   Data           4  bsp.o(.constdata)
    m_button_timer_id                        0x0001f348   Data           4  bsp.o(.constdata)
    app_buttons                              0x0001f34c   Data          32  bsp.o(.constdata)
    .constdata                               0x0001f36c   Section        4  ble_conn_params.o(.constdata)
    m_conn_params_timer_id                   0x0001f36c   Data           4  ble_conn_params.o(.constdata)
    .constdata                               0x0001f370   Section       16  ble_nus.o(.constdata)
    .constdata                               0x0001f380   Section        4  nrf_drv_gpiote.o(.constdata)
    .constdata                               0x0001f384   Section        8  app_button.o(.constdata)
    m_detection_delay_timer_id               0x0001f384   Data           4  app_button.o(.constdata)
    .constdata                               0x0001f38c   Section       32  app_uart_fifo.o(.constdata)
    .data                                    0x20001fe8   Section       96  main.o(.data)
    index                                    0x20001fe8   Data           1  main.o(.data)
    m_conn_handle                            0x20001fea   Data           2  main.o(.data)
    m_adv_uuids                              0x20001ff8   Data           4  main.o(.data)
    .data                                    0x20002048   Section       20  bsp.o(.data)
    m_stable_state                           0x20002048   Data           1  bsp.o(.data)
    m_leds_clear                             0x20002049   Data           1  bsp.o(.data)
    current_long_push_pin_no                 0x2000204a   Data           1  bsp.o(.data)
    m_app_ticks_per_100ms                    0x2000204c   Data           4  bsp.o(.data)
    m_indication_type                        0x20002050   Data           4  bsp.o(.data)
    m_registered_callback                    0x20002054   Data           4  bsp.o(.data)
    release_event_at_push                    0x20002058   Data           4  bsp.o(.data)
    .data                                    0x2000205c   Section        8  bsp_btn_ble.o(.data)
    m_error_handler                          0x2000205c   Data           4  bsp_btn_ble.o(.data)
    m_num_connections                        0x20002060   Data           4  bsp_btn_ble.o(.data)
    .data                                    0x20002064   Section       48  ble_advertising.o(.data)
    m_initialized                            0x20002064   Data           1  ble_advertising.o(.data)
    m_advertising_start_pending              0x20002065   Data           1  ble_advertising.o(.data)
    m_adv_evt                                0x20002066   Data           1  ble_advertising.o(.data)
    m_adv_mode_current                       0x20002067   Data           1  ble_advertising.o(.data)
    m_peer_addr_reply_expected               0x20002068   Data           1  ble_advertising.o(.data)
    m_whitelist_temporarily_disabled         0x20002069   Data           1  ble_advertising.o(.data)
    m_whitelist_reply_expected               0x2000206a   Data           1  ble_advertising.o(.data)
    m_current_slave_link_conn_handle         0x2000206c   Data           2  ble_advertising.o(.data)
    m_slave_conn_int                         0x2000206e   Data           4  ble_advertising.o(.data)
    m_evt_handler                            0x20002074   Data           4  ble_advertising.o(.data)
    m_error_handler                          0x20002078   Data           4  ble_advertising.o(.data)
    m_peer_address                           0x2000207c   Data           7  ble_advertising.o(.data)
    m_whitelist                              0x20002084   Data          16  ble_advertising.o(.data)
    .data                                    0x20002094   Section       20  ble_conn_params.o(.data)
    m_change_param                           0x20002094   Data           1  ble_conn_params.o(.data)
    m_update_count                           0x20002095   Data           1  ble_conn_params.o(.data)
    m_conn_handle                            0x20002096   Data           2  ble_conn_params.o(.data)
    m_preferred_conn_params                  0x20002098   Data           8  ble_conn_params.o(.data)
    m_current_conn_params                    0x200020a0   Data           8  ble_conn_params.o(.data)
    .data                                    0x200020a8   Section       20  app_button.o(.data)
    m_button_count                           0x200020a8   Data           1  app_button.o(.data)
    mp_buttons                               0x200020ac   Data           4  app_button.o(.data)
    m_detection_delay                        0x200020b0   Data           4  app_button.o(.data)
    m_pin_state                              0x200020b4   Data           4  app_button.o(.data)
    m_pin_transition                         0x200020b8   Data           4  app_button.o(.data)
    .data                                    0x200020bc   Section       32  app_timer.o(.data)
    m_ticks_elapsed_q_read_ind               0x200020bc   Data           1  app_timer.o(.data)
    m_ticks_elapsed_q_write_ind              0x200020bd   Data           1  app_timer.o(.data)
    m_rtc1_running                           0x200020be   Data           1  app_timer.o(.data)
    m_rtc1_reset                             0x200020bf   Data           1  app_timer.o(.data)
    mp_timer_id_head                         0x200020c0   Data           4  app_timer.o(.data)
    m_ticks_latest                           0x200020c4   Data           4  app_timer.o(.data)
    m_evt_schedule_func                      0x200020c8   Data           4  app_timer.o(.data)
    m_op_queue                               0x200020cc   Data           8  app_timer.o(.data)
    m_ticks_elapsed                          0x200020d4   Data           8  app_timer.o(.data)
    .data                                    0x200020dc   Section       16  app_uart_fifo.o(.data)
    tx_buffer                                0x200020dc   Data           1  app_uart_fifo.o(.data)
    rx_buffer                                0x200020dd   Data           1  app_uart_fifo.o(.data)
    m_rx_ovf                                 0x200020de   Data           1  app_uart_fifo.o(.data)
    m_event_handler                          0x200020e0   Data           4  app_uart_fifo.o(.data)
    app_uart_inst                            0x200020e4   Data           8  app_uart_fifo.o(.data)
    .data                                    0x200020ec   Section       12  app_util_platform.o(.data)
    m_in_critical_region                     0x200020ec   Data           4  app_util_platform.o(.data)
    .data                                    0x200020f8   Section        4  retarget.o(.data)
    .data                                    0x200020fc   Section       20  softdevice_handler.o(.data)
    m_softdevice_enabled                     0x200020fc   Data           1  softdevice_handler.o(.data)
    m_suspended                              0x200020fd   Data           1  softdevice_handler.o(.data)
    m_ble_evt_buffer_size                    0x200020fe   Data           2  softdevice_handler.o(.data)
    m_evt_schedule_func                      0x20002100   Data           4  softdevice_handler.o(.data)
    mp_ble_evt_buffer                        0x20002104   Data           4  softdevice_handler.o(.data)
    m_ble_evt_handler                        0x20002108   Data           4  softdevice_handler.o(.data)
    m_sys_evt_handler                        0x2000210c   Data           4  softdevice_handler.o(.data)
    .data                                    0x20002110   Section        4  system_nrf51.o(.data)
    __tagsym$$used                           0x20002110   Number         0  system_nrf51.o(.data)
    .data                                    0x20002114   Section        4  mvars.o(.data)
    .data                                    0x20002118   Section        4  mvars.o(.data)
    .bss                                     0x2000211c   Section      792  main.o(.bss)
    BLE_EVT_BUFFER                           0x2000211c   Data          72  main.o(.bss)
    data_array                               0x20002164   Data          20  main.o(.bss)
    rx_buf                                   0x20002178   Data         256  main.o(.bss)
    tx_buf                                   0x20002278   Data         256  main.o(.bss)
    APP_TIMER_BUF                            0x20002378   Data         120  main.o(.bss)
    m_cb                                     0x200023f0   Data          40  main.o(.bss)
    m_nus                                    0x20002418   Data          28  main.o(.bss)
    .bss                                     0x20002434   Section       32  bsp.o(.bss)
    m_leds_timer_id_data                     0x20002434   Data          32  bsp.o(.bss)
    .bss                                     0x20002454   Section       32  bsp.o(.bss)
    m_alert_timer_id_data                    0x20002454   Data          32  bsp.o(.bss)
    .bss                                     0x20002474   Section       12  bsp.o(.bss)
    m_events_list                            0x20002474   Data          12  bsp.o(.bss)
    .bss                                     0x20002480   Section       32  bsp.o(.bss)
    m_button_timer_id_data                   0x20002480   Data          32  bsp.o(.bss)
    .bss                                     0x200024a0   Section      363  ble_advertising.o(.bss)
    m_adv_modes_config                       0x200024a0   Data          32  ble_advertising.o(.bss)
    m_advdata                                0x200024c0   Data          60  ble_advertising.o(.bss)
    m_manuf_specific_data                    0x200024fc   Data          12  ble_advertising.o(.bss)
    m_manuf_data_array                       0x20002508   Data          31  ble_advertising.o(.bss)
    m_service_data                           0x20002528   Data          12  ble_advertising.o(.bss)
    m_service_data_array                     0x20002534   Data          31  ble_advertising.o(.bss)
    m_whitelist_addrs                        0x20002553   Data          56  ble_advertising.o(.bss)
    m_whitelist_irks                         0x2000258b   Data         128  ble_advertising.o(.bss)
    .bss                                     0x2000260c   Section       32  ble_advertising.o(.bss)
    m_p_whitelist_addrs                      0x2000260c   Data          32  ble_advertising.o(.bss)
    .bss                                     0x2000262c   Section       32  ble_advertising.o(.bss)
    m_p_whitelist_irks                       0x2000262c   Data          32  ble_advertising.o(.bss)
    .bss                                     0x2000264c   Section       32  ble_conn_params.o(.bss)
    m_conn_params_timer_id_data              0x2000264c   Data          32  ble_conn_params.o(.bss)
    .bss                                     0x2000266c   Section       28  ble_conn_params.o(.bss)
    m_conn_params_config                     0x2000266c   Data          28  ble_conn_params.o(.bss)
    .bss                                     0x20002688   Section       20  nrf_drv_clock.o(.bss)
    m_clock_cb                               0x20002688   Data          20  nrf_drv_clock.o(.bss)
    .bss                                     0x2000269c   Section       72  nrf_drv_gpiote.o(.bss)
    m_cb                                     0x2000269c   Data          72  nrf_drv_gpiote.o(.bss)
    .bss                                     0x200026e4   Section       28  nrf_drv_uart.o(.bss)
    m_cb                                     0x200026e4   Data          28  nrf_drv_uart.o(.bss)
    .bss                                     0x20002700   Section       32  app_button.o(.bss)
    m_detection_delay_timer_id_data          0x20002700   Data          32  app_button.o(.bss)
    .bss                                     0x20002720   Section       32  app_uart_fifo.o(.bss)
    m_rx_fifo                                0x20002720   Data          16  app_uart_fifo.o(.bss)
    m_tx_fifo                                0x20002730   Data          16  app_uart_fifo.o(.bss)
    .bss                                     0x20002740   Section      104  fstorage.o(.bss)
    m_queue                                  0x20002740   Data         104  fstorage.o(.bss)
    HEAP                                     0x200027a8   Section     2048  arm_startup_nrf51.o(HEAP)
    STACK                                    0x20002fa8   Section     2048  arm_startup_nrf51.o(STACK)

    Global Symbols

    Symbol Name                              Value     Ov Type        Size  Object(Section)

    BuildAttributes$$THM_ISAv3M$S$PE$A:L22$X:L11$S22$IEEE1$IW$USESV6$~STKCKD$USESV7$~SHL$OSPACE$ROPI$EBA8$MICROLIB$REQ8$PRES8$EABIv2 0x00000000   Number         0  anon$$obj.o ABSOLUTE
    __ARM_use_no_argv                        0x00000000   Number         0  main.o ABSOLUTE
    _printf_a                                0x00000000   Number         0  stubs.o ABSOLUTE
    _printf_c                                0x00000000   Number         0  stubs.o ABSOLUTE
    _printf_charcount                        0x00000000   Number         0  stubs.o ABSOLUTE
    _printf_d                                0x00000000   Number         0  stubs.o ABSOLUTE
    _printf_e                                0x00000000   Number         0  stubs.o ABSOLUTE
    _printf_f                                0x00000000   Number         0  stubs.o ABSOLUTE
    _printf_flags                            0x00000000   Number         0  stubs.o ABSOLUTE
    _printf_fp_dec                           0x00000000   Number         0  stubs.o ABSOLUTE
    _printf_fp_hex                           0x00000000   Number         0  stubs.o ABSOLUTE
    _printf_g                                0x00000000   Number         0  stubs.o ABSOLUTE
    _printf_i                                0x00000000   Number         0  stubs.o ABSOLUTE
    _printf_int_dec                          0x00000000   Number         0  stubs.o ABSOLUTE
    _printf_l                                0x00000000   Number         0  stubs.o ABSOLUTE
    _printf_lc                               0x00000000   Number         0  stubs.o ABSOLUTE
    _printf_ll                               0x00000000   Number         0  stubs.o ABSOLUTE
    _printf_lld                              0x00000000   Number         0  stubs.o ABSOLUTE
    _printf_lli                              0x00000000   Number         0  stubs.o ABSOLUTE
    _printf_llo                              0x00000000   Number         0  stubs.o ABSOLUTE
    _printf_llu                              0x00000000   Number         0  stubs.o ABSOLUTE
    _printf_llx                              0x00000000   Number         0  stubs.o ABSOLUTE
    _printf_longlong_dec                     0x00000000   Number         0  stubs.o ABSOLUTE
    _printf_longlong_hex                     0x00000000   Number         0  stubs.o ABSOLUTE
    _printf_longlong_oct                     0x00000000   Number         0  stubs.o ABSOLUTE
    _printf_ls                               0x00000000   Number         0  stubs.o ABSOLUTE
    _printf_mbtowc                           0x00000000   Number         0  stubs.o ABSOLUTE
    _printf_n                                0x00000000   Number         0  stubs.o ABSOLUTE
    _printf_o                                0x00000000   Number         0  stubs.o ABSOLUTE
    _printf_p                                0x00000000   Number         0  stubs.o ABSOLUTE
    _printf_percent                          0x00000000   Number         0  stubs.o ABSOLUTE
    _printf_pre_padding                      0x00000000   Number         0  stubs.o ABSOLUTE
    _printf_return_value                     0x00000000   Number         0  stubs.o ABSOLUTE
    _printf_s                                0x00000000   Number         0  stubs.o ABSOLUTE
    _printf_sizespec                         0x00000000   Number         0  stubs.o ABSOLUTE
    _printf_str                              0x00000000   Number         0  stubs.o ABSOLUTE
    _printf_truncate_signed                  0x00000000   Number         0  stubs.o ABSOLUTE
    _printf_truncate_unsigned                0x00000000   Number         0  stubs.o ABSOLUTE
    _printf_u                                0x00000000   Number         0  stubs.o ABSOLUTE
    _printf_wc                               0x00000000   Number         0  stubs.o ABSOLUTE
    _printf_wctomb                           0x00000000   Number         0  stubs.o ABSOLUTE
    _printf_widthprec                        0x00000000   Number         0  stubs.o ABSOLUTE
    _printf_x                                0x00000000   Number         0  stubs.o ABSOLUTE
    __cpp_initialize__aeabi_                  - Undefined Weak Reference
    __cxa_finalize                            - Undefined Weak Reference
    _clock_init                               - Undefined Weak Reference
    _microlib_exit                            - Undefined Weak Reference
    fs_data$$Base                             - Undefined Reference
    fs_data$$Limit                            - Undefined Reference
    __Vectors_Size                           0x000000c0   Number         0  arm_startup_nrf51.o ABSOLUTE
    __Vectors                                0x0001b000   Data           4  arm_startup_nrf51.o(RESET)
    __Vectors_End                            0x0001b0c0   Data           0  arm_startup_nrf51.o(RESET)
    __main                                   0x0001b0c1   Thumb Code     0  entry.o(.ARM.Collect$$$$00000000)
    _main_stk                                0x0001b0c1   Thumb Code     0  entry2.o(.ARM.Collect$$$$00000001)
    _main_scatterload                        0x0001b0c5   Thumb Code     0  entry5.o(.ARM.Collect$$$$00000004)
    __main_after_scatterload                 0x0001b0c9   Thumb Code     0  entry5.o(.ARM.Collect$$$$00000004)
    _main_clock                              0x0001b0c9   Thumb Code     0  entry7b.o(.ARM.Collect$$$$00000008)
    _main_cpp_init                           0x0001b0c9   Thumb Code     0  entry8b.o(.ARM.Collect$$$$0000000A)
    _main_init                               0x0001b0c9   Thumb Code     0  entry9a.o(.ARM.Collect$$$$0000000B)
    __rt_final_cpp                           0x0001b0d1   Thumb Code     0  entry10a.o(.ARM.Collect$$$$0000000D)
    __rt_final_exit                          0x0001b0d1   Thumb Code     0  entry11a.o(.ARM.Collect$$$$0000000F)
    Reset_Handler                            0x0001b0d5   Thumb Code    26  arm_startup_nrf51.o(.text)
    NMI_Handler                              0x0001b0ef   Thumb Code     2  arm_startup_nrf51.o(.text)
    HardFault_Handler                        0x0001b0f1   Thumb Code     2  arm_startup_nrf51.o(.text)
    SVC_Handler                              0x0001b0f3   Thumb Code     2  arm_startup_nrf51.o(.text)
    PendSV_Handler                           0x0001b0f5   Thumb Code     2  arm_startup_nrf51.o(.text)
    SysTick_Handler                          0x0001b0f7   Thumb Code     2  arm_startup_nrf51.o(.text)
    CCM_AAR_IRQHandler                       0x0001b0f9   Thumb Code     0  arm_startup_nrf51.o(.text)
    ECB_IRQHandler                           0x0001b0f9   Thumb Code     0  arm_startup_nrf51.o(.text)
    LPCOMP_IRQHandler                        0x0001b0f9   Thumb Code     0  arm_startup_nrf51.o(.text)
    QDEC_IRQHandler                          0x0001b0f9   Thumb Code     0  arm_startup_nrf51.o(.text)
    RADIO_IRQHandler                         0x0001b0f9   Thumb Code     0  arm_startup_nrf51.o(.text)
    RNG_IRQHandler                           0x0001b0f9   Thumb Code     0  arm_startup_nrf51.o(.text)
    RTC0_IRQHandler                          0x0001b0f9   Thumb Code     0  arm_startup_nrf51.o(.text)
    SPI1_TWI1_IRQHandler                     0x0001b0f9   Thumb Code     0  arm_startup_nrf51.o(.text)
    SWI1_IRQHandler                          0x0001b0f9   Thumb Code     0  arm_startup_nrf51.o(.text)
    SWI3_IRQHandler                          0x0001b0f9   Thumb Code     0  arm_startup_nrf51.o(.text)
    SWI4_IRQHandler                          0x0001b0f9   Thumb Code     0  arm_startup_nrf51.o(.text)
    SWI5_IRQHandler                          0x0001b0f9   Thumb Code     0  arm_startup_nrf51.o(.text)
    TEMP_IRQHandler                          0x0001b0f9   Thumb Code     0  arm_startup_nrf51.o(.text)
    TIMER0_IRQHandler                        0x0001b0f9   Thumb Code     0  arm_startup_nrf51.o(.text)
    TIMER1_IRQHandler                        0x0001b0f9   Thumb Code     0  arm_startup_nrf51.o(.text)
    WDT_IRQHandler                           0x0001b0f9   Thumb Code     0  arm_startup_nrf51.o(.text)
    __aeabi_uidiv                            0x0001b10d   Thumb Code     0  uidiv.o(.text)
    __aeabi_uidivmod                         0x0001b10d   Thumb Code    44  uidiv.o(.text)
    __aeabi_idiv                             0x0001b139   Thumb Code     0  idiv.o(.text)
    __aeabi_idivmod                          0x0001b139   Thumb Code    40  idiv.o(.text)
    __aeabi_memcpy                           0x0001b161   Thumb Code    36  memcpya.o(.text)
    __aeabi_memcpy4                          0x0001b161   Thumb Code     0  memcpya.o(.text)
    __aeabi_memcpy8                          0x0001b161   Thumb Code     0  memcpya.o(.text)
    __aeabi_memset                           0x0001b185   Thumb Code    14  memseta.o(.text)
    __aeabi_memset4                          0x0001b185   Thumb Code     0  memseta.o(.text)
    __aeabi_memset8                          0x0001b185   Thumb Code     0  memseta.o(.text)
    __aeabi_memclr                           0x0001b193   Thumb Code     4  memseta.o(.text)
    __aeabi_memclr4                          0x0001b193   Thumb Code     0  memseta.o(.text)
    __aeabi_memclr8                          0x0001b193   Thumb Code     0  memseta.o(.text)
    _memset$wrapper                          0x0001b197   Thumb Code    18  memseta.o(.text)
    strlen                                   0x0001b1a9   Thumb Code    14  strlen.o(.text)
    __aeabi_uldivmod                         0x0001b1b7   Thumb Code    96  uldiv.o(.text)
    __aeabi_llsl                             0x0001b217   Thumb Code    32  llshl.o(.text)
    _ll_shift_l                              0x0001b217   Thumb Code     0  llshl.o(.text)
    __scatterload                            0x0001b239   Thumb Code    28  init.o(.text)
    __scatterload_rt2                        0x0001b239   Thumb Code     0  init.o(.text)
    __aeabi_llsr                             0x0001b25d   Thumb Code    34  llushr.o(.text)
    _ll_ushift_r                             0x0001b25d   Thumb Code     0  llushr.o(.text)
    __decompress                             0x0001b27f   Thumb Code     0  __dczerorl.o(.text)
    __decompress0                            0x0001b27f   Thumb Code    58  __dczerorl.o(.text)
    ADC_IRQHandler                           0x0001b2b9   Thumb Code    22  main.o(i.ADC_IRQHandler)
    GPIOTE_IRQHandler                        0x0001b2e1   Thumb Code   364  nrf_drv_gpiote.o(i.GPIOTE_IRQHandler)
    POWER_CLOCK_IRQHandler                   0x0001b49d   Thumb Code    70  nrf_drv_clock.o(i.POWER_CLOCK_IRQHandler)
    RTC1_IRQHandler                          0x0001b4f1   Thumb Code    28  app_timer.o(i.RTC1_IRQHandler)
    SPI0_TWI0_IRQHandler                     0x0001b511   Thumb Code    12  main.o(i.SPI0_TWI0_IRQHandler)
    SWI0_IRQHandler                          0x0001b525   Thumb Code     8  app_timer.o(i.SWI0_IRQHandler)
    SWI2_IRQHandler                          0x0001b52d   Thumb Code    28  softdevice_handler.o(i.SWI2_IRQHandler)
    SystemInit                               0x0001b54d   Thumb Code   130  system_nrf51.o(i.SystemInit)
    TIMER2_IRQHandler                        0x0001b5ed   Thumb Code   178  main.o(i.TIMER2_IRQHandler)
    UART0_IRQHandler                         0x0001b6e1   Thumb Code    12  nrf_drv_uart.o(i.UART0_IRQHandler)
    __0printf$5                              0x0001b6f5   Thumb Code    24  printf5.o(i.__0printf$5)
    __1printf$5                              0x0001b6f5   Thumb Code     0  printf5.o(i.__0printf$5)
    __2printf                                0x0001b6f5   Thumb Code     0  printf5.o(i.__0printf$5)
    __0sprintf$5                             0x0001b715   Thumb Code    36  printf5.o(i.__0sprintf$5)
    __1sprintf$5                             0x0001b715   Thumb Code     0  printf5.o(i.__0sprintf$5)
    __2sprintf                               0x0001b715   Thumb Code     0  printf5.o(i.__0sprintf$5)
    __ARM_common_switch8                     0x0001b73d   Thumb Code    26  bsp.o(i.__ARM_common_switch8)
    __scatterload_copy                       0x0001b757   Thumb Code    14  handlers.o(i.__scatterload_copy)
    __scatterload_null                       0x0001b765   Thumb Code     2  handlers.o(i.__scatterload_null)
    __scatterload_zeroinit                   0x0001b767   Thumb Code    14  handlers.o(i.__scatterload_zeroinit)
    adc_config                               0x0001ba79   Thumb Code    46  main.o(i.adc_config)
    adv_data_encode                          0x0001bab9   Thumb Code   398  ble_advdata.o(i.adv_data_encode)
    app_button_enable                        0x0001bcf9   Thumb Code    32  app_button.o(i.app_button_enable)
    app_button_init                          0x0001bd1d   Thumb Code   100  app_button.o(i.app_button_init)
    app_error_fault_handler                  0x0001bd91   Thumb Code    18  app_error_weak.o(i.app_error_fault_handler)
    app_error_handler_bare                   0x0001bdad   Thumb Code    20  app_error.o(i.app_error_handler_bare)
    app_fifo_get                             0x0001bdc5   Thumb Code    22  app_fifo.o(i.app_fifo_get)
    app_fifo_init                            0x0001bddb   Thumb Code    36  app_fifo.o(i.app_fifo_init)
    app_fifo_put                             0x0001bdff   Thumb Code    26  app_fifo.o(i.app_fifo_put)
    app_timer_create                         0x0001be19   Thumb Code    44  app_timer.o(i.app_timer_create)
    app_timer_init                           0x0001be49   Thumb Code    98  app_timer.o(i.app_timer_init)
    app_timer_start                          0x0001bebd   Thumb Code   128  app_timer.o(i.app_timer_start)
    app_timer_stop                           0x0001bf45   Thumb Code    36  app_timer.o(i.app_timer_stop)
    app_uart_get                             0x0001bf6d   Thumb Code    46  app_uart_fifo.o(i.app_uart_get)
    app_uart_init                            0x0001bfa5   Thumb Code   160  app_uart_fifo.o(i.app_uart_init)
    app_uart_put                             0x0001c055   Thumb Code    56  app_uart_fifo.o(i.app_uart_put)
    app_util_critical_region_enter           0x0001c095   Thumb Code    48  app_util_platform.o(i.app_util_critical_region_enter)
    app_util_critical_region_exit            0x0001c0d1   Thumb Code    36  app_util_platform.o(i.app_util_critical_region_exit)
    ble_advdata_set                          0x0001c181   Thumb Code   104  ble_advdata.o(i.ble_advdata_set)
    ble_advertising_init                     0x0001c1e9   Thumb Code   340  ble_advertising.o(i.ble_advertising_init)
    ble_advertising_on_ble_evt               0x0001c345   Thumb Code    82  ble_advertising.o(i.ble_advertising_on_ble_evt)
    ble_advertising_restart_without_whitelist 0x0001c39d   Thumb Code    50  ble_advertising.o(i.ble_advertising_restart_without_whitelist)
    ble_advertising_start                    0x0001c3d9   Thumb Code   256  ble_advertising.o(i.ble_advertising_start)
    ble_conn_params_init                     0x0001c4e1   Thumb Code    68  ble_conn_params.o(i.ble_conn_params_init)
    ble_conn_params_on_ble_evt               0x0001c535   Thumb Code   130  ble_conn_params.o(i.ble_conn_params_on_ble_evt)
    ble_nus_init                             0x0001c64d   Thumb Code    98  ble_nus.o(i.ble_nus_init)
    ble_nus_on_ble_evt                       0x0001c6b5   Thumb Code    92  ble_nus.o(i.ble_nus_on_ble_evt)
    ble_nus_string_send                      0x0001c711   Thumb Code    78  ble_nus.o(i.ble_nus_string_send)
    ble_srv_is_notification_enabled          0x0001c765   Thumb Code    14  ble_srv_common.o(i.ble_srv_is_notification_enabled)
    bsp_board_button_idx_to_pin              0x0001c775   Thumb Code     6  boards.o(i.bsp_board_button_idx_to_pin)
    bsp_board_button_state_get               0x0001c781   Thumb Code    24  boards.o(i.bsp_board_button_state_get)
    bsp_board_led_invert                     0x0001c7a1   Thumb Code    24  boards.o(i.bsp_board_led_invert)
    bsp_board_led_off                        0x0001c7c1   Thumb Code    14  boards.o(i.bsp_board_led_off)
    bsp_board_led_on                         0x0001c7d5   Thumb Code    14  boards.o(i.bsp_board_led_on)
    bsp_board_led_state_get                  0x0001c7e9   Thumb Code    24  boards.o(i.bsp_board_led_state_get)
    bsp_board_leds_init                      0x0001c809   Thumb Code    36  boards.o(i.bsp_board_leds_init)
    bsp_board_leds_off                       0x0001c831   Thumb Code    18  boards.o(i.bsp_board_leds_off)
    bsp_board_leds_on                        0x0001c843   Thumb Code    18  boards.o(i.bsp_board_leds_on)
    bsp_board_pin_to_button_idx              0x0001c855   Thumb Code    30  boards.o(i.bsp_board_pin_to_button_idx)
    bsp_btn_ble_init                         0x0001c879   Thumb Code    58  bsp_btn_ble.o(i.bsp_btn_ble_init)
    bsp_btn_ble_on_ble_evt                   0x0001c8b9   Thumb Code   114  bsp_btn_ble.o(i.bsp_btn_ble_on_ble_evt)
    bsp_btn_ble_sleep_mode_prepare           0x0001c931   Thumb Code    34  bsp_btn_ble.o(i.bsp_btn_ble_sleep_mode_prepare)
    bsp_button_is_pressed                    0x0001c9e9   Thumb Code     8  bsp.o(i.bsp_button_is_pressed)
    bsp_event_handler                        0x0001c9f1   Thumb Code    58  main.o(i.bsp_event_handler)
    bsp_event_to_button_action_assign        0x0001ca35   Thumb Code    66  bsp.o(i.bsp_event_to_button_action_assign)
    bsp_indication_set                       0x0001ca7d   Thumb Code    22  bsp.o(i.bsp_indication_set)
    bsp_init                                 0x0001ca99   Thumb Code   132  bsp.o(i.bsp_init)
    bsp_wakeup_button_enable                 0x0001ccb1   Thumb Code    16  bsp.o(i.bsp_wakeup_button_enable)
    calibration                              0x0001cccd   Thumb Code   312  main.o(i.calibration)
    fputc                                    0x0001d14f   Thumb Code    14  retarget.o(i.fputc)
    free                                     0x0001d15d   Thumb Code    80  malloc.o(i.free)
    fs_queued_op_count_get                   0x0001d1b1   Thumb Code    18  fstorage.o(i.fs_queued_op_count_get)
    intern_softdevice_events_execute         0x0001d219   Thumb Code   122  softdevice_handler.o(i.intern_softdevice_events_execute)
    main                                     0x0001d529   Thumb Code   586  main.o(i.main)
    malloc                                   0x0001d805   Thumb Code    92  malloc.o(i.malloc)
    mpu_6050_I2C_register_read               0x0001d8d9   Thumb Code    44  main.o(i.mpu_6050_I2C_register_read)
    mpu_6050_I2C_register_write              0x0001d909   Thumb Code    70  main.o(i.mpu_6050_I2C_register_write)
    mpu_6050_get_device_id                   0x0001d955   Thumb Code    30  main.o(i.mpu_6050_get_device_id)
    mpu_6050_init                            0x0001d973   Thumb Code    26  main.o(i.mpu_6050_init)
    mpu_6050_read_acc                        0x0001d98d   Thumb Code    52  main.o(i.mpu_6050_read_acc)
    mpu_6050_read_gyro                       0x0001d9c1   Thumb Code    52  main.o(i.mpu_6050_read_gyro)
    nrf_adc_configure                        0x0001da95   Thumb Code    60  main.o(i.nrf_adc_configure)
    nrf_drv_clock_init                       0x0001db75   Thumb Code    60  nrf_drv_clock.o(i.nrf_drv_clock_init)
    nrf_drv_clock_on_sd_enable               0x0001dbbd   Thumb Code    46  nrf_drv_clock.o(i.nrf_drv_clock_on_sd_enable)
    nrf_drv_clock_on_soc_event               0x0001dbf1   Thumb Code    12  nrf_drv_clock.o(i.nrf_drv_clock_on_soc_event)
    nrf_drv_common_irq_enable                0x0001dbfd   Thumb Code    78  nrf_drv_common.o(i.nrf_drv_common_irq_enable)
    nrf_drv_gpiote_in_event_enable           0x0001dc5d   Thumb Code   136  nrf_drv_gpiote.o(i.nrf_drv_gpiote_in_event_enable)
    nrf_drv_gpiote_in_init                   0x0001dcf5   Thumb Code   154  nrf_drv_gpiote.o(i.nrf_drv_gpiote_in_init)
    nrf_drv_gpiote_in_is_set                 0x0001dd9d   Thumb Code    16  nrf_drv_gpiote.o(i.nrf_drv_gpiote_in_is_set)
    nrf_drv_gpiote_init                      0x0001ddb1   Thumb Code    84  nrf_drv_gpiote.o(i.nrf_drv_gpiote_init)
    nrf_drv_gpiote_is_init                   0x0001de0d   Thumb Code    12  nrf_drv_gpiote.o(i.nrf_drv_gpiote_is_init)
    nrf_drv_twi_enable                       0x0001de1d   Thumb Code    28  main.o(i.nrf_drv_twi_enable)
    nrf_drv_twi_init                         0x0001de3d   Thumb Code   124  main.o(i.nrf_drv_twi_init)
    nrf_drv_twi_rx                           0x0001dec5   Thumb Code    30  main.o(i.nrf_drv_twi_rx)
    nrf_drv_twi_tx                           0x0001dee9   Thumb Code    36  main.o(i.nrf_drv_twi_tx)
    nrf_drv_twi_xfer                         0x0001df0d   Thumb Code    36  main.o(i.nrf_drv_twi_xfer)
    nrf_drv_uart_init                        0x0001df35   Thumb Code   118  nrf_drv_uart.o(i.nrf_drv_uart_init)
    nrf_drv_uart_rx                          0x0001dfb5   Thumb Code    86  nrf_drv_uart.o(i.nrf_drv_uart_rx)
    nrf_drv_uart_rx_enable                   0x0001e011   Thumb Code    40  nrf_drv_uart.o(i.nrf_drv_uart_rx_enable)
    nrf_drv_uart_tx                          0x0001e0e5   Thumb Code    46  nrf_drv_uart.o(i.nrf_drv_uart_tx)
    nrf_drv_uart_tx_in_progress              0x0001e1a5   Thumb Code    20  nrf_drv_uart.o(i.nrf_drv_uart_tx_in_progress)
    softdevice_ble_evt_handler_set           0x0001e7ed   Thumb Code    16  softdevice_handler.o(i.softdevice_ble_evt_handler_set)
    softdevice_enable                        0x0001e801   Thumb Code    14  softdevice_handler.o(i.softdevice_enable)
    softdevice_enable_get_default_config     0x0001e815   Thumb Code    40  softdevice_handler.o(i.softdevice_enable_get_default_config)
    softdevice_fault_handler                 0x0001e83d   Thumb Code     8  softdevice_handler.o(i.softdevice_fault_handler)
    softdevice_handler_init                  0x0001e845   Thumb Code    74  softdevice_handler.o(i.softdevice_handler_init)
    softdevice_handler_is_enabled            0x0001e89d   Thumb Code     6  softdevice_handler.o(i.softdevice_handler_is_enabled)
    start_timer2                             0x0001e8a9   Thumb Code    54  main.o(i.start_timer2)
    twi_init                                 0x0001eb25   Thumb Code    42  main.o(i.twi_init)
    uart_event_handle                        0x0001ef2d   Thumb Code    84  main.o(i.uart_event_handle)
    Region$$Table$$Base                      0x0001f3ac   Number         0  anon$$obj.o(Region$$Table)
    Region$$Table$$Limit                     0x0001f3cc   Number         0  anon$$obj.o(Region$$Table)
    Image$$RW_IRAM1$$Base                    0x20001fe8   Number         0  anon$$obj.o ABSOLUTE
    x_val                                    0x20001fec   Data           2  main.o(.data)
    y_val                                    0x20001fee   Data           2  main.o(.data)
    z_val                                    0x20001ff0   Data           2  main.o(.data)
    x_gyro                                   0x20001ff2   Data           2  main.o(.data)
    y_gyro                                   0x20001ff4   Data           2  main.o(.data)
    z_gyro                                   0x20001ff6   Data           2  main.o(.data)
    buffersize                               0x20001ffc   Data           4  main.o(.data)
    acel_deadzone                            0x20002000   Data           4  main.o(.data)
    giro_deadzone                            0x20002004   Data           4  main.o(.data)
    adc_value                                0x20002008   Data           4  main.o(.data)
    mean_ax                                  0x2000200c   Data           4  main.o(.data)
    mean_ay                                  0x20002010   Data           4  main.o(.data)
    mean_az                                  0x20002014   Data           4  main.o(.data)
    mean_gx                                  0x20002018   Data           4  main.o(.data)
    mean_gy                                  0x2000201c   Data           4  main.o(.data)
    mean_gz                                  0x20002020   Data           4  main.o(.data)
    ax_offset                                0x20002024   Data           4  main.o(.data)
    ay_offset                                0x20002028   Data           4  main.o(.data)
    az_offset                                0x2000202c   Data           4  main.o(.data)
    gx_offset                                0x20002030   Data           4  main.o(.data)
    gy_offset                                0x20002034   Data           4  main.o(.data)
    gz_offset                                0x20002038   Data           4  main.o(.data)
    ax_cali                                  0x2000203c   Data           4  main.o(.data)
    ay_cali                                  0x20002040   Data           4  main.o(.data)
    az_cali                                  0x20002044   Data           4  main.o(.data)
    nrf_nvic_state                           0x200020f0   Data           8  app_util_platform.o(.data)
    __stdout                                 0x200020f8   Data           4  retarget.o(.data)
    SystemCoreClock                          0x20002110   Data           4  system_nrf51.o(.data)
    __microlib_freelist                      0x20002114   Data           4  mvars.o(.data)
    __microlib_freelist_initialised          0x20002118   Data           4  mvars.o(.data)
    __heap_base                              0x200027a8   Data           0  arm_startup_nrf51.o(HEAP)
    __heap_limit                             0x20002fa8   Data           0  arm_startup_nrf51.o(HEAP)
    __initial_sp                             0x200037a8   Data           0  arm_startup_nrf51.o(STACK)



==============================================================================

Memory Map of the image

  Image Entry point : 0x0001b0c1

  Load Region LR_IROM1 (Base: 0x0001b000, Size: 0x00004500, Max: 0x00025000, ABSOLUTE, COMPRESSED[0x000043f0])

    Execution Region ER_IROM1 (Exec base: 0x0001b000, Load base: 0x0001b000, Size: 0x000043cc, Max: 0x00025000, ABSOLUTE)

    Exec Addr    Load Addr    Size         Type   Attr      Idx    E Section Name        Object

    0x0001b000   0x0001b000   0x000000c0   Data   RO         2729    RESET               arm_startup_nrf51.o
    0x0001b0c0   0x0001b0c0   0x00000000   Code   RO         2771  * .ARM.Collect$$$$00000000  mc_p.l(entry.o)
    0x0001b0c0   0x0001b0c0   0x00000004   Code   RO         3083    .ARM.Collect$$$$00000001  mc_p.l(entry2.o)
    0x0001b0c4   0x0001b0c4   0x00000004   Code   RO         3086    .ARM.Collect$$$$00000004  mc_p.l(entry5.o)
    0x0001b0c8   0x0001b0c8   0x00000000   Code   RO         3088    .ARM.Collect$$$$00000008  mc_p.l(entry7b.o)
    0x0001b0c8   0x0001b0c8   0x00000000   Code   RO         3090    .ARM.Collect$$$$0000000A  mc_p.l(entry8b.o)
    0x0001b0c8   0x0001b0c8   0x00000008   Code   RO         3091    .ARM.Collect$$$$0000000B  mc_p.l(entry9a.o)
    0x0001b0d0   0x0001b0d0   0x00000000   Code   RO         3093    .ARM.Collect$$$$0000000D  mc_p.l(entry10a.o)
    0x0001b0d0   0x0001b0d0   0x00000000   Code   RO         3095    .ARM.Collect$$$$0000000F  mc_p.l(entry11a.o)
    0x0001b0d0   0x0001b0d0   0x00000004   Code   RO         3084    .ARM.Collect$$$$00002712  mc_p.l(entry2.o)
    0x0001b0d4   0x0001b0d4   0x00000038   Code   RO         2730    .text               arm_startup_nrf51.o
    0x0001b10c   0x0001b10c   0x0000002c   Code   RO         2774    .text               mc_p.l(uidiv.o)
    0x0001b138   0x0001b138   0x00000028   Code   RO         2776    .text               mc_p.l(idiv.o)
    0x0001b160   0x0001b160   0x00000024   Code   RO         2778    .text               mc_p.l(memcpya.o)
    0x0001b184   0x0001b184   0x00000024   Code   RO         2780    .text               mc_p.l(memseta.o)
    0x0001b1a8   0x0001b1a8   0x0000000e   Code   RO         2782    .text               mc_p.l(strlen.o)
    0x0001b1b6   0x0001b1b6   0x00000060   Code   RO         3097    .text               mc_p.l(uldiv.o)
    0x0001b216   0x0001b216   0x00000020   Code   RO         3099    .text               mc_p.l(llshl.o)
    0x0001b236   0x0001b236   0x00000002   PAD
    0x0001b238   0x0001b238   0x00000024   Code   RO         3116    .text               mc_p.l(init.o)
    0x0001b25c   0x0001b25c   0x00000022   Code   RO         3118    .text               mc_p.l(llushr.o)
    0x0001b27e   0x0001b27e   0x0000003a   Code   RO         3128    .text               mc_p.l(__dczerorl.o)
    0x0001b2b8   0x0001b2b8   0x00000028   Code   RO            3    i.ADC_IRQHandler    main.o
    0x0001b2e0   0x0001b2e0   0x00000178   Code   RO         1399    i.GPIOTE_IRQHandler  nrf_drv_gpiote.o
    0x0001b458   0x0001b458   0x00000044   Code   RO         1980    i.NVIC_SetPriority  app_timer.o
    0x0001b49c   0x0001b49c   0x00000054   Code   RO         1196    i.POWER_CLOCK_IRQHandler  nrf_drv_clock.o
    0x0001b4f0   0x0001b4f0   0x00000020   Code   RO         1981    i.RTC1_IRQHandler   app_timer.o
    0x0001b510   0x0001b510   0x00000014   Code   RO            4    i.SPI0_TWI0_IRQHandler  main.o
    0x0001b524   0x0001b524   0x00000008   Code   RO         1982    i.SWI0_IRQHandler   app_timer.o
    0x0001b52c   0x0001b52c   0x00000020   Code   RO         2596    i.SWI2_IRQHandler   softdevice_handler.o
    0x0001b54c   0x0001b54c   0x000000a0   Code   RO         2737    i.SystemInit        system_nrf51.o
    0x0001b5ec   0x0001b5ec   0x000000f4   Code   RO            5    i.TIMER2_IRQHandler  main.o
    0x0001b6e0   0x0001b6e0   0x00000014   Code   RO         1614    i.UART0_IRQHandler  nrf_drv_uart.o
    0x0001b6f4   0x0001b6f4   0x00000020   Code   RO         2921    i.__0printf$5       mc_p.l(printf5.o)
    0x0001b714   0x0001b714   0x00000028   Code   RO         2923    i.__0sprintf$5      mc_p.l(printf5.o)
    0x0001b73c   0x0001b73c   0x0000001a   Code   RO          768    i.__ARM_common_switch8  bsp.o
    0x0001b756   0x0001b756   0x0000000e   Code   RO         3122    i.__scatterload_copy  mc_p.l(handlers.o)
    0x0001b764   0x0001b764   0x00000002   Code   RO         3123    i.__scatterload_null  mc_p.l(handlers.o)
    0x0001b766   0x0001b766   0x0000000e   Code   RO         3124    i.__scatterload_zeroinit  mc_p.l(handlers.o)
    0x0001b774   0x0001b774   0x0000001c   Code   RO         2597    i.__sd_nvic_app_accessible_irq  softdevice_handler.o
    0x0001b790   0x0001b790   0x000002dc   Code   RO         2928    i._printf_core      mc_p.l(printf5.o)
    0x0001ba6c   0x0001ba6c   0x0000000a   Code   RO         2930    i._sputc            mc_p.l(printf5.o)
    0x0001ba76   0x0001ba76   0x00000002   PAD
    0x0001ba78   0x0001ba78   0x00000040   Code   RO            6    i.adc_config        main.o
    0x0001bab8   0x0001bab8   0x0000018e   Code   RO          867    i.adv_data_encode   ble_advdata.o
    0x0001bc46   0x0001bc46   0x00000002   PAD
    0x0001bc48   0x0001bc48   0x00000068   Code   RO          943    i.adv_mode_next_avail_get  ble_advertising.o
    0x0001bcb0   0x0001bcb0   0x0000003c   Code   RO          787    i.advertising_buttons_configure  bsp_btn_ble.o
    0x0001bcec   0x0001bcec   0x0000000a   Code   RO          674    i.alert_timer_handler  bsp.o
    0x0001bcf6   0x0001bcf6   0x00000002   PAD
    0x0001bcf8   0x0001bcf8   0x00000024   Code   RO         1789    i.app_button_enable  app_button.o
    0x0001bd1c   0x0001bd1c   0x00000074   Code   RO         1790    i.app_button_init   app_button.o
    0x0001bd90   0x0001bd90   0x0000001c   Code   RO         1885    i.app_error_fault_handler  app_error_weak.o
    0x0001bdac   0x0001bdac   0x00000018   Code   RO         1847    i.app_error_handler_bare  app_error.o
    0x0001bdc4   0x0001bdc4   0x00000016   Code   RO         1912    i.app_fifo_get      app_fifo.o
    0x0001bdda   0x0001bdda   0x00000024   Code   RO         1913    i.app_fifo_init     app_fifo.o
    0x0001bdfe   0x0001bdfe   0x0000001a   Code   RO         1915    i.app_fifo_put      app_fifo.o
    0x0001be18   0x0001be18   0x00000030   Code   RO         1985    i.app_timer_create  app_timer.o
    0x0001be48   0x0001be48   0x00000074   Code   RO         1986    i.app_timer_init    app_timer.o
    0x0001bebc   0x0001bebc   0x00000088   Code   RO         1987    i.app_timer_start   app_timer.o
    0x0001bf44   0x0001bf44   0x00000028   Code   RO         1988    i.app_timer_stop    app_timer.o
    0x0001bf6c   0x0001bf6c   0x00000038   Code   RO         2127    i.app_uart_get      app_uart_fifo.o
    0x0001bfa4   0x0001bfa4   0x000000b0   Code   RO         2128    i.app_uart_init     app_uart_fifo.o
    0x0001c054   0x0001c054   0x00000040   Code   RO         2129    i.app_uart_put      app_uart_fifo.o
    0x0001c094   0x0001c094   0x0000003c   Code   RO         2184    i.app_util_critical_region_enter  app_util_platform.o
    0x0001c0d0   0x0001c0d0   0x0000002c   Code   RO         2185    i.app_util_critical_region_exit  app_util_platform.o
    0x0001c0fc   0x0001c0fc   0x00000084   Code   RO         1615    i.apply_config      nrf_drv_uart.o
    0x0001c180   0x0001c180   0x00000068   Code   RO          868    i.ble_advdata_set   ble_advdata.o
    0x0001c1e8   0x0001c1e8   0x0000015c   Code   RO          944    i.ble_advertising_init  ble_advertising.o
    0x0001c344   0x0001c344   0x00000058   Code   RO          945    i.ble_advertising_on_ble_evt  ble_advertising.o
    0x0001c39c   0x0001c39c   0x0000003c   Code   RO          948    i.ble_advertising_restart_without_whitelist  ble_advertising.o
    0x0001c3d8   0x0001c3d8   0x00000108   Code   RO          949    i.ble_advertising_start  ble_advertising.o
    0x0001c4e0   0x0001c4e0   0x00000054   Code   RO         1034    i.ble_conn_params_init  ble_conn_params.o
    0x0001c534   0x0001c534   0x00000090   Code   RO         1035    i.ble_conn_params_on_ble_evt  ble_conn_params.o
    0x0001c5c4   0x0001c5c4   0x0000005e   Code   RO          869    i.ble_device_addr_encode  ble_advdata.o
    0x0001c622   0x0001c622   0x00000002   PAD
    0x0001c624   0x0001c624   0x00000028   Code   RO            8    i.ble_evt_dispatch  main.o
    0x0001c64c   0x0001c64c   0x00000068   Code   RO         1153    i.ble_nus_init      ble_nus.o
    0x0001c6b4   0x0001c6b4   0x0000005c   Code   RO         1154    i.ble_nus_on_ble_evt  ble_nus.o
    0x0001c710   0x0001c710   0x00000054   Code   RO         1155    i.ble_nus_string_send  ble_nus.o
    0x0001c764   0x0001c764   0x0000000e   Code   RO         1100    i.ble_srv_is_notification_enabled  ble_srv_common.o
    0x0001c772   0x0001c772   0x00000002   PAD
    0x0001c774   0x0001c774   0x0000000c   Code   RO          559    i.bsp_board_button_idx_to_pin  boards.o
    0x0001c780   0x0001c780   0x00000020   Code   RO          560    i.bsp_board_button_state_get  boards.o
    0x0001c7a0   0x0001c7a0   0x00000020   Code   RO          563    i.bsp_board_led_invert  boards.o
    0x0001c7c0   0x0001c7c0   0x00000014   Code   RO          564    i.bsp_board_led_off  boards.o
    0x0001c7d4   0x0001c7d4   0x00000014   Code   RO          565    i.bsp_board_led_on  boards.o
    0x0001c7e8   0x0001c7e8   0x00000020   Code   RO          566    i.bsp_board_led_state_get  boards.o
    0x0001c808   0x0001c808   0x00000028   Code   RO          567    i.bsp_board_leds_init  boards.o
    0x0001c830   0x0001c830   0x00000012   Code   RO          568    i.bsp_board_leds_off  boards.o
    0x0001c842   0x0001c842   0x00000012   Code   RO          569    i.bsp_board_leds_on  boards.o
    0x0001c854   0x0001c854   0x00000024   Code   RO          570    i.bsp_board_pin_to_button_idx  boards.o
    0x0001c878   0x0001c878   0x00000040   Code   RO          788    i.bsp_btn_ble_init  bsp_btn_ble.o
    0x0001c8b8   0x0001c8b8   0x00000078   Code   RO          789    i.bsp_btn_ble_on_ble_evt  bsp_btn_ble.o
    0x0001c930   0x0001c930   0x00000022   Code   RO          790    i.bsp_btn_ble_sleep_mode_prepare  bsp_btn_ble.o
    0x0001c952   0x0001c952   0x00000002   PAD
    0x0001c954   0x0001c954   0x00000094   Code   RO          675    i.bsp_button_event_handler  bsp.o
    0x0001c9e8   0x0001c9e8   0x00000008   Code   RO          676    i.bsp_button_is_pressed  bsp.o
    0x0001c9f0   0x0001c9f0   0x00000044   Code   RO            9    i.bsp_event_handler  main.o
    0x0001ca34   0x0001ca34   0x00000048   Code   RO          679    i.bsp_event_to_button_action_assign  bsp.o
    0x0001ca7c   0x0001ca7c   0x0000001c   Code   RO          680    i.bsp_indication_set  bsp.o
    0x0001ca98   0x0001ca98   0x00000098   Code   RO          681    i.bsp_init          bsp.o
    0x0001cb30   0x0001cb30   0x00000180   Code   RO          682    i.bsp_led_indication  bsp.o
    0x0001ccb0   0x0001ccb0   0x00000010   Code   RO          684    i.bsp_wakeup_button_enable  bsp.o
    0x0001ccc0   0x0001ccc0   0x0000000c   Code   RO          685    i.button_timer_handler  bsp.o
    0x0001cccc   0x0001cccc   0x00000180   Code   RO           10    i.calibration       main.o
    0x0001ce4c   0x0001ce4c   0x0000001c   Code   RO         1400    i.channel_free      nrf_drv_gpiote.o
    0x0001ce68   0x0001ce68   0x00000048   Code   RO         1401    i.channel_port_alloc  nrf_drv_gpiote.o
    0x0001ceb0   0x0001ceb0   0x00000010   Code   RO         1402    i.channel_port_get  nrf_drv_gpiote.o
    0x0001cec0   0x0001cec0   0x00000028   Code   RO         1197    i.clock_clk_started_notify  nrf_drv_clock.o
    0x0001cee8   0x0001cee8   0x000000a8   Code   RO         1990    i.compare_reg_update  app_timer.o
    0x0001cf90   0x0001cf90   0x00000088   Code   RO          870    i.conn_int_encode   ble_advdata.o
    0x0001d018   0x0001d018   0x00000008   Code   RO           12    i.conn_params_error_handler  main.o
    0x0001d020   0x0001d020   0x00000068   Code   RO         1037    i.conn_params_negotiation  ble_conn_params.o
    0x0001d088   0x0001d088   0x00000060   Code   RO         1792    i.detection_delay_timeout_handler  app_button.o
    0x0001d0e8   0x0001d0e8   0x00000040   Code   RO         1991    i.elapsed_ticks_acquire  app_timer.o
    0x0001d128   0x0001d128   0x00000014   Code   RO         1918    i.fifo_get          app_fifo.o
    0x0001d13c   0x0001d13c   0x00000012   Code   RO         1919    i.fifo_put          app_fifo.o
    0x0001d14e   0x0001d14e   0x0000000e   Code   RO         2373    i.fputc             retarget.o
    0x0001d15c   0x0001d15c   0x00000054   Code   RO         3049    i.free              mc_p.l(malloc.o)
    0x0001d1b0   0x0001d1b0   0x00000018   Code   RO         2237    i.fs_queued_op_count_get  fstorage.o
    0x0001d1c8   0x0001d1c8   0x00000050   Code   RO         1793    i.gpiote_event_handler  app_button.o
    0x0001d218   0x0001d218   0x00000080   Code   RO         2598    i.intern_softdevice_events_execute  softdevice_handler.o
    0x0001d298   0x0001d298   0x000000ac   Code   RO           13    i.irq_handler_twi   main.o
    0x0001d344   0x0001d344   0x0000001c   Code   RO         1038    i.is_conn_params_ok  ble_conn_params.o
    0x0001d360   0x0001d360   0x00000048   Code   RO         2738    i.is_manual_peripheral_setup_needed  system_nrf51.o
    0x0001d3a8   0x0001d3a8   0x00000018   Code   RO          686    i.leds_timer_handler  bsp.o
    0x0001d3c0   0x0001d3c0   0x000000ac   Code   RO         1992    i.list_deletions_handler  app_timer.o
    0x0001d46c   0x0001d46c   0x000000bc   Code   RO         1993    i.list_insertions_handler  app_timer.o
    0x0001d528   0x0001d528   0x000002dc   Code   RO           14    i.main              main.o
    0x0001d804   0x0001d804   0x0000006c   Code   RO         3050    i.malloc            mc_p.l(malloc.o)
    0x0001d870   0x0001d870   0x00000068   Code   RO          871    i.manuf_specific_data_encode  ble_advdata.o
    0x0001d8d8   0x0001d8d8   0x00000030   Code   RO           15    i.mpu_6050_I2C_register_read  main.o
    0x0001d908   0x0001d908   0x0000004c   Code   RO           16    i.mpu_6050_I2C_register_write  main.o
    0x0001d954   0x0001d954   0x0000001e   Code   RO           17    i.mpu_6050_get_device_id  main.o
    0x0001d972   0x0001d972   0x0000001a   Code   RO           18    i.mpu_6050_init     main.o
    0x0001d98c   0x0001d98c   0x00000034   Code   RO           19    i.mpu_6050_read_acc  main.o
    0x0001d9c0   0x0001d9c0   0x00000034   Code   RO           20    i.mpu_6050_read_gyro  main.o
    0x0001d9f4   0x0001d9f4   0x0000009e   Code   RO          872    i.name_encode       ble_advdata.o
    0x0001da92   0x0001da92   0x00000002   PAD
    0x0001da94   0x0001da94   0x00000040   Code   RO           22    i.nrf_adc_configure  main.o
    0x0001dad4   0x0001dad4   0x00000020   Code   RO           24    i.nrf_adc_input_select  main.o
    0x0001daf4   0x0001daf4   0x00000010   Code   RO         1403    i.nrf_bitmask_bit_is_set  nrf_drv_gpiote.o
    0x0001db04   0x0001db04   0x00000010   Code   RO         1201    i.nrf_clock_event_check  nrf_drv_clock.o
    0x0001db14   0x0001db14   0x00000030   Code   RO           25    i.nrf_delay_us      main.o
    0x0001db44   0x0001db44   0x00000030   Code   RO         1994    i.nrf_delay_us      app_timer.o
    0x0001db74   0x0001db74   0x00000048   Code   RO         1208    i.nrf_drv_clock_init  nrf_drv_clock.o
    0x0001dbbc   0x0001dbbc   0x00000034   Code   RO         1215    i.nrf_drv_clock_on_sd_enable  nrf_drv_clock.o
    0x0001dbf0   0x0001dbf0   0x0000000c   Code   RO         1216    i.nrf_drv_clock_on_soc_event  nrf_drv_clock.o
    0x0001dbfc   0x0001dbfc   0x00000060   Code   RO         1358    i.nrf_drv_common_irq_enable  nrf_drv_common.o
    0x0001dc5c   0x0001dc5c   0x00000098   Code   RO         1406    i.nrf_drv_gpiote_in_event_enable  nrf_drv_gpiote.o
    0x0001dcf4   0x0001dcf4   0x000000a8   Code   RO         1407    i.nrf_drv_gpiote_in_init  nrf_drv_gpiote.o
    0x0001dd9c   0x0001dd9c   0x00000014   Code   RO         1408    i.nrf_drv_gpiote_in_is_set  nrf_drv_gpiote.o
    0x0001ddb0   0x0001ddb0   0x0000005c   Code   RO         1410    i.nrf_drv_gpiote_init  nrf_drv_gpiote.o
    0x0001de0c   0x0001de0c   0x00000010   Code   RO         1411    i.nrf_drv_gpiote_is_init  nrf_drv_gpiote.o
    0x0001de1c   0x0001de1c   0x00000020   Code   RO           28    i.nrf_drv_twi_enable  main.o
    0x0001de3c   0x0001de3c   0x00000088   Code   RO           29    i.nrf_drv_twi_init  main.o
    0x0001dec4   0x0001dec4   0x00000024   Code   RO           30    i.nrf_drv_twi_rx    main.o
    0x0001dee8   0x0001dee8   0x00000024   Code   RO           33    i.nrf_drv_twi_tx    main.o
    0x0001df0c   0x0001df0c   0x00000028   Code   RO           35    i.nrf_drv_twi_xfer  main.o
    0x0001df34   0x0001df34   0x00000080   Code   RO         1617    i.nrf_drv_uart_init  nrf_drv_uart.o
    0x0001dfb4   0x0001dfb4   0x0000005c   Code   RO         1618    i.nrf_drv_uart_rx   nrf_drv_uart.o
    0x0001e010   0x0001e010   0x0000002c   Code   RO         1621    i.nrf_drv_uart_rx_enable  nrf_drv_uart.o
    0x0001e03c   0x0001e03c   0x000000a8   Code   RO         1622    i.nrf_drv_uart_rx_for_uart  nrf_drv_uart.o
    0x0001e0e4   0x0001e0e4   0x00000034   Code   RO         1623    i.nrf_drv_uart_tx   nrf_drv_uart.o
    0x0001e118   0x0001e118   0x0000008c   Code   RO         1625    i.nrf_drv_uart_tx_for_uart  nrf_drv_uart.o
    0x0001e1a4   0x0001e1a4   0x00000018   Code   RO         1626    i.nrf_drv_uart_tx_in_progress  nrf_drv_uart.o
    0x0001e1bc   0x0001e1bc   0x00000028   Code   RO          572    i.nrf_gpio_cfg      boards.o
    0x0001e1e4   0x0001e1e4   0x00000028   Code   RO         1423    i.nrf_gpio_cfg      nrf_drv_gpiote.o
    0x0001e20c   0x0001e20c   0x00000028   Code   RO         1628    i.nrf_gpio_cfg      nrf_drv_uart.o
    0x0001e234   0x0001e234   0x00000012   Code   RO         1630    i.nrf_gpio_cfg_input  nrf_drv_uart.o
    0x0001e246   0x0001e246   0x00000014   Code   RO           36    i.nrf_gpio_cfg_output  main.o
    0x0001e25a   0x0001e25a   0x00000014   Code   RO         1631    i.nrf_gpio_cfg_output  nrf_drv_uart.o
    0x0001e26e   0x0001e26e   0x00000022   Code   RO          687    i.nrf_gpio_cfg_sense_set  bsp.o
    0x0001e290   0x0001e290   0x00000022   Code   RO         1425    i.nrf_gpio_cfg_sense_set  nrf_drv_gpiote.o
    0x0001e2b2   0x0001e2b2   0x00000002   PAD
    0x0001e2b4   0x0001e2b4   0x00000010   Code   RO           37    i.nrf_gpio_pin_clear  main.o
    0x0001e2c4   0x0001e2c4   0x00000010   Code   RO           38    i.nrf_gpio_pin_set  main.o
    0x0001e2d4   0x0001e2d4   0x00000018   Code   RO          573    i.nrf_gpio_pin_write  boards.o
    0x0001e2ec   0x0001e2ec   0x00000028   Code   RO         1426    i.nrf_gpio_ports_read  nrf_drv_gpiote.o
    0x0001e314   0x0001e314   0x00000010   Code   RO         1427    i.nrf_gpiote_event_clear  nrf_drv_gpiote.o
    0x0001e324   0x0001e324   0x00000014   Code   RO         1428    i.nrf_gpiote_event_is_set  nrf_drv_gpiote.o
    0x0001e338   0x0001e338   0x0000000a   Code   RO           39    i.nrf_twi_event_check  main.o
    0x0001e342   0x0001e342   0x0000000a   Code   RO         1632    i.nrf_uart_event_check  nrf_drv_uart.o
    0x0001e34c   0x0001e34c   0x00000010   Code   RO         1633    i.nrf_uart_int_enable_check  nrf_drv_uart.o
    0x0001e35c   0x0001e35c   0x00000030   Code   RO           40    i.nus_data_handler  main.o
    0x0001e38c   0x0001e38c   0x00000020   Code   RO           41    i.on_adv_evt        main.o
    0x0001e3ac   0x0001e3ac   0x000000d0   Code   RO           42    i.on_ble_evt        main.o
    0x0001e47c   0x0001e47c   0x00000020   Code   RO           43    i.on_conn_params_evt  main.o
    0x0001e49c   0x0001e49c   0x00000018   Code   RO         1429    i.pin_in_use_by_port  nrf_drv_gpiote.o
    0x0001e4b4   0x0001e4b4   0x00000018   Code   RO         1430    i.pin_in_use_by_te  nrf_drv_gpiote.o
    0x0001e4cc   0x0001e4cc   0x00000044   Code   RO         1995    i.rtc1_stop         app_timer.o
    0x0001e510   0x0001e510   0x00000026   Code   RO         1634    i.rx_byte           nrf_drv_uart.o
    0x0001e536   0x0001e536   0x0000009e   Code   RO         1156    i.rx_char_add       ble_nus.o
    0x0001e5d4   0x0001e5d4   0x00000014   Code   RO         1635    i.rx_done_event     nrf_drv_uart.o
    0x0001e5e8   0x0001e5e8   0x0000001a   Code   RO         1636    i.rx_enable         nrf_drv_uart.o
    0x0001e602   0x0001e602   0x00000002   PAD
    0x0001e604   0x0001e604   0x00000084   Code   RO         2600    i.sd_nvic_EnableIRQ  softdevice_handler.o
    0x0001e688   0x0001e688   0x0000008e   Code   RO          873    i.service_data_encode  ble_advdata.o
    0x0001e716   0x0001e716   0x00000002   PAD
    0x0001e718   0x0001e718   0x00000058   Code   RO          951    i.set_adv_mode_fast  ble_advertising.o
    0x0001e770   0x0001e770   0x00000054   Code   RO          952    i.set_adv_mode_slow  ble_advertising.o
    0x0001e7c4   0x0001e7c4   0x00000028   Code   RO           44    i.sleep_mode_enter  main.o
    0x0001e7ec   0x0001e7ec   0x00000014   Code   RO         2601    i.softdevice_ble_evt_handler_set  softdevice_handler.o
    0x0001e800   0x0001e800   0x00000014   Code   RO         2602    i.softdevice_enable  softdevice_handler.o
    0x0001e814   0x0001e814   0x00000028   Code   RO         2603    i.softdevice_enable_get_default_config  softdevice_handler.o
    0x0001e83c   0x0001e83c   0x00000008   Code   RO         2604    i.softdevice_fault_handler  softdevice_handler.o
    0x0001e844   0x0001e844   0x00000058   Code   RO         2605    i.softdevice_handler_init  softdevice_handler.o
    0x0001e89c   0x0001e89c   0x0000000c   Code   RO         2606    i.softdevice_handler_is_enabled  softdevice_handler.o
    0x0001e8a8   0x0001e8a8   0x0000004c   Code   RO           45    i.start_timer2      main.o
    0x0001e8f4   0x0001e8f4   0x00000084   Code   RO         1996    i.timer_list_handler  app_timer.o
    0x0001e978   0x0001e978   0x00000010   Code   RO         1997    i.timer_list_handler_sched  app_timer.o
    0x0001e988   0x0001e988   0x00000040   Code   RO         1998    i.timer_list_insert  app_timer.o
    0x0001e9c8   0x0001e9c8   0x00000048   Code   RO         1999    i.timer_stop_op_schedule  app_timer.o
    0x0001ea10   0x0001ea10   0x00000080   Code   RO         2000    i.timer_timeouts_check  app_timer.o
    0x0001ea90   0x0001ea90   0x00000094   Code   RO           46    i.twi_clear_bus     main.o
    0x0001eb24   0x0001eb24   0x00000030   Code   RO           47    i.twi_init          main.o
    0x0001eb54   0x0001eb54   0x00000020   Code   RO           48    i.twi_process_error  main.o
    0x0001eb74   0x0001eb74   0x000000a0   Code   RO           49    i.twi_rx_start_transfer  main.o
    0x0001ec14   0x0001ec14   0x0000002e   Code   RO           50    i.twi_send_byte     main.o
    0x0001ec42   0x0001ec42   0x00000108   Code   RO           51    i.twi_transfer      main.o
    0x0001ed4a   0x0001ed4a   0x00000002   PAD
    0x0001ed4c   0x0001ed4c   0x0000009c   Code   RO           52    i.twi_tx_start_transfer  main.o
    0x0001ede8   0x0001ede8   0x0000008c   Code   RO           53    i.twi_xfer          main.o
    0x0001ee74   0x0001ee74   0x0000001e   Code   RO         1637    i.tx_byte           nrf_drv_uart.o
    0x0001ee92   0x0001ee92   0x00000080   Code   RO         1157    i.tx_char_add       ble_nus.o
    0x0001ef12   0x0001ef12   0x00000018   Code   RO         1638    i.tx_done_event     nrf_drv_uart.o
    0x0001ef2a   0x0001ef2a   0x00000002   PAD
    0x0001ef2c   0x0001ef2c   0x00000060   Code   RO           54    i.uart_event_handle  main.o
    0x0001ef8c   0x0001ef8c   0x000000a8   Code   RO         2130    i.uart_event_handler  app_uart_fifo.o
    0x0001f034   0x0001f034   0x00000128   Code   RO         1639    i.uart_irq_handler  nrf_drv_uart.o
    0x0001f15c   0x0001f15c   0x0000000a   Code   RO          874    i.uint16_encode     ble_advdata.o
    0x0001f166   0x0001f166   0x00000002   PAD
    0x0001f168   0x0001f168   0x00000064   Code   RO         1039    i.update_timeout_handler  ble_conn_params.o
    0x0001f1cc   0x0001f1cc   0x0000002c   Code   RO         2001    i.user_op_alloc     app_timer.o
    0x0001f1f8   0x0001f1f8   0x00000030   Code   RO          875    i.uuid_list_encode  ble_advdata.o
    0x0001f228   0x0001f228   0x000000ae   Code   RO          876    i.uuid_list_sized_encode  ble_advdata.o
    0x0001f2d6   0x0001f2d6   0x00000002   PAD
    0x0001f2d8   0x0001f2d8   0x00000018   Code   RO          953    i.whitelist_has_entries  ble_advertising.o
    0x0001f2f0   0x0001f2f0   0x00000048   Data   RO           56    .constdata          main.o
    0x0001f338   0x0001f338   0x00000008   Data   RO          574    .constdata          boards.o
    0x0001f340   0x0001f340   0x0000002c   Data   RO          692    .constdata          bsp.o
    0x0001f36c   0x0001f36c   0x00000004   Data   RO         1042    .constdata          ble_conn_params.o
    0x0001f370   0x0001f370   0x00000010   Data   RO         1158    .constdata          ble_nus.o
    0x0001f380   0x0001f380   0x00000004   Data   RO         1432    .constdata          nrf_drv_gpiote.o
    0x0001f384   0x0001f384   0x00000008   Data   RO         1795    .constdata          app_button.o
    0x0001f38c   0x0001f38c   0x00000020   Data   RO         2132    .constdata          app_uart_fifo.o
    0x0001f3ac   0x0001f3ac   0x00000020   Data   RO         3120    Region$$Table       anon$$obj.o


    Execution Region RW_IRAM1 (Exec base: 0x20001fe8, Load base: 0x0001f3cc, Size: 0x000017c0, Max: 0x00006018, ABSOLUTE, COMPRESSED[0x00000024])

    Exec Addr    Load Addr    Size         Type   Attr      Idx    E Section Name        Object

    0x20001fe8   COMPRESSED   0x00000060   Data   RW           66    .data               main.o
    0x20002048   COMPRESSED   0x00000014   Data   RW          693    .data               bsp.o
    0x2000205c   COMPRESSED   0x00000008   Data   RW          791    .data               bsp_btn_ble.o
    0x20002064   COMPRESSED   0x00000030   Data   RW          957    .data               ble_advertising.o
    0x20002094   COMPRESSED   0x00000014   Data   RW         1043    .data               ble_conn_params.o
    0x200020a8   COMPRESSED   0x00000014   Data   RW         1796    .data               app_button.o
    0x200020bc   COMPRESSED   0x00000020   Data   RW         2002    .data               app_timer.o
    0x200020dc   COMPRESSED   0x00000010   Data   RW         2133    .data               app_uart_fifo.o
    0x200020ec   COMPRESSED   0x0000000c   Data   RW         2188    .data               app_util_platform.o
    0x200020f8   COMPRESSED   0x00000004   Data   RW         2374    .data               retarget.o
    0x200020fc   COMPRESSED   0x00000014   Data   RW         2612    .data               softdevice_handler.o
    0x20002110   COMPRESSED   0x00000004   Data   RW         2739    .data               system_nrf51.o
    0x20002114   COMPRESSED   0x00000004   Data   RW         3103    .data               mc_p.l(mvars.o)
    0x20002118   COMPRESSED   0x00000004   Data   RW         3104    .data               mc_p.l(mvars.o)
    0x2000211c        -       0x00000318   Zero   RW           55    .bss                main.o
    0x20002434        -       0x00000020   Zero   RW          688    .bss                bsp.o
    0x20002454        -       0x00000020   Zero   RW          689    .bss                bsp.o
    0x20002474        -       0x0000000c   Zero   RW          690    .bss                bsp.o
    0x20002480        -       0x00000020   Zero   RW          691    .bss                bsp.o
    0x200024a0        -       0x0000016b   Zero   RW          954    .bss                ble_advertising.o
    0x2000260b   COMPRESSED   0x00000001   PAD
    0x2000260c        -       0x00000020   Zero   RW          955    .bss                ble_advertising.o
    0x2000262c        -       0x00000020   Zero   RW          956    .bss                ble_advertising.o
    0x2000264c        -       0x00000020   Zero   RW         1040    .bss                ble_conn_params.o
    0x2000266c        -       0x0000001c   Zero   RW         1041    .bss                ble_conn_params.o
    0x20002688        -       0x00000014   Zero   RW         1218    .bss                nrf_drv_clock.o
    0x2000269c        -       0x00000048   Zero   RW         1431    .bss                nrf_drv_gpiote.o
    0x200026e4        -       0x0000001c   Zero   RW         1640    .bss                nrf_drv_uart.o
    0x20002700        -       0x00000020   Zero   RW         1794    .bss                app_button.o
    0x20002720        -       0x00000020   Zero   RW         2131    .bss                app_uart_fifo.o
    0x20002740        -       0x00000068   Zero   RW         2246    .bss                fstorage.o
    0x200027a8        -       0x00000800   Zero   RW         2728    HEAP                arm_startup_nrf51.o
    0x20002fa8        -       0x00000800   Zero   RW         2727    STACK               arm_startup_nrf51.o


==============================================================================

Image component sizes


      Code (inc. data)   RO Data    RW Data    ZI Data      Debug   Object Name

       328         34          8         20         32       8902   app_button.o
        24          4          0          0          0       2201   app_error.o
        28         10          0          0          0       7130   app_error_weak.o
       122          0          0          0          0       4718   app_fifo.o
      1612        158          0         32          0      43043   app_timer.o
       464         44         32         16         32      10302   app_uart_fifo.o
       104         20          0         12          0       6418   app_util_platform.o
        56         18        192          0       4096        700   arm_startup_nrf51.o
      1368          6          0          0          0      30516   ble_advdata.o
      1060         72          0         48        427      11128   ble_advertising.o
       460         60          4         20         60       5452   ble_conn_params.o
       566         12         16          0          0       5498   ble_nus.o
        14          0          0          0          0       1386   ble_srv_common.o
       324         58          8          0          0      12264   boards.o
       914         86         44         20        108      14051   bsp.o
       278         12          0          8          0       9053   bsp_btn_ble.o
        24          6          0          0        104       3740   fstorage.o
      4068        486         72         96        792     159984   main.o
       276         38          0          0         20      11808   nrf_drv_clock.o
        96         18          0          0          0       7352   nrf_drv_common.o
      1154        100          4          0         72      27772   nrf_drv_gpiote.o
      1338         52          0          0         28      28230   nrf_drv_uart.o
        14          0          0          4          0       2798   retarget.o
       508         66          0         20          0      21299   softdevice_handler.o
       232         36          0          4          0       2319   system_nrf51.o

    ----------------------------------------------------------------------
     15458       1396        412        300       5772     438064   Object Totals
         0          0         32          0          0          0   (incl. Generated)
        26          0          0          0          1          0   (incl. Padding)

    ----------------------------------------------------------------------

      Code (inc. data)   RO Data    RW Data    ZI Data      Debug   Library Member Name

        58          0          0          0          0          0   __dczerorl.o
         0          0          0          0          0          0   entry.o
         0          0          0          0          0          0   entry10a.o
         0          0          0          0          0          0   entry11a.o
         8          4          0          0          0          0   entry2.o
         4          0          0          0          0          0   entry5.o
         0          0          0          0          0          0   entry7b.o
         0          0          0          0          0          0   entry8b.o
         8          4          0          0          0          0   entry9a.o
        30          0          0          0          0          0   handlers.o
        40          0          0          0          0         72   idiv.o
        36          8          0          0          0         68   init.o
        32          0          0          0          0         68   llshl.o
        34          0          0          0          0         68   llushr.o
       192         20          0          0          0        144   malloc.o
        36          0          0          0          0         60   memcpya.o
        36          0          0          0          0        100   memseta.o
         0          0          0          8          0          0   mvars.o
       814         56          0          0          0        312   printf5.o
        14          0          0          0          0         60   strlen.o
        44          0          0          0          0         72   uidiv.o
        96          0          0          0          0         84   uldiv.o

    ----------------------------------------------------------------------
      1486         92          0          8          0       1108   Library Totals
         4          0          0          0          0          0   (incl. Padding)

    ----------------------------------------------------------------------

      Code (inc. data)   RO Data    RW Data    ZI Data      Debug   Library Name

      1482         92          0          8          0       1108   mc_p.l

    ----------------------------------------------------------------------
      1486         92          0          8          0       1108   Library Totals

    ----------------------------------------------------------------------

==============================================================================


      Code (inc. data)   RO Data    RW Data    ZI Data      Debug   

     16944       1488        412        308       5772     430464   Grand Totals
     16944       1488        412         36       5772     430464   ELF Image Totals (compressed)
     16944       1488        412         36          0          0   ROM Totals

==============================================================================

    Total RO  Size (Code + RO Data)                17356 (  16.95kB)
    Total RW  Size (RW Data + ZI Data)              6080 (   5.94kB)
    Total ROM Size (Code + RO Data + RW Data)      17392 (  16.98kB)

==============================================================================

