Component: ARM Compiler 5.06 update 6 (build 750) Tool: armlink [4d35ed]

==============================================================================

Section Cross References

    main.o(i.ADC_IRQHandler) refers to main.o(.data) for .data
    main.o(i.SPI0_TWI0_IRQHandler) refers to main.o(i.irq_handler_twi) for irq_handler_twi
    main.o(i.SPI0_TWI0_IRQHandler) refers to main.o(.bss) for .bss
    main.o(i.TIMER2_IRQHandler) refers to main.o(i.nrf_gpio_pin_clear) for nrf_gpio_pin_clear
    main.o(i.TIMER2_IRQHandler) refers to main.o(i.nrf_adc_input_select) for nrf_adc_input_select
    main.o(i.TIMER2_IRQHandler) refers to printf5.o(i.__0printf$5) for __2printf
    main.o(i.TIMER2_IRQHandler) refers to main.o(i.nrf_gpio_pin_set) for nrf_gpio_pin_set
    main.o(i.TIMER2_IRQHandler) refers to main.o(i.mpu_6050_read_acc) for mpu_6050_read_acc
    main.o(i.TIMER2_IRQHandler) refers to main.o(.data) for .data
    main.o(i.adc_config) refers to main.o(i.nrf_adc_configure) for nrf_adc_configure
    main.o(i.adc_config) refers to main.o(.constdata) for .constdata
    main.o(i.assert_nrf_callback) refers to app_error.o(i.app_error_handler) for app_error_handler
    main.o(i.ble_evt_dispatch) refers to ble_conn_params.o(i.ble_conn_params_on_ble_evt) for ble_conn_params_on_ble_evt
    main.o(i.ble_evt_dispatch) refers to ble_nus.o(i.ble_nus_on_ble_evt) for ble_nus_on_ble_evt
    main.o(i.ble_evt_dispatch) refers to main.o(i.on_ble_evt) for on_ble_evt
    main.o(i.ble_evt_dispatch) refers to ble_advertising.o(i.ble_advertising_on_ble_evt) for ble_advertising_on_ble_evt
    main.o(i.ble_evt_dispatch) refers to bsp_btn_ble.o(i.bsp_btn_ble_on_ble_evt) for bsp_btn_ble_on_ble_evt
    main.o(i.ble_evt_dispatch) refers to main.o(.bss) for .bss
    main.o(i.bsp_event_handler) refers to main.o(i.sleep_mode_enter) for sleep_mode_enter
    main.o(i.bsp_event_handler) refers to app_error.o(i.app_error_handler_bare) for app_error_handler_bare
    main.o(i.bsp_event_handler) refers to ble_advertising.o(i.ble_advertising_restart_without_whitelist) for ble_advertising_restart_without_whitelist
    main.o(i.bsp_event_handler) refers to main.o(.data) for .data
    main.o(i.calibration) refers to main.o(i.meanvalues) for meanvalues
    main.o(i.calibration) refers to printf5.o(i.__0printf$5) for __2printf
    main.o(i.calibration) refers to idiv.o(.text) for __aeabi_idivmod
    main.o(i.calibration) refers to main.o(.data) for .data
    main.o(i.conn_params_error_handler) refers to app_error.o(i.app_error_handler_bare) for app_error_handler_bare
    main.o(i.irq_handler_twi) refers to main.o(i.twi_transfer) for twi_transfer
    main.o(i.irq_handler_twi) refers to main.o(i.twi_rx_start_transfer) for twi_rx_start_transfer
    main.o(i.irq_handler_twi) refers to main.o(i.twi_tx_start_transfer) for twi_tx_start_transfer
    main.o(i.main) refers to app_timer.o(i.app_timer_init) for app_timer_init
    main.o(i.main) refers to app_error.o(i.app_error_handler_bare) for app_error_handler_bare
    main.o(i.main) refers to memcpya.o(.text) for __aeabi_memcpy4
    main.o(i.main) refers to app_uart_fifo.o(i.app_uart_init) for app_uart_init
    main.o(i.main) refers to main.o(i.nrf_gpio_cfg_output) for nrf_gpio_cfg_output
    main.o(i.main) refers to bsp.o(i.bsp_init) for bsp_init
    main.o(i.main) refers to bsp_btn_ble.o(i.bsp_btn_ble_init) for bsp_btn_ble_init
    main.o(i.main) refers to softdevice_handler.o(i.softdevice_handler_init) for softdevice_handler_init
    main.o(i.main) refers to softdevice_handler.o(i.softdevice_enable_get_default_config) for softdevice_enable_get_default_config
    main.o(i.main) refers to softdevice_handler.o(i.softdevice_enable) for softdevice_enable
    main.o(i.main) refers to softdevice_handler.o(i.softdevice_ble_evt_handler_set) for softdevice_ble_evt_handler_set
    main.o(i.main) refers to ble_nus.o(i.ble_nus_init) for ble_nus_init
    main.o(i.main) refers to memseta.o(.text) for __aeabi_memclr4
    main.o(i.main) refers to ble_advertising.o(i.ble_advertising_init) for ble_advertising_init
    main.o(i.main) refers to ble_conn_params.o(i.ble_conn_params_init) for ble_conn_params_init
    main.o(i.main) refers to printf5.o(i.__0printf$5) for __2printf
    main.o(i.main) refers to ble_advertising.o(i.ble_advertising_start) for ble_advertising_start
    main.o(i.main) refers to main.o(i.twi_init) for twi_init
    main.o(i.main) refers to main.o(i.mpu_6050_init) for mpu_6050_init
    main.o(i.main) refers to main.o(i.mpu_6050_get_device_id) for mpu_6050_get_device_id
    main.o(i.main) refers to main.o(i.adc_config) for adc_config
    main.o(i.main) refers to main.o(i.start_timer2) for start_timer2
    main.o(i.main) refers to main.o(.bss) for .bss
    main.o(i.main) refers to main.o(.constdata) for .constdata
    main.o(i.main) refers to main.o(i.uart_event_handle) for uart_event_handle
    main.o(i.main) refers to main.o(i.bsp_event_handler) for bsp_event_handler
[...]
    channel_port_alloc                       0x0001cc15   Thumb Code    66  nrf_drv_gpiote.o(i.channel_port_alloc)
    i.channel_port_get                       0x0001cc5c   Section        0  nrf_drv_gpiote.o(i.channel_port_get)
    channel_port_get                         0x0001cc5d   Thumb Code    10  nrf_drv_gpiote.o(i.channel_port_get)
    i.clock_clk_started_notify               0x0001cc6c   Section        0  nrf_drv_clock.o(i.clock_clk_started_notify)
    clock_clk_started_notify                 0x0001cc6d   Thumb Code    34  nrf_drv_clock.o(i.clock_clk_started_notify)
    i.compare_reg_update                     0x0001cc94   Section        0  app_timer.o(i.compare_reg_update)
    compare_reg_update                       0x0001cc95   Thumb Code   142  app_timer.o(i.compare_reg_update)
    i.conn_int_encode                        0x0001cd3c   Section        0  ble_advdata.o(i.conn_int_encode)
    conn_int_encode                          0x0001cd3d   Thumb Code   130  ble_advdata.o(i.conn_int_encode)
    i.conn_params_error_handler              0x0001cdc4   Section        0  main.o(i.conn_params_error_handler)
    conn_params_error_handler                0x0001cdc5   Thumb Code     8  main.o(i.conn_params_error_handler)
    i.conn_params_negotiation                0x0001cdcc   Section        0  ble_conn_params.o(i.conn_params_negotiation)
    conn_params_negotiation                  0x0001cdcd   Thumb Code    92  ble_conn_params.o(i.conn_params_negotiation)
    i.detection_delay_timeout_handler        0x0001ce34   Section        0  app_button.o(i.detection_delay_timeout_handler)
    detection_delay_timeout_handler          0x0001ce35   Thumb Code    90  app_button.o(i.detection_delay_timeout_handler)
    i.elapsed_ticks_acquire                  0x0001ce94   Section        0  app_timer.o(i.elapsed_ticks_acquire)
    elapsed_ticks_acquire                    0x0001ce95   Thumb Code    58  app_timer.o(i.elapsed_ticks_acquire)
    i.fifo_get                               0x0001ced4   Section        0  app_fifo.o(i.fifo_get)
    fifo_get                                 0x0001ced5   Thumb Code    20  app_fifo.o(i.fifo_get)
    i.fifo_put                               0x0001cee8   Section        0  app_fifo.o(i.fifo_put)
    fifo_put                                 0x0001cee9   Thumb Code    18  app_fifo.o(i.fifo_put)
    i.fputc                                  0x0001cefa   Section        0  retarget.o(i.fputc)
    i.free                                   0x0001cf08   Section        0  malloc.o(i.free)
    i.fs_queued_op_count_get                 0x0001cf5c   Section        0  fstorage.o(i.fs_queued_op_count_get)
    i.gpiote_event_handler                   0x0001cf74   Section        0  app_button.o(i.gpiote_event_handler)
    gpiote_event_handler                     0x0001cf75   Thumb Code    72  app_button.o(i.gpiote_event_handler)
    i.intern_softdevice_events_execute       0x0001cfc4   Section        0  softdevice_handler.o(i.intern_softdevice_events_execute)
    i.irq_handler_twi                        0x0001d044   Section        0  main.o(i.irq_handler_twi)
    irq_handler_twi                          0x0001d045   Thumb Code   172  main.o(i.irq_handler_twi)
    i.is_conn_params_ok                      0x0001d0f0   Section        0  ble_conn_params.o(i.is_conn_params_ok)
    is_conn_params_ok                        0x0001d0f1   Thumb Code    24  ble_conn_params.o(i.is_conn_params_ok)
    i.is_manual_peripheral_setup_needed      0x0001d10c   Section        0  system_nrf51.o(i.is_manual_peripheral_setup_needed)
    is_manual_peripheral_setup_needed        0x0001d10d   Thumb Code    66  system_nrf51.o(i.is_manual_peripheral_setup_needed)
    i.leds_timer_handler                     0x0001d154   Section        0  bsp.o(i.leds_timer_handler)
    leds_timer_handler                       0x0001d155   Thumb Code    18  bsp.o(i.leds_timer_handler)
    i.list_deletions_handler                 0x0001d16c   Section        0  app_timer.o(i.list_deletions_handler)
    list_deletions_handler                   0x0001d16d   Thumb Code   162  app_timer.o(i.list_deletions_handler)
    i.list_insertions_handler                0x0001d218   Section        0  app_timer.o(i.list_insertions_handler)
    list_insertions_handler                  0x0001d219   Thumb Code   178  app_timer.o(i.list_insertions_handler)
    i.main                                   0x0001d2d4   Section        0  main.o(i.main)
    i.malloc                                 0x0001d55c   Section        0  malloc.o(i.malloc)
    i.manuf_specific_data_encode             0x0001d5c8   Section        0  ble_advdata.o(i.manuf_specific_data_encode)
    manuf_specific_data_encode               0x0001d5c9   Thumb Code   104  ble_advdata.o(i.manuf_specific_data_encode)
    i.mpu_6050_I2C_register_read             0x0001d630   Section        0  main.o(i.mpu_6050_I2C_register_read)
    i.mpu_6050_I2C_register_write            0x0001d660   Section        0  main.o(i.mpu_6050_I2C_register_write)
    i.mpu_6050_get_device_id                 0x0001d6ac   Section        0  main.o(i.mpu_6050_get_device_id)
    i.mpu_6050_init                          0x0001d6ca   Section        0  main.o(i.mpu_6050_init)
    i.mpu_6050_read_acc                      0x0001d6e4   Section        0  main.o(i.mpu_6050_read_acc)
    i.name_encode                            0x0001d718   Section        0  ble_advdata.o(i.name_encode)
    name_encode                              0x0001d719   Thumb Code   158  ble_advdata.o(i.name_encode)
    i.nrf_adc_configure                      0x0001d7b8   Section        0  main.o(i.nrf_adc_configure)
    i.nrf_adc_input_select                   0x0001d7f8   Section        0  main.o(i.nrf_adc_input_select)
    nrf_adc_input_select                     0x0001d7f9   Thumb Code    28  main.o(i.nrf_adc_input_select)
    i.nrf_bitmask_bit_is_set                 0x0001d818   Section        0  nrf_drv_gpiote.o(i.nrf_bitmask_bit_is_set)
    nrf_bitmask_bit_is_set                   0x0001d819   Thumb Code    16  nrf_drv_gpiote.o(i.nrf_bitmask_bit_is_set)
    i.nrf_clock_event_check                  0x0001d828   Section        0  nrf_drv_clock.o(i.nrf_clock_event_check)
    nrf_clock_event_check                    0x0001d829   Thumb Code    16  nrf_drv_clock.o(i.nrf_clock_event_check)
    i.nrf_delay_us                           0x0001d838   Section        0  main.o(i.nrf_delay_us)
    nrf_delay_us                             0x0001d839   Thumb Code    38  main.o(i.nrf_delay_us)
    i.nrf_delay_us                           0x0001d868   Section        0  app_timer.o(i.nrf_delay_us)
    nrf_delay_us                             0x0001d869   Thumb Code    38  app_timer.o(i.nrf_delay_us)
    i.nrf_drv_clock_init                     0x0001d898   Section        0  nrf_drv_clock.o(i.nrf_drv_clock_init)
    i.nrf_drv_clock_on_sd_enable             0x0001d8e0   Section        0  nrf_drv_clock.o(i.nrf_drv_clock_on_sd_enable)
    i.nrf_drv_clock_on_soc_event             0x0001d914   Section        0  nrf_drv_clock.o(i.nrf_drv_clock_on_soc_event)
    i.nrf_drv_common_irq_enable              0x0001d920   Section        0  nrf_drv_common.o(i.nrf_drv_common_irq_enable)
    i.nrf_drv_gpiote_in_event_enable         0x0001d980   Section        0  nrf_drv_gpiote.o(i.nrf_drv_gpiote_in_event_enable)
    i.nrf_drv_gpiote_in_init                 0x0001da18   Section        0  nrf_drv_gpiote.o(i.nrf_drv_gpiote_in_init)
    i.nrf_drv_gpiote_in_is_set               0x0001dac0   Section        0  nrf_drv_gpiote.o(i.nrf_drv_gpiote_in_is_set)
    i.nrf_drv_gpiote_init                    0x0001dad4   Section        0  nrf_drv_gpiote.o(i.nrf_drv_gpiote_init)
    i.nrf_drv_gpiote_is_init                 0x0001db30   Section        0  nrf_drv_gpiote.o(i.nrf_drv_gpiote_is_init)
    i.nrf_drv_twi_enable                     0x0001db40   Section        0  main.o(i.nrf_drv_twi_enable)
    i.nrf_drv_twi_init                       0x0001db60   Section        0  main.o(i.nrf_drv_twi_init)
    i.nrf_drv_twi_rx                         0x0001dbe8   Section        0  main.o(i.nrf_drv_twi_rx)
    i.nrf_drv_twi_tx                         0x0001dc0c   Section        0  main.o(i.nrf_drv_twi_tx)
    i.nrf_drv_twi_xfer                       0x0001dc30   Section        0  main.o(i.nrf_drv_twi_xfer)
    i.nrf_drv_uart_init                      0x0001dc58   Section        0  nrf_drv_uart.o(i.nrf_drv_uart_init)
    i.nrf_drv_uart_rx                        0x0001dcd8   Section        0  nrf_drv_uart.o(i.nrf_drv_uart_rx)
    i.nrf_drv_uart_rx_enable                 0x0001dd34   Section        0  nrf_drv_uart.o(i.nrf_drv_uart_rx_enable)
    i.nrf_drv_uart_rx_for_uart               0x0001dd60   Section        0  nrf_drv_uart.o(i.nrf_drv_uart_rx_for_uart)
    nrf_drv_uart_rx_for_uart                 0x0001dd61   Thumb Code   164  nrf_drv_uart.o(i.nrf_drv_uart_rx_for_uart)
    i.nrf_drv_uart_tx                        0x0001de08   Section        0  nrf_drv_uart.o(i.nrf_drv_uart_tx)
    i.nrf_drv_uart_tx_for_uart               0x0001de3c   Section        0  nrf_drv_uart.o(i.nrf_drv_uart_tx_for_uart)
    nrf_drv_uart_tx_for_uart                 0x0001de3d   Thumb Code   134  nrf_drv_uart.o(i.nrf_drv_uart_tx_for_uart)
    i.nrf_drv_uart_tx_in_progress            0x0001dec8   Section        0  nrf_drv_uart.o(i.nrf_drv_uart_tx_in_progress)
    i.nrf_gpio_cfg                           0x0001dee0   Section        0  boards.o(i.nrf_gpio_cfg)
    nrf_gpio_cfg                             0x0001dee1   Thumb Code    40  boards.o(i.nrf_gpio_cfg)
    i.nrf_gpio_cfg                           0x0001df08   Section        0  nrf_drv_gpiote.o(i.nrf_gpio_cfg)
    nrf_gpio_cfg                             0x0001df09   Thumb Code    40  nrf_drv_gpiote.o(i.nrf_gpio_cfg)
    i.nrf_gpio_cfg                           0x0001df30   Section        0  nrf_drv_uart.o(i.nrf_gpio_cfg)
    nrf_gpio_cfg                             0x0001df31   Thumb Code    40  nrf_drv_uart.o(i.nrf_gpio_cfg)
    i.nrf_gpio_cfg_input                     0x0001df58   Section        0  nrf_drv_uart.o(i.nrf_gpio_cfg_input)
    nrf_gpio_cfg_input                       0x0001df59   Thumb Code    18  nrf_drv_uart.o(i.nrf_gpio_cfg_input)
    i.nrf_gpio_cfg_output                    0x0001df6a   Section        0  main.o(i.nrf_gpio_cfg_output)
    nrf_gpio_cfg_output                      0x0001df6b   Thumb Code    20  main.o(i.nrf_gpio_cfg_output)
    i.nrf_gpio_cfg_output                    0x0001df7e   Section        0  nrf_drv_uart.o(i.nrf_gpio_cfg_output)
    nrf_gpio_cfg_output                      0x0001df7f   Thumb Code    20  nrf_drv_uart.o(i.nrf_gpio_cfg_output)
    i.nrf_gpio_cfg_sense_set                 0x0001df92   Section        0  bsp.o(i.nrf_gpio_cfg_sense_set)
    nrf_gpio_cfg_sense_set                   0x0001df93   Thumb Code    34  bsp.o(i.nrf_gpio_cfg_sense_set)
    i.nrf_gpio_cfg_sense_set                 0x0001dfb4   Section        0  nrf_drv_gpiote.o(i.nrf_gpio_cfg_sense_set)
    nrf_gpio_cfg_sense_set                   0x0001dfb5   Thumb Code    34  nrf_drv_gpiote.o(i.nrf_gpio_cfg_sense_set)
    i.nrf_gpio_pin_clear                     0x0001dfd8   Section        0  main.o(i.nrf_gpio_pin_clear)
    nrf_gpio_pin_clear                       0x0001dfd9   Thumb Code    10  main.o(i.nrf_gpio_pin_clear)
    i.nrf_gpio_pin_set                       0x0001dfe8   Section        0  main.o(i.nrf_gpio_pin_set)
    nrf_gpio_pin_set                         0x0001dfe9   Thumb Code    10  main.o(i.nrf_gpio_pin_set)
    i.nrf_gpio_pin_write                     0x0001dff8   Section        0  boards.o(i.nrf_gpio_pin_write)
    nrf_gpio_pin_write                       0x0001dff9   Thumb Code    18  boards.o(i.nrf_gpio_pin_write)
    i.nrf_gpio_ports_read                    0x0001e010   Section        0  nrf_drv_gpiote.o(i.nrf_gpio_ports_read)
    nrf_gpio_ports_read                      0x0001e011   Thumb Code    36  nrf_drv_gpiote.o(i.nrf_gpio_ports_read)
    i.nrf_gpiote_event_clear                 0x0001e038   Section        0  nrf_drv_gpiote.o(i.nrf_gpiote_event_clear)
    nrf_gpiote_event_clear                   0x0001e039   Thumb Code    10  nrf_drv_gpiote.o(i.nrf_gpiote_event_clear)
    i.nrf_gpiote_event_is_set                0x0001e048   Section        0  nrf_drv_gpiote.o(i.nrf_gpiote_event_is_set)
    nrf_gpiote_event_is_set                  0x0001e049   Thumb Code    14  nrf_drv_gpiote.o(i.nrf_gpiote_event_is_set)
    i.nrf_twi_event_check                    0x0001e05c   Section        0  main.o(i.nrf_twi_event_check)
    nrf_twi_event_check                      0x0001e05d   Thumb Code    10  main.o(i.nrf_twi_event_check)
    i.nrf_uart_event_check                   0x0001e066   Section        0  nrf_drv_uart.o(i.nrf_uart_event_check)
    nrf_uart_event_check                     0x0001e067   Thumb Code    10  nrf_drv_uart.o(i.nrf_uart_event_check)
    i.nrf_uart_int_enable_check              0x0001e070   Section        0  nrf_drv_uart.o(i.nrf_uart_int_enable_check)
    nrf_uart_int_enable_check                0x0001e071   Thumb Code    16  nrf_drv_uart.o(i.nrf_uart_int_enable_check)
    i.nus_data_handler                       0x0001e080   Section        0  main.o(i.nus_data_handler)
    nus_data_handler                         0x0001e081   Thumb Code    48  main.o(i.nus_data_handler)
    i.on_adv_evt                             0x0001e0b0   Section        0  main.o(i.on_adv_evt)
    on_adv_evt                               0x0001e0b1   Thumb Code    32  main.o(i.on_adv_evt)
    i.on_ble_evt                             0x0001e0d0   Section        0  main.o(i.on_ble_evt)
    on_ble_evt                               0x0001e0d1   Thumb Code   204  main.o(i.on_ble_evt)
    i.on_conn_params_evt                     0x0001e1a0   Section        0  main.o(i.on_conn_params_evt)
    on_conn_params_evt                       0x0001e1a1   Thumb Code    26  main.o(i.on_conn_params_evt)
    i.pin_in_use_by_port                     0x0001e1c0   Section        0  nrf_drv_gpiote.o(i.pin_in_use_by_port)
    pin_in_use_by_port                       0x0001e1c1   Thumb Code    20  nrf_drv_gpiote.o(i.pin_in_use_by_port)
    i.pin_in_use_by_te                       0x0001e1d8   Section        0  nrf_drv_gpiote.o(i.pin_in_use_by_te)
    pin_in_use_by_te                         0x0001e1d9   Thumb Code    20  nrf_drv_gpiote.o(i.pin_in_use_by_te)
    i.rtc1_stop                              0x0001e1f0   Section        0  app_timer.o(i.rtc1_stop)
    rtc1_stop                                0x0001e1f1   Thumb Code    50  app_timer.o(i.rtc1_stop)
    i.rx_byte                                0x0001e234   Section        0  nrf_drv_uart.o(i.rx_byte)
    rx_byte                                  0x0001e235   Thumb Code    38  nrf_drv_uart.o(i.rx_byte)
    i.rx_char_add                            0x0001e25a   Section        0  ble_nus.o(i.rx_char_add)
    rx_char_add                              0x0001e25b   Thumb Code   158  ble_nus.o(i.rx_char_add)
    i.rx_done_event                          0x0001e2f8   Section        0  nrf_drv_uart.o(i.rx_done_event)
    rx_done_event                            0x0001e2f9   Thumb Code    20  nrf_drv_uart.o(i.rx_done_event)
    i.rx_enable                              0x0001e30c   Section        0  nrf_drv_uart.o(i.rx_enable)
    rx_enable                                0x0001e30d   Thumb Code    26  nrf_drv_uart.o(i.rx_enable)
    i.sd_nvic_EnableIRQ                      0x0001e328   Section        0  softdevice_handler.o(i.sd_nvic_EnableIRQ)
    sd_nvic_EnableIRQ                        0x0001e329   Thumb Code   112  softdevice_handler.o(i.sd_nvic_EnableIRQ)
    i.service_data_encode                    0x0001e3ac   Section        0  ble_advdata.o(i.service_data_encode)
    service_data_encode                      0x0001e3ad   Thumb Code   142  ble_advdata.o(i.service_data_encode)
    i.set_adv_mode_fast                      0x0001e43c   Section        0  ble_advertising.o(i.set_adv_mode_fast)
    set_adv_mode_fast                        0x0001e43d   Thumb Code    80  ble_advertising.o(i.set_adv_mode_fast)
    i.set_adv_mode_slow                      0x0001e494   Section        0  ble_advertising.o(i.set_adv_mode_slow)
    set_adv_mode_slow                        0x0001e495   Thumb Code    76  ble_advertising.o(i.set_adv_mode_slow)
    i.sleep_mode_enter                       0x0001e4e8   Section        0  main.o(i.sleep_mode_enter)
    sleep_mode_enter                         0x0001e4e9   Thumb Code    40  main.o(i.sleep_mode_enter)
    i.softdevice_ble_evt_handler_set         0x0001e510   Section        0  softdevice_handler.o(i.softdevice_ble_evt_handler_set)
    i.softdevice_enable                      0x0001e524   Section        0  softdevice_handler.o(i.softdevice_enable)
    i.softdevice_enable_get_default_config   0x0001e538   Section        0  softdevice_handler.o(i.softdevice_enable_get_default_config)
    i.softdevice_fault_handler               0x0001e560   Section        0  softdevice_handler.o(i.softdevice_fault_handler)
    i.softdevice_handler_init                0x0001e568   Section        0  softdevice_handler.o(i.softdevice_handler_init)
    i.softdevice_handler_is_enabled          0x0001e5c0   Section        0  softdevice_handler.o(i.softdevice_handler_is_enabled)
    i.start_timer2                           0x0001e5cc   Section        0  main.o(i.start_timer2)
    i.timer_list_handler                     0x0001e618   Section        0  app_timer.o(i.timer_list_handler)
    timer_list_handler                       0x0001e619   Thumb Code   128  app_timer.o(i.timer_list_handler)
    i.timer_list_handler_sched               0x0001e69c   Section        0  app_timer.o(i.timer_list_handler_sched)
    timer_list_handler_sched                 0x0001e69d   Thumb Code    10  app_timer.o(i.timer_list_handler_sched)
    i.timer_list_insert                      0x0001e6ac   Section        0  app_timer.o(i.timer_list_insert)
    timer_list_insert                        0x0001e6ad   Thumb Code    60  app_timer.o(i.timer_list_insert)
    i.timer_stop_op_schedule                 0x0001e6ec   Section        0  app_timer.o(i.timer_stop_op_schedule)
    timer_stop_op_schedule                   0x0001e6ed   Thumb Code    68  app_timer.o(i.timer_stop_op_schedule)
    i.timer_timeouts_check                   0x0001e734   Section        0  app_timer.o(i.timer_timeouts_check)
    timer_timeouts_check                     0x0001e735   Thumb Code   118  app_timer.o(i.timer_timeouts_check)
    i.twi_clear_bus                          0x0001e7b4   Section        0  main.o(i.twi_clear_bus)
    twi_clear_bus                            0x0001e7b5   Thumb Code   134  main.o(i.twi_clear_bus)
    i.twi_init                               0x0001e848   Section        0  main.o(i.twi_init)
    i.twi_process_error                      0x0001e878   Section        0  main.o(i.twi_process_error)
    twi_process_error                        0x0001e879   Thumb Code    28  main.o(i.twi_process_error)
    i.twi_rx_start_transfer                  0x0001e898   Section        0  main.o(i.twi_rx_start_transfer)
    twi_rx_start_transfer                    0x0001e899   Thumb Code   154  main.o(i.twi_rx_start_transfer)
    i.twi_send_byte                          0x0001e938   Section        0  main.o(i.twi_send_byte)
    twi_send_byte                            0x0001e939   Thumb Code    46  main.o(i.twi_send_byte)
    i.twi_transfer                           0x0001e966   Section        0  main.o(i.twi_transfer)
    twi_transfer                             0x0001e967   Thumb Code   264  main.o(i.twi_transfer)
    i.twi_tx_start_transfer                  0x0001ea70   Section        0  main.o(i.twi_tx_start_transfer)
    twi_tx_start_transfer                    0x0001ea71   Thumb Code   152  main.o(i.twi_tx_start_transfer)
    i.twi_xfer                               0x0001eb0c   Section        0  main.o(i.twi_xfer)
    twi_xfer                                 0x0001eb0d   Thumb Code   140  main.o(i.twi_xfer)
    i.tx_byte                                0x0001eb98   Section        0  nrf_drv_uart.o(i.tx_byte)
    tx_byte                                  0x0001eb99   Thumb Code    30  nrf_drv_uart.o(i.tx_byte)
    i.tx_char_add                            0x0001ebb6   Section        0  ble_nus.o(i.tx_char_add)
    tx_char_add                              0x0001ebb7   Thumb Code   128  ble_nus.o(i.tx_char_add)
    i.tx_done_event                          0x0001ec36   Section        0  nrf_drv_uart.o(i.tx_done_event)
    tx_done_event                            0x0001ec37   Thumb Code    24  nrf_drv_uart.o(i.tx_done_event)
    i.uart_event_handle                      0x0001ec50   Section        0  main.o(i.uart_event_handle)
    i.uart_event_handler                     0x0001ecb0   Section        0  app_uart_fifo.o(i.uart_event_handler)
    uart_event_handler                       0x0001ecb1   Thumb Code   158  app_uart_fifo.o(i.uart_event_handler)
    i.uart_irq_handler                       0x0001ed58   Section        0  nrf_drv_uart.o(i.uart_irq_handler)
    uart_irq_handler                         0x0001ed59   Thumb Code   296  nrf_drv_uart.o(i.uart_irq_handler)
    i.uint16_encode                          0x0001ee80   Section        0  ble_advdata.o(i.uint16_encode)
    uint16_encode                            0x0001ee81   Thumb Code    10  ble_advdata.o(i.uint16_encode)
    i.update_timeout_handler                 0x0001ee8c   Section        0  ble_conn_params.o(i.update_timeout_handler)
    update_timeout_handler                   0x0001ee8d   Thumb Code    86  ble_conn_params.o(i.update_timeout_handler)
    i.user_op_alloc                          0x0001eef0   Section        0  app_timer.o(i.user_op_alloc)
    user_op_alloc                            0x0001eef1   Thumb Code    40  app_timer.o(i.user_op_alloc)
    i.uuid_list_encode                       0x0001ef1c   Section        0  ble_advdata.o(i.uuid_list_encode)
    uuid_list_encode                         0x0001ef1d   Thumb Code    48  ble_advdata.o(i.uuid_list_encode)
    i.uuid_list_sized_encode                 0x0001ef4c   Section        0  ble_advdata.o(i.uuid_list_sized_encode)
    uuid_list_sized_encode                   0x0001ef4d   Thumb Code   174  ble_advdata.o(i.uuid_list_sized_encode)
    i.whitelist_has_entries                  0x0001effc   Section        0  ble_advertising.o(i.whitelist_has_entries)
    whitelist_has_entries                    0x0001effd   Thumb Code    18  ble_advertising.o(i.whitelist_has_entries)
    .constdata                               0x0001f014   Section       72  main.o(.constdata)
    m_twi_mpu_6050                           0x0001f018   Data           8  main.o(.constdata)
    .constdata                               0x0001f05c   Section        8  boards.o(.constdata)
    m_board_led_list                         0x0001f05c   Data           4  boards.o(.constdata)
    m_board_btn_list                         0x0001f060   Data           4  boards.o(.constdata)
    .constdata                               0x0001f064   Section       44  bsp.o(.constdata)
    m_leds_timer_id                          0x0001f064   Data           4  bsp.o(.constdata)
    m_alert_timer_id                         0x0001f068   Data           4  bsp.o(.constdata)
    m_button_timer_id                        0x0001f06c   Data           4  bsp.o(.constdata)
    app_buttons                              0x0001f070   Data          32  bsp.o(.constdata)
    .constdata                               0x0001f090   Section        4  ble_conn_params.o(.constdata)
    m_conn_params_timer_id                   0x0001f090   Data           4  ble_conn_params.o(.constdata)
    .constdata                               0x0001f094   Section       16  ble_nus.o(.constdata)
    .constdata                               0x0001f0a4   Section        4  nrf_drv_gpiote.o(.constdata)
    .constdata                               0x0001f0a8   Section        8  app_button.o(.constdata)
    m_detection_delay_timer_id               0x0001f0a8   Data           4  app_button.o(.constdata)
    .constdata                               0x0001f0b0   Section       32  app_uart_fifo.o(.constdata)
    .data                                    0x20001fe8   Section       84  main.o(.data)
    index                                    0x20001fe8   Data           1  main.o(.data)
    m_conn_handle                            0x20001fea   Data           2  main.o(.data)
    m_adv_uuids                              0x20001ff8   Data           4  main.o(.data)
    .data                                    0x2000203c   Section       20  bsp.o(.data)
    m_stable_state                           0x2000203c   Data           1  bsp.o(.data)
    m_leds_clear                             0x2000203d   Data           1  bsp.o(.data)
    current_long_push_pin_no                 0x2000203e   Data           1  bsp.o(.data)
    m_app_ticks_per_100ms                    0x20002040   Data           4  bsp.o(.data)
    m_indication_type                        0x20002044   Data           4  bsp.o(.data)
    m_registered_callback                    0x20002048   Data           4  bsp.o(.data)
    release_event_at_push                    0x2000204c   Data           4  bsp.o(.data)
    .data                                    0x20002050   Section        8  bsp_btn_ble.o(.data)
    m_error_handler                          0x20002050   Data           4  bsp_btn_ble.o(.data)
    m_num_connections                        0x20002054   Data           4  bsp_btn_ble.o(.data)
    .data                                    0x20002058   Section       48  ble_advertising.o(.data)
    m_initialized                            0x20002058   Data           1  ble_advertising.o(.data)
    m_advertising_start_pending              0x20002059   Data           1  ble_advertising.o(.data)
    m_adv_evt                                0x2000205a   Data           1  ble_advertising.o(.data)
    m_adv_mode_current                       0x2000205b   Data           1  ble_advertising.o(.data)
    m_peer_addr_reply_expected               0x2000205c   Data           1  ble_advertising.o(.data)
    m_whitelist_temporarily_disabled         0x2000205d   Data           1  ble_advertising.o(.data)
    m_whitelist_reply_expected               0x2000205e   Data           1  ble_advertising.o(.data)
    m_current_slave_link_conn_handle         0x20002060   Data           2  ble_advertising.o(.data)
    m_slave_conn_int                         0x20002062   Data           4  ble_advertising.o(.data)
    m_evt_handler                            0x20002068   Data           4  ble_advertising.o(.data)
    m_error_handler                          0x2000206c   Data           4  ble_advertising.o(.data)
    m_peer_address                           0x20002070   Data           7  ble_advertising.o(.data)
    m_whitelist                              0x20002078   Data          16  ble_advertising.o(.data)
    .data                                    0x20002088   Section       20  ble_conn_params.o(.data)
    m_change_param                           0x20002088   Data           1  ble_conn_params.o(.data)
    m_update_count                           0x20002089   Data           1  ble_conn_params.o(.data)
    m_conn_handle                            0x2000208a   Data           2  ble_conn_params.o(.data)
    m_preferred_conn_params                  0x2000208c   Data           8  ble_conn_params.o(.data)
    m_current_conn_params                    0x20002094   Data           8  ble_conn_params.o(.data)
    .data                                    0x2000209c   Section       20  app_button.o(.data)
    m_button_count                           0x2000209c   Data           1  app_button.o(.data)
    mp_buttons                               0x200020a0   Data           4  app_button.o(.data)
    m_detection_delay                        0x200020a4   Data           4  app_button.o(.data)
    m_pin_state                              0x200020a8   Data           4  app_button.o(.data)
    m_pin_transition                         0x200020ac   Data           4  app_button.o(.data)
    .data                                    0x200020b0   Section       32  app_timer.o(.data)
    m_ticks_elapsed_q_read_ind               0x200020b0   Data           1  app_timer.o(.data)
    m_ticks_elapsed_q_write_ind              0x200020b1   Data           1  app_timer.o(.data)
    m_rtc1_running                           0x200020b2   Data           1  app_timer.o(.data)
    m_rtc1_reset                             0x200020b3   Data           1  app_timer.o(.data)
    mp_timer_id_head                         0x200020b4   Data           4  app_timer.o(.data)
    m_ticks_latest                           0x200020b8   Data           4  app_timer.o(.data)
    m_evt_schedule_func                      0x200020bc   Data           4  app_timer.o(.data)
    m_op_queue                               0x200020c0   Data           8  app_timer.o(.data)
    m_ticks_elapsed                          0x200020c8   Data           8  app_timer.o(.data)
    .data                                    0x200020d0   Section       16  app_uart_fifo.o(.data)
    tx_buffer                                0x200020d0   Data           1  app_uart_fifo.o(.data)
    rx_buffer                                0x200020d1   Data           1  app_uart_fifo.o(.data)
    m_rx_ovf                                 0x200020d2   Data           1  app_uart_fifo.o(.data)
    m_event_handler                          0x200020d4   Data           4  app_uart_fifo.o(.data)
    app_uart_inst                            0x200020d8   Data           8  app_uart_fifo.o(.data)
    .data                                    0x200020e0   Section       12  app_util_platform.o(.data)
    m_in_critical_region                     0x200020e0   Data           4  app_util_platform.o(.data)
    .data                                    0x200020ec   Section        4  retarget.o(.data)
    .data                                    0x200020f0   Section       20  softdevice_handler.o(.data)
    m_softdevice_enabled                     0x200020f0   Data           1  softdevice_handler.o(.data)
    m_suspended                              0x200020f1   Data           1  softdevice_handler.o(.data)
    m_ble_evt_buffer_size                    0x200020f2   Data           2  softdevice_handler.o(.data)
    m_evt_schedule_func                      0x200020f4   Data           4  softdevice_handler.o(.data)
    mp_ble_evt_buffer                        0x200020f8   Data           4  softdevice_handler.o(.data)
    m_ble_evt_handler                        0x200020fc   Data           4  softdevice_handler.o(.data)
    m_sys_evt_handler                        0x20002100   Data           4  softdevice_handler.o(.data)
    .data                                    0x20002104   Section        4  system_nrf51.o(.data)
    __tagsym$$used                           0x20002104   Number         0  system_nrf51.o(.data)
    .data                                    0x20002108   Section        4  mvars.o(.data)
    .data                                    0x2000210c   Section        4  mvars.o(.data)
    .bss                                     0x20002110   Section      792  main.o(.bss)
    BLE_EVT_BUFFER                           0x20002110   Data          72  main.o(.bss)
    data_array                               0x20002158   Data          20  main.o(.bss)
    rx_buf                                   0x2000216c   Data         256  main.o(.bss)
    tx_buf                                   0x2000226c   Data         256  main.o(.bss)
    APP_TIMER_BUF                            0x2000236c   Data         120  main.o(.bss)
    m_cb                                     0x200023e4   Data          40  main.o(.bss)
    m_nus                                    0x2000240c   Data          28  main.o(.bss)
    .bss                                     0x20002428   Section       32  bsp.o(.bss)
    m_leds_timer_id_data                     0x20002428   Data          32  bsp.o(.bss)
    .bss                                     0x20002448   Section       32  bsp.o(.bss)
    m_alert_timer_id_data                    0x20002448   Data          32  bsp.o(.bss)
    .bss                                     0x20002468   Section       12  bsp.o(.bss)
    m_events_list                            0x20002468   Data          12  bsp.o(.bss)
    .bss                                     0x20002474   Section       32  bsp.o(.bss)
    m_button_timer_id_data                   0x20002474   Data          32  bsp.o(.bss)
    .bss                                     0x20002494   Section      363  ble_advertising.o(.bss)
    m_adv_modes_config                       0x20002494   Data          32  ble_advertising.o(.bss)
    m_advdata                                0x200024b4   Data          60  ble_advertising.o(.bss)
    m_manuf_specific_data                    0x200024f0   Data          12  ble_advertising.o(.bss)
    m_manuf_data_array                       0x200024fc   Data          31  ble_advertising.o(.bss)
    m_service_data                           0x2000251c   Data          12  ble_advertising.o(.bss)
    m_service_data_array                     0x20002528   Data          31  ble_advertising.o(.bss)
    m_whitelist_addrs                        0x20002547   Data          56  ble_advertising.o(.bss)
    m_whitelist_irks                         0x2000257f   Data         128  ble_advertising.o(.bss)
    .bss                                     0x20002600   Section       32  ble_advertising.o(.bss)
    m_p_whitelist_addrs                      0x20002600   Data          32  ble_advertising.o(.bss)
    .bss                                     0x20002620   Section       32  ble_advertising.o(.bss)
    m_p_whitelist_irks                       0x20002620   Data          32  ble_advertising.o(.bss)
    .bss                                     0x20002640   Section       32  ble_conn_params.o(.bss)
    m_conn_params_timer_id_data              0x20002640   Data          32  ble_conn_params.o(.bss)
    .bss                                     0x20002660   Section       28  ble_conn_params.o(.bss)
    m_conn_params_config                     0x20002660   Data          28  ble_conn_params.o(.bss)
    .bss                                     0x2000267c   Section       20  nrf_drv_clock.o(.bss)
    m_clock_cb                               0x2000267c   Data          20  nrf_drv_clock.o(.bss)
    .bss                                     0x20002690   Section       72  nrf_drv_gpiote.o(.bss)
    m_cb                                     0x20002690   Data          72  nrf_drv_gpiote.o(.bss)
    .bss                                     0x200026d8   Section       28  nrf_drv_uart.o(.bss)
    m_cb                                     0x200026d8   Data          28  nrf_drv_uart.o(.bss)
    .bss                                     0x200026f4   Section       32  app_button.o(.bss)
    m_detection_delay_timer_id_data          0x200026f4   Data          32  app_button.o(.bss)
    .bss                                     0x20002714   Section       32  app_uart_fifo.o(.bss)
    m_rx_fifo                                0x20002714   Data          16  app_uart_fifo.o(.bss)
    m_tx_fifo                                0x20002724   Data          16  app_uart_fifo.o(.bss)
    .bss                                     0x20002734   Section      104  fstorage.o(.bss)
    m_queue                                  0x20002734   Data         104  fstorage.o(.bss)
    HEAP                                     0x200027a0   Section     2048  arm_startup_nrf51.o(HEAP)
    STACK                                    0x20002fa0   Section     2048  arm_startup_nrf51.o(STACK)

    Global Symbols

    Symbol Name                              Value     Ov Type        Size  Object(Section)

    BuildAttributes$$THM_ISAv3M$S$PE$A:L22$X:L11$S22$IEEE1$IW$USESV6$~STKCKD$USESV7$~SHL$OSPACE$ROPI$EBA8$MICROLIB$REQ8$PRES8$EABIv2 0x00000000   Number         0  anon$$obj.o ABSOLUTE
    __ARM_use_no_argv                        0x00000000   Number         0  main.o ABSOLUTE
    _printf_a                                0x00000000   Number         0  stubs.o ABSOLUTE
    _printf_c                                0x00000000   Number         0  stubs.o ABSOLUTE
    _printf_charcount                        0x00000000   Number         0  stubs.o ABSOLUTE
    _printf_d                                0x00000000   Number         0  stubs.o ABSOLUTE
    _printf_e                                0x00000000   Number         0  stubs.o ABSOLUTE
    _printf_f                                0x00000000   Number         0  stubs.o ABSOLUTE
    _printf_flags                            0x00000000   Number         0  stubs.o ABSOLUTE
    _printf_fp_dec                           0x00000000   Number         0  stubs.o ABSOLUTE
    _printf_fp_hex                           0x00000000   Number         0  stubs.o ABSOLUTE
    _printf_g                                0x00000000   Number         0  stubs.o ABSOLUTE
    _printf_i                                0x00000000   Number         0  stubs.o ABSOLUTE
    _printf_int_dec                          0x00000000   Number         0  stubs.o ABSOLUTE
    _printf_l                                0x00000000   Number         0  stubs.o ABSOLUTE
    _printf_lc                               0x00000000   Number         0  stubs.o ABSOLUTE
    _printf_ll                               0x00000000   Number         0  stubs.o ABSOLUTE
    _printf_lld                              0x00000000   Number         0  stubs.o ABSOLUTE
    _printf_lli                              0x00000000   Number         0  stubs.o ABSOLUTE
    _printf_llo                              0x00000000   Number         0  stubs.o ABSOLUTE
    _printf_llu                              0x00000000   Number         0  stubs.o ABSOLUTE
    _printf_llx                              0x00000000   Number         0  stubs.o ABSOLUTE
    _printf_longlong_dec                     0x00000000   Number         0  stubs.o ABSOLUTE
    _printf_longlong_hex                     0x00000000   Number         0  stubs.o ABSOLUTE
    _printf_longlong_oct                     0x00000000   Number         0  stubs.o ABSOLUTE
    _printf_ls                               0x00000000   Number         0  stubs.o ABSOLUTE
    _printf_mbtowc                           0x00000000   Number         0  stubs.o ABSOLUTE
    _printf_n                                0x00000000   Number         0  stubs.o ABSOLUTE
    _printf_o                                0x00000000   Number         0  stubs.o ABSOLUTE
    _printf_p                                0x00000000   Number         0  stubs.o ABSOLUTE
    _printf_percent                          0x00000000   Number         0  stubs.o ABSOLUTE
    _printf_pre_padding                      0x00000000   Number         0  stubs.o ABSOLUTE
    _printf_return_value                     0x00000000   Number         0  stubs.o ABSOLUTE
    _printf_s                                0x00000000   Number         0  stubs.o ABSOLUTE
    _printf_sizespec                         0x00000000   Number         0  stubs.o ABSOLUTE
    _printf_str                              0x00000000   Number         0  stubs.o ABSOLUTE
    _printf_truncate_signed                  0x00000000   Number         0  stubs.o ABSOLUTE
    _printf_truncate_unsigned                0x00000000   Number         0  stubs.o ABSOLUTE
    _printf_u                                0x00000000   Number         0  stubs.o ABSOLUTE
    _printf_wc                               0x00000000   Number         0  stubs.o ABSOLUTE
    _printf_wctomb                           0x00000000   Number         0  stubs.o ABSOLUTE
    _printf_widthprec                        0x00000000   Number         0  stubs.o ABSOLUTE
    _printf_x                                0x00000000   Number         0  stubs.o ABSOLUTE
    __cpp_initialize__aeabi_                  - Undefined Weak Reference
    __cxa_finalize                            - Undefined Weak Reference
    __decompress                              - Undefined Weak Reference
    _clock_init                               - Undefined Weak Reference
    _microlib_exit                            - Undefined Weak Reference
    fs_data$$Base                             - Undefined Reference
    fs_data$$Limit                            - Undefined Reference
    __Vectors_Size                           0x000000c0   Number         0  arm_startup_nrf51.o ABSOLUTE
    __Vectors                                0x0001b000   Data           4  arm_startup_nrf51.o(RESET)
    __Vectors_End                            0x0001b0c0   Data           0  arm_startup_nrf51.o(RESET)
    __main                                   0x0001b0c1   Thumb Code     0  entry.o(.ARM.Collect$$$$00000000)
    _main_stk                                0x0001b0c1   Thumb Code     0  entry2.o(.ARM.Collect$$$$00000001)
    _main_scatterload                        0x0001b0c5   Thumb Code     0  entry5.o(.ARM.Collect$$$$00000004)
    __main_after_scatterload                 0x0001b0c9   Thumb Code     0  entry5.o(.ARM.Collect$$$$00000004)
    _main_clock                              0x0001b0c9   Thumb Code     0  entry7b.o(.ARM.Collect$$$$00000008)
    _main_cpp_init                           0x0001b0c9   Thumb Code     0  entry8b.o(.ARM.Collect$$$$0000000A)
    _main_init                               0x0001b0c9   Thumb Code     0  entry9a.o(.ARM.Collect$$$$0000000B)
    __rt_final_cpp                           0x0001b0d1   Thumb Code     0  entry10a.o(.ARM.Collect$$$$0000000D)
    __rt_final_exit                          0x0001b0d1   Thumb Code     0  entry11a.o(.ARM.Collect$$$$0000000F)
    Reset_Handler                            0x0001b0d5   Thumb Code    26  arm_startup_nrf51.o(.text)
    NMI_Handler                              0x0001b0ef   Thumb Code     2  arm_startup_nrf51.o(.text)
    HardFault_Handler                        0x0001b0f1   Thumb Code     2  arm_startup_nrf51.o(.text)
    SVC_Handler                              0x0001b0f3   Thumb Code     2  arm_startup_nrf51.o(.text)
    PendSV_Handler                           0x0001b0f5   Thumb Code     2  arm_startup_nrf51.o(.text)
    SysTick_Handler                          0x0001b0f7   Thumb Code     2  arm_startup_nrf51.o(.text)
    CCM_AAR_IRQHandler                       0x0001b0f9   Thumb Code     0  arm_startup_nrf51.o(.text)
    ECB_IRQHandler                           0x0001b0f9   Thumb Code     0  arm_startup_nrf51.o(.text)
    LPCOMP_IRQHandler                        0x0001b0f9   Thumb Code     0  arm_startup_nrf51.o(.text)
    QDEC_IRQHandler                          0x0001b0f9   Thumb Code     0  arm_startup_nrf51.o(.text)
    RADIO_IRQHandler                         0x0001b0f9   Thumb Code     0  arm_startup_nrf51.o(.text)
    RNG_IRQHandler                           0x0001b0f9   Thumb Code     0  arm_startup_nrf51.o(.text)
    RTC0_IRQHandler                          0x0001b0f9   Thumb Code     0  arm_startup_nrf51.o(.text)
    SPI1_TWI1_IRQHandler                     0x0001b0f9   Thumb Code     0  arm_startup_nrf51.o(.text)
    SWI1_IRQHandler                          0x0001b0f9   Thumb Code     0  arm_startup_nrf51.o(.text)
    SWI3_IRQHandler                          0x0001b0f9   Thumb Code     0  arm_startup_nrf51.o(.text)
    SWI4_IRQHandler                          0x0001b0f9   Thumb Code     0  arm_startup_nrf51.o(.text)
    SWI5_IRQHandler                          0x0001b0f9   Thumb Code     0  arm_startup_nrf51.o(.text)
    TEMP_IRQHandler                          0x0001b0f9   Thumb Code     0  arm_startup_nrf51.o(.text)
    TIMER0_IRQHandler                        0x0001b0f9   Thumb Code     0  arm_startup_nrf51.o(.text)
    TIMER1_IRQHandler                        0x0001b0f9   Thumb Code     0  arm_startup_nrf51.o(.text)
    WDT_IRQHandler                           0x0001b0f9   Thumb Code     0  arm_startup_nrf51.o(.text)
    __aeabi_uidiv                            0x0001b10d   Thumb Code     0  uidiv.o(.text)
    __aeabi_uidivmod                         0x0001b10d   Thumb Code    44  uidiv.o(.text)
    __aeabi_memcpy                           0x0001b139   Thumb Code    36  memcpya.o(.text)
    __aeabi_memcpy4                          0x0001b139   Thumb Code     0  memcpya.o(.text)
    __aeabi_memcpy8                          0x0001b139   Thumb Code     0  memcpya.o(.text)
    __aeabi_memset                           0x0001b15d   Thumb Code    14  memseta.o(.text)
    __aeabi_memset4                          0x0001b15d   Thumb Code     0  memseta.o(.text)
    __aeabi_memset8                          0x0001b15d   Thumb Code     0  memseta.o(.text)
    __aeabi_memclr                           0x0001b16b   Thumb Code     4  memseta.o(.text)
    __aeabi_memclr4                          0x0001b16b   Thumb Code     0  memseta.o(.text)
    __aeabi_memclr8                          0x0001b16b   Thumb Code     0  memseta.o(.text)
    _memset$wrapper                          0x0001b16f   Thumb Code    18  memseta.o(.text)
    __aeabi_uldivmod                         0x0001b181   Thumb Code    96  uldiv.o(.text)
    __aeabi_llsl                             0x0001b1e1   Thumb Code    32  llshl.o(.text)
    _ll_shift_l                              0x0001b1e1   Thumb Code     0  llshl.o(.text)
    __scatterload                            0x0001b201   Thumb Code    28  init.o(.text)
    __scatterload_rt2                        0x0001b201   Thumb Code     0  init.o(.text)
    __aeabi_llsr                             0x0001b225   Thumb Code    34  llushr.o(.text)
    _ll_ushift_r                             0x0001b225   Thumb Code     0  llushr.o(.text)
    ADC_IRQHandler                           0x0001b249   Thumb Code    22  main.o(i.ADC_IRQHandler)
    GPIOTE_IRQHandler                        0x0001b271   Thumb Code   364  nrf_drv_gpiote.o(i.GPIOTE_IRQHandler)
    POWER_CLOCK_IRQHandler                   0x0001b42d   Thumb Code    70  nrf_drv_clock.o(i.POWER_CLOCK_IRQHandler)
    RTC1_IRQHandler                          0x0001b481   Thumb Code    28  app_timer.o(i.RTC1_IRQHandler)
    SPI0_TWI0_IRQHandler                     0x0001b4a1   Thumb Code    12  main.o(i.SPI0_TWI0_IRQHandler)
    SWI0_IRQHandler                          0x0001b4b5   Thumb Code     8  app_timer.o(i.SWI0_IRQHandler)
    SWI2_IRQHandler                          0x0001b4bd   Thumb Code    28  softdevice_handler.o(i.SWI2_IRQHandler)
    SystemInit                               0x0001b4dd   Thumb Code   130  system_nrf51.o(i.SystemInit)
    TIMER2_IRQHandler                        0x0001b57d   Thumb Code   136  main.o(i.TIMER2_IRQHandler)
    UART0_IRQHandler                         0x0001b641   Thumb Code    12  nrf_drv_uart.o(i.UART0_IRQHandler)
    __0printf$5                              0x0001b655   Thumb Code    24  printf5.o(i.__0printf$5)
    __1printf$5                              0x0001b655   Thumb Code     0  printf5.o(i.__0printf$5)
    __2printf                                0x0001b655   Thumb Code     0  printf5.o(i.__0printf$5)
    __ARM_common_switch8                     0x0001b675   Thumb Code    26  bsp.o(i.__ARM_common_switch8)
    __scatterload_copy                       0x0001b68f   Thumb Code    14  handlers.o(i.__scatterload_copy)
    __scatterload_null                       0x0001b69d   Thumb Code     2  handlers.o(i.__scatterload_null)
    __scatterload_zeroinit                   0x0001b69f   Thumb Code    14  handlers.o(i.__scatterload_zeroinit)
    adc_config                               0x0001b9a5   Thumb Code    46  main.o(i.adc_config)
    adv_data_encode                          0x0001b9e5   Thumb Code   398  ble_advdata.o(i.adv_data_encode)
    app_button_enable                        0x0001bc25   Thumb Code    32  app_button.o(i.app_button_enable)
    app_button_init                          0x0001bc49   Thumb Code   100  app_button.o(i.app_button_init)
    app_error_fault_handler                  0x0001bcbd   Thumb Code    18  app_error_weak.o(i.app_error_fault_handler)
    app_error_handler_bare                   0x0001bcd9   Thumb Code    20  app_error.o(i.app_error_handler_bare)
    app_fifo_get                             0x0001bcf1   Thumb Code    22  app_fifo.o(i.app_fifo_get)
    app_fifo_init                            0x0001bd07   Thumb Code    36  app_fifo.o(i.app_fifo_init)
    app_fifo_put                             0x0001bd2b   Thumb Code    26  app_fifo.o(i.app_fifo_put)
    app_timer_create                         0x0001bd45   Thumb Code    44  app_timer.o(i.app_timer_create)
    app_timer_init                           0x0001bd75   Thumb Code    98  app_timer.o(i.app_timer_init)
    app_timer_start                          0x0001bde9   Thumb Code   128  app_timer.o(i.app_timer_start)
    app_timer_stop                           0x0001be71   Thumb Code    36  app_timer.o(i.app_timer_stop)
    app_uart_get                             0x0001be99   Thumb Code    46  app_uart_fifo.o(i.app_uart_get)
    app_uart_init                            0x0001bed1   Thumb Code   160  app_uart_fifo.o(i.app_uart_init)
    app_uart_put                             0x0001bf81   Thumb Code    56  app_uart_fifo.o(i.app_uart_put)
    app_util_critical_region_enter           0x0001bfc1   Thumb Code    48  app_util_platform.o(i.app_util_critical_region_enter)
    app_util_critical_region_exit            0x0001bffd   Thumb Code    36  app_util_platform.o(i.app_util_critical_region_exit)
    ble_advdata_set                          0x0001c0ad   Thumb Code   104  ble_advdata.o(i.ble_advdata_set)
    ble_advertising_init                     0x0001c115   Thumb Code   340  ble_advertising.o(i.ble_advertising_init)
    ble_advertising_on_ble_evt               0x0001c271   Thumb Code    82  ble_advertising.o(i.ble_advertising_on_ble_evt)
    ble_advertising_restart_without_whitelist 0x0001c2c9   Thumb Code    50  ble_advertising.o(i.ble_advertising_restart_without_whitelist)
    ble_advertising_start                    0x0001c305   Thumb Code   256  ble_advertising.o(i.ble_advertising_start)
    ble_conn_params_init                     0x0001c40d   Thumb Code    68  ble_conn_params.o(i.ble_conn_params_init)
    ble_conn_params_on_ble_evt               0x0001c461   Thumb Code   130  ble_conn_params.o(i.ble_conn_params_on_ble_evt)
    ble_nus_init                             0x0001c579   Thumb Code    98  ble_nus.o(i.ble_nus_init)
    ble_nus_on_ble_evt                       0x0001c5e1   Thumb Code    92  ble_nus.o(i.ble_nus_on_ble_evt)
    ble_nus_string_send                      0x0001c63d   Thumb Code    78  ble_nus.o(i.ble_nus_string_send)
    ble_srv_is_notification_enabled          0x0001c691   Thumb Code    14  ble_srv_common.o(i.ble_srv_is_notification_enabled)
    bsp_board_button_idx_to_pin              0x0001c6a1   Thumb Code     6  boards.o(i.bsp_board_button_idx_to_pin)
    bsp_board_button_state_get               0x0001c6ad   Thumb Code    24  boards.o(i.bsp_board_button_state_get)
    bsp_board_led_invert                     0x0001c6cd   Thumb Code    24  boards.o(i.bsp_board_led_invert)
    bsp_board_led_off                        0x0001c6ed   Thumb Code    14  boards.o(i.bsp_board_led_off)
    bsp_board_led_on                         0x0001c701   Thumb Code    14  boards.o(i.bsp_board_led_on)
    bsp_board_led_state_get                  0x0001c715   Thumb Code    24  boards.o(i.bsp_board_led_state_get)
    bsp_board_leds_init                      0x0001c735   Thumb Code    36  boards.o(i.bsp_board_leds_init)
    bsp_board_leds_off                       0x0001c75d   Thumb Code    18  boards.o(i.bsp_board_leds_off)
    bsp_board_leds_on                        0x0001c76f   Thumb Code    18  boards.o(i.bsp_board_leds_on)
    bsp_board_pin_to_button_idx              0x0001c781   Thumb Code    30  boards.o(i.bsp_board_pin_to_button_idx)
    bsp_btn_ble_init                         0x0001c7a5   Thumb Code    58  bsp_btn_ble.o(i.bsp_btn_ble_init)
    bsp_btn_ble_on_ble_evt                   0x0001c7e5   Thumb Code   114  bsp_btn_ble.o(i.bsp_btn_ble_on_ble_evt)
    bsp_btn_ble_sleep_mode_prepare           0x0001c85d   Thumb Code    34  bsp_btn_ble.o(i.bsp_btn_ble_sleep_mode_prepare)
    bsp_button_is_pressed                    0x0001c915   Thumb Code     8  bsp.o(i.bsp_button_is_pressed)
    bsp_event_handler                        0x0001c91d   Thumb Code    58  main.o(i.bsp_event_handler)
    bsp_event_to_button_action_assign        0x0001c961   Thumb Code    66  bsp.o(i.bsp_event_to_button_action_assign)
    bsp_indication_set                       0x0001c9a9   Thumb Code    22  bsp.o(i.bsp_indication_set)
    bsp_init                                 0x0001c9c5   Thumb Code   132  bsp.o(i.bsp_init)
    bsp_wakeup_button_enable                 0x0001cbdd   Thumb Code    16  bsp.o(i.bsp_wakeup_button_enable)
    fputc                                    0x0001cefb   Thumb Code    14  retarget.o(i.fputc)
    free                                     0x0001cf09   Thumb Code    80  malloc.o(i.free)
    fs_queued_op_count_get                   0x0001cf5d   Thumb Code    18  fstorage.o(i.fs_queued_op_count_get)
    intern_softdevice_events_execute         0x0001cfc5   Thumb Code   122  softdevice_handler.o(i.intern_softdevice_events_execute)
    main                                     0x0001d2d5   Thumb Code   528  main.o(i.main)
    malloc                                   0x0001d55d   Thumb Code    92  malloc.o(i.malloc)
    mpu_6050_I2C_register_read               0x0001d631   Thumb Code    44  main.o(i.mpu_6050_I2C_register_read)
    mpu_6050_I2C_register_write              0x0001d661   Thumb Code    70  main.o(i.mpu_6050_I2C_register_write)
    mpu_6050_get_device_id                   0x0001d6ad   Thumb Code    30  main.o(i.mpu_6050_get_device_id)
    mpu_6050_init                            0x0001d6cb   Thumb Code    26  main.o(i.mpu_6050_init)
    mpu_6050_read_acc                        0x0001d6e5   Thumb Code    52  main.o(i.mpu_6050_read_acc)
    nrf_adc_configure                        0x0001d7b9   Thumb Code    60  main.o(i.nrf_adc_configure)
    nrf_drv_clock_init                       0x0001d899   Thumb Code    60  nrf_drv_clock.o(i.nrf_drv_clock_init)
    nrf_drv_clock_on_sd_enable               0x0001d8e1   Thumb Code    46  nrf_drv_clock.o(i.nrf_drv_clock_on_sd_enable)
    nrf_drv_clock_on_soc_event               0x0001d915   Thumb Code    12  nrf_drv_clock.o(i.nrf_drv_clock_on_soc_event)
    nrf_drv_common_irq_enable                0x0001d921   Thumb Code    78  nrf_drv_common.o(i.nrf_drv_common_irq_enable)
    nrf_drv_gpiote_in_event_enable           0x0001d981   Thumb Code   136  nrf_drv_gpiote.o(i.nrf_drv_gpiote_in_event_enable)
    nrf_drv_gpiote_in_init                   0x0001da19   Thumb Code   154  nrf_drv_gpiote.o(i.nrf_drv_gpiote_in_init)
    nrf_drv_gpiote_in_is_set                 0x0001dac1   Thumb Code    16  nrf_drv_gpiote.o(i.nrf_drv_gpiote_in_is_set)
    nrf_drv_gpiote_init                      0x0001dad5   Thumb Code    84  nrf_drv_gpiote.o(i.nrf_drv_gpiote_init)
    nrf_drv_gpiote_is_init                   0x0001db31   Thumb Code    12  nrf_drv_gpiote.o(i.nrf_drv_gpiote_is_init)
    nrf_drv_twi_enable                       0x0001db41   Thumb Code    28  main.o(i.nrf_drv_twi_enable)
    nrf_drv_twi_init                         0x0001db61   Thumb Code   124  main.o(i.nrf_drv_twi_init)
    nrf_drv_twi_rx                           0x0001dbe9   Thumb Code    30  main.o(i.nrf_drv_twi_rx)
    nrf_drv_twi_tx                           0x0001dc0d   Thumb Code    36  main.o(i.nrf_drv_twi_tx)
    nrf_drv_twi_xfer                         0x0001dc31   Thumb Code    36  main.o(i.nrf_drv_twi_xfer)
    nrf_drv_uart_init                        0x0001dc59   Thumb Code   118  nrf_drv_uart.o(i.nrf_drv_uart_init)
    nrf_drv_uart_rx                          0x0001dcd9   Thumb Code    86  nrf_drv_uart.o(i.nrf_drv_uart_rx)
    nrf_drv_uart_rx_enable                   0x0001dd35   Thumb Code    40  nrf_drv_uart.o(i.nrf_drv_uart_rx_enable)
    nrf_drv_uart_tx                          0x0001de09   Thumb Code    46  nrf_drv_uart.o(i.nrf_drv_uart_tx)
    nrf_drv_uart_tx_in_progress              0x0001dec9   Thumb Code    20  nrf_drv_uart.o(i.nrf_drv_uart_tx_in_progress)
    softdevice_ble_evt_handler_set           0x0001e511   Thumb Code    16  softdevice_handler.o(i.softdevice_ble_evt_handler_set)
    softdevice_enable                        0x0001e525   Thumb Code    14  softdevice_handler.o(i.softdevice_enable)
    softdevice_enable_get_default_config     0x0001e539   Thumb Code    40  softdevice_handler.o(i.softdevice_enable_get_default_config)
    softdevice_fault_handler                 0x0001e561   Thumb Code     8  softdevice_handler.o(i.softdevice_fault_handler)
    softdevice_handler_init                  0x0001e569   Thumb Code    74  softdevice_handler.o(i.softdevice_handler_init)
    softdevice_handler_is_enabled            0x0001e5c1   Thumb Code     6  softdevice_handler.o(i.softdevice_handler_is_enabled)
    start_timer2                             0x0001e5cd   Thumb Code    54  main.o(i.start_timer2)
    twi_init                                 0x0001e849   Thumb Code    42  main.o(i.twi_init)
    uart_event_handle                        0x0001ec51   Thumb Code    84  main.o(i.uart_event_handle)
    Region$$Table$$Base                      0x0001f0d0   Number         0  anon$$obj.o(Region$$Table)
    Region$$Table$$Limit                     0x0001f0f0   Number         0  anon$$obj.o(Region$$Table)
    Image$$RW_IRAM1$$Base                    0x20001fe8   Number         0  anon$$obj.o ABSOLUTE
    x_val                                    0x20001fec   Data           2  main.o(.data)
    y_val                                    0x20001fee   Data           2  main.o(.data)
    z_val                                    0x20001ff0   Data           2  main.o(.data)
    x_gyro                                   0x20001ff2   Data           2  main.o(.data)
    y_gyro                                   0x20001ff4   Data           2  main.o(.data)
    z_gyro                                   0x20001ff6   Data           2  main.o(.data)
    buffersize                               0x20001ffc   Data           4  main.o(.data)
    acel_deadzone                            0x20002000   Data           4  main.o(.data)
    giro_deadzone                            0x20002004   Data           4  main.o(.data)
    adc_value                                0x20002008   Data           4  main.o(.data)
    mean_ax                                  0x2000200c   Data           4  main.o(.data)
    mean_ay                                  0x20002010   Data           4  main.o(.data)
    mean_az                                  0x20002014   Data           4  main.o(.data)
    mean_gx                                  0x20002018   Data           4  main.o(.data)
    mean_gy                                  0x2000201c   Data           4  main.o(.data)
    mean_gz                                  0x20002020   Data           4  main.o(.data)
    ax_offset                                0x20002024   Data           4  main.o(.data)
    ay_offset                                0x20002028   Data           4  main.o(.data)
    az_offset                                0x2000202c   Data           4  main.o(.data)
    gx_offset                                0x20002030   Data           4  main.o(.data)
    gy_offset                                0x20002034   Data           4  main.o(.data)
    gz_offset                                0x20002038   Data           4  main.o(.data)
    nrf_nvic_state                           0x200020e4   Data           8  app_util_platform.o(.data)
    __stdout                                 0x200020ec   Data           4  retarget.o(.data)
    SystemCoreClock                          0x20002104   Data           4  system_nrf51.o(.data)
    __microlib_freelist                      0x20002108   Data           4  mvars.o(.data)
    __microlib_freelist_initialised          0x2000210c   Data           4  mvars.o(.data)
    __heap_base                              0x200027a0   Data           0  arm_startup_nrf51.o(HEAP)
    __heap_limit                             0x20002fa0   Data           0  arm_startup_nrf51.o(HEAP)
    __initial_sp                             0x200037a0   Data           0  arm_startup_nrf51.o(STACK)



==============================================================================

Memory Map of the image

  Image Entry point : 0x0001b0c1

  Load Region LR_IROM1 (Base: 0x0001b000, Size: 0x00004218, Max: 0x00025000, ABSOLUTE)

    Execution Region ER_IROM1 (Exec base: 0x0001b000, Load base: 0x0001b000, Size: 0x000040f0, Max: 0x00025000, ABSOLUTE)

    Exec Addr    Load Addr    Size         Type   Attr      Idx    E Section Name        Object

    0x0001b000   0x0001b000   0x000000c0   Data   RO         2738    RESET               arm_startup_nrf51.o
    0x0001b0c0   0x0001b0c0   0x00000000   Code   RO         2780  * .ARM.Collect$$$$00000000  mc_p.l(entry.o)
    0x0001b0c0   0x0001b0c0   0x00000004   Code   RO         3092    .ARM.Collect$$$$00000001  mc_p.l(entry2.o)
    0x0001b0c4   0x0001b0c4   0x00000004   Code   RO         3095    .ARM.Collect$$$$00000004  mc_p.l(entry5.o)
    0x0001b0c8   0x0001b0c8   0x00000000   Code   RO         3097    .ARM.Collect$$$$00000008  mc_p.l(entry7b.o)
    0x0001b0c8   0x0001b0c8   0x00000000   Code   RO         3099    .ARM.Collect$$$$0000000A  mc_p.l(entry8b.o)
    0x0001b0c8   0x0001b0c8   0x00000008   Code   RO         3100    .ARM.Collect$$$$0000000B  mc_p.l(entry9a.o)
    0x0001b0d0   0x0001b0d0   0x00000000   Code   RO         3102    .ARM.Collect$$$$0000000D  mc_p.l(entry10a.o)
    0x0001b0d0   0x0001b0d0   0x00000000   Code   RO         3104    .ARM.Collect$$$$0000000F  mc_p.l(entry11a.o)
    0x0001b0d0   0x0001b0d0   0x00000004   Code   RO         3093    .ARM.Collect$$$$00002712  mc_p.l(entry2.o)
    0x0001b0d4   0x0001b0d4   0x00000038   Code   RO         2739    .text               arm_startup_nrf51.o
    0x0001b10c   0x0001b10c   0x0000002c   Code   RO         2783    .text               mc_p.l(uidiv.o)
    0x0001b138   0x0001b138   0x00000024   Code   RO         2787    .text               mc_p.l(memcpya.o)
    0x0001b15c   0x0001b15c   0x00000024   Code   RO         2789    .text               mc_p.l(memseta.o)
    0x0001b180   0x0001b180   0x00000060   Code   RO         3106    .text               mc_p.l(uldiv.o)
    0x0001b1e0   0x0001b1e0   0x00000020   Code   RO         3108    .text               mc_p.l(llshl.o)
    0x0001b200   0x0001b200   0x00000024   Code   RO         3125    .text               mc_p.l(init.o)
    0x0001b224   0x0001b224   0x00000022   Code   RO         3127    .text               mc_p.l(llushr.o)
    0x0001b246   0x0001b246   0x00000002   PAD
    0x0001b248   0x0001b248   0x00000028   Code   RO            3    i.ADC_IRQHandler    main.o
    0x0001b270   0x0001b270   0x00000178   Code   RO         1408    i.GPIOTE_IRQHandler  nrf_drv_gpiote.o
    0x0001b3e8   0x0001b3e8   0x00000044   Code   RO         1989    i.NVIC_SetPriority  app_timer.o
    0x0001b42c   0x0001b42c   0x00000054   Code   RO         1205    i.POWER_CLOCK_IRQHandler  nrf_drv_clock.o
    0x0001b480   0x0001b480   0x00000020   Code   RO         1990    i.RTC1_IRQHandler   app_timer.o
    0x0001b4a0   0x0001b4a0   0x00000014   Code   RO            4    i.SPI0_TWI0_IRQHandler  main.o
    0x0001b4b4   0x0001b4b4   0x00000008   Code   RO         1991    i.SWI0_IRQHandler   app_timer.o
    0x0001b4bc   0x0001b4bc   0x00000020   Code   RO         2605    i.SWI2_IRQHandler   softdevice_handler.o
    0x0001b4dc   0x0001b4dc   0x000000a0   Code   RO         2746    i.SystemInit        system_nrf51.o
    0x0001b57c   0x0001b57c   0x000000c4   Code   RO            5    i.TIMER2_IRQHandler  main.o
    0x0001b640   0x0001b640   0x00000014   Code   RO         1623    i.UART0_IRQHandler  nrf_drv_uart.o
    0x0001b654   0x0001b654   0x00000020   Code   RO         2930    i.__0printf$5       mc_p.l(printf5.o)
    0x0001b674   0x0001b674   0x0000001a   Code   RO          777    i.__ARM_common_switch8  bsp.o
    0x0001b68e   0x0001b68e   0x0000000e   Code   RO         3131    i.__scatterload_copy  mc_p.l(handlers.o)
    0x0001b69c   0x0001b69c   0x00000002   Code   RO         3132    i.__scatterload_null  mc_p.l(handlers.o)
    0x0001b69e   0x0001b69e   0x0000000e   Code   RO         3133    i.__scatterload_zeroinit  mc_p.l(handlers.o)
    0x0001b6ac   0x0001b6ac   0x0000001c   Code   RO         2606    i.__sd_nvic_app_accessible_irq  softdevice_handler.o
    0x0001b6c8   0x0001b6c8   0x000002dc   Code   RO         2937    i._printf_core      mc_p.l(printf5.o)
    0x0001b9a4   0x0001b9a4   0x00000040   Code   RO            6    i.adc_config        main.o
    0x0001b9e4   0x0001b9e4   0x0000018e   Code   RO          876    i.adv_data_encode   ble_advdata.o
    0x0001bb72   0x0001bb72   0x00000002   PAD
    0x0001bb74   0x0001bb74   0x00000068   Code   RO          952    i.adv_mode_next_avail_get  ble_advertising.o
    0x0001bbdc   0x0001bbdc   0x0000003c   Code   RO          796    i.advertising_buttons_configure  bsp_btn_ble.o
    0x0001bc18   0x0001bc18   0x0000000a   Code   RO          683    i.alert_timer_handler  bsp.o
    0x0001bc22   0x0001bc22   0x00000002   PAD
    0x0001bc24   0x0001bc24   0x00000024   Code   RO         1798    i.app_button_enable  app_button.o
    0x0001bc48   0x0001bc48   0x00000074   Code   RO         1799    i.app_button_init   app_button.o
    0x0001bcbc   0x0001bcbc   0x0000001c   Code   RO         1894    i.app_error_fault_handler  app_error_weak.o
    0x0001bcd8   0x0001bcd8   0x00000018   Code   RO         1856    i.app_error_handler_bare  app_error.o
    0x0001bcf0   0x0001bcf0   0x00000016   Code   RO         1921    i.app_fifo_get      app_fifo.o
    0x0001bd06   0x0001bd06   0x00000024   Code   RO         1922    i.app_fifo_init     app_fifo.o
    0x0001bd2a   0x0001bd2a   0x0000001a   Code   RO         1924    i.app_fifo_put      app_fifo.o
    0x0001bd44   0x0001bd44   0x00000030   Code   RO         1994    i.app_timer_create  app_timer.o
    0x0001bd74   0x0001bd74   0x00000074   Code   RO         1995    i.app_timer_init    app_timer.o
    0x0001bde8   0x0001bde8   0x00000088   Code   RO         1996    i.app_timer_start   app_timer.o
    0x0001be70   0x0001be70   0x00000028   Code   RO         1997    i.app_timer_stop    app_timer.o
    0x0001be98   0x0001be98   0x00000038   Code   RO         2136    i.app_uart_get      app_uart_fifo.o
    0x0001bed0   0x0001bed0   0x000000b0   Code   RO         2137    i.app_uart_init     app_uart_fifo.o
    0x0001bf80   0x0001bf80   0x00000040   Code   RO         2138    i.app_uart_put      app_uart_fifo.o
    0x0001bfc0   0x0001bfc0   0x0000003c   Code   RO         2193    i.app_util_critical_region_enter  app_util_platform.o
    0x0001bffc   0x0001bffc   0x0000002c   Code   RO         2194    i.app_util_critical_region_exit  app_util_platform.o
    0x0001c028   0x0001c028   0x00000084   Code   RO         1624    i.apply_config      nrf_drv_uart.o
    0x0001c0ac   0x0001c0ac   0x00000068   Code   RO          877    i.ble_advdata_set   ble_advdata.o
    0x0001c114   0x0001c114   0x0000015c   Code   RO          953    i.ble_advertising_init  ble_advertising.o
    0x0001c270   0x0001c270   0x00000058   Code   RO          954    i.ble_advertising_on_ble_evt  ble_advertising.o
    0x0001c2c8   0x0001c2c8   0x0000003c   Code   RO          957    i.ble_advertising_restart_without_whitelist  ble_advertising.o
    0x0001c304   0x0001c304   0x00000108   Code   RO          958    i.ble_advertising_start  ble_advertising.o
    0x0001c40c   0x0001c40c   0x00000054   Code   RO         1043    i.ble_conn_params_init  ble_conn_params.o
    0x0001c460   0x0001c460   0x00000090   Code   RO         1044    i.ble_conn_params_on_ble_evt  ble_conn_params.o
    0x0001c4f0   0x0001c4f0   0x0000005e   Code   RO          878    i.ble_device_addr_encode  ble_advdata.o
    0x0001c54e   0x0001c54e   0x00000002   PAD
    0x0001c550   0x0001c550   0x00000028   Code   RO            8    i.ble_evt_dispatch  main.o
    0x0001c578   0x0001c578   0x00000068   Code   RO         1162    i.ble_nus_init      ble_nus.o
    0x0001c5e0   0x0001c5e0   0x0000005c   Code   RO         1163    i.ble_nus_on_ble_evt  ble_nus.o
    0x0001c63c   0x0001c63c   0x00000054   Code   RO         1164    i.ble_nus_string_send  ble_nus.o
    0x0001c690   0x0001c690   0x0000000e   Code   RO         1109    i.ble_srv_is_notification_enabled  ble_srv_common.o
    0x0001c69e   0x0001c69e   0x00000002   PAD
    0x0001c6a0   0x0001c6a0   0x0000000c   Code   RO          568    i.bsp_board_button_idx_to_pin  boards.o
    0x0001c6ac   0x0001c6ac   0x00000020   Code   RO          569    i.bsp_board_button_state_get  boards.o
    0x0001c6cc   0x0001c6cc   0x00000020   Code   RO          572    i.bsp_board_led_invert  boards.o
    0x0001c6ec   0x0001c6ec   0x00000014   Code   RO          573    i.bsp_board_led_off  boards.o
    0x0001c700   0x0001c700   0x00000014   Code   RO          574    i.bsp_board_led_on  boards.o
    0x0001c714   0x0001c714   0x00000020   Code   RO          575    i.bsp_board_led_state_get  boards.o
    0x0001c734   0x0001c734   0x00000028   Code   RO          576    i.bsp_board_leds_init  boards.o
    0x0001c75c   0x0001c75c   0x00000012   Code   RO          577    i.bsp_board_leds_off  boards.o
    0x0001c76e   0x0001c76e   0x00000012   Code   RO          578    i.bsp_board_leds_on  boards.o
    0x0001c780   0x0001c780   0x00000024   Code   RO          579    i.bsp_board_pin_to_button_idx  boards.o
    0x0001c7a4   0x0001c7a4   0x00000040   Code   RO          797    i.bsp_btn_ble_init  bsp_btn_ble.o
    0x0001c7e4   0x0001c7e4   0x00000078   Code   RO          798    i.bsp_btn_ble_on_ble_evt  bsp_btn_ble.o
    0x0001c85c   0x0001c85c   0x00000022   Code   RO          799    i.bsp_btn_ble_sleep_mode_prepare  bsp_btn_ble.o
    0x0001c87e   0x0001c87e   0x00000002   PAD
    0x0001c880   0x0001c880   0x00000094   Code   RO          684    i.bsp_button_event_handler  bsp.o
    0x0001c914   0x0001c914   0x00000008   Code   RO          685    i.bsp_button_is_pressed  bsp.o
    0x0001c91c   0x0001c91c   0x00000044   Code   RO            9    i.bsp_event_handler  main.o
    0x0001c960   0x0001c960   0x00000048   Code   RO          688    i.bsp_event_to_button_action_assign  bsp.o
    0x0001c9a8   0x0001c9a8   0x0000001c   Code   RO          689    i.bsp_indication_set  bsp.o
    0x0001c9c4   0x0001c9c4   0x00000098   Code   RO          690    i.bsp_init          bsp.o
    0x0001ca5c   0x0001ca5c   0x00000180   Code   RO          691    i.bsp_led_indication  bsp.o
    0x0001cbdc   0x0001cbdc   0x00000010   Code   RO          693    i.bsp_wakeup_button_enable  bsp.o
    0x0001cbec   0x0001cbec   0x0000000c   Code   RO          694    i.button_timer_handler  bsp.o
    0x0001cbf8   0x0001cbf8   0x0000001c   Code   RO         1409    i.channel_free      nrf_drv_gpiote.o
    0x0001cc14   0x0001cc14   0x00000048   Code   RO         1410    i.channel_port_alloc  nrf_drv_gpiote.o
    0x0001cc5c   0x0001cc5c   0x00000010   Code   RO         1411    i.channel_port_get  nrf_drv_gpiote.o
    0x0001cc6c   0x0001cc6c   0x00000028   Code   RO         1206    i.clock_clk_started_notify  nrf_drv_clock.o
    0x0001cc94   0x0001cc94   0x000000a8   Code   RO         1999    i.compare_reg_update  app_timer.o
    0x0001cd3c   0x0001cd3c   0x00000088   Code   RO          879    i.conn_int_encode   ble_advdata.o
    0x0001cdc4   0x0001cdc4   0x00000008   Code   RO           11    i.conn_params_error_handler  main.o
    0x0001cdcc   0x0001cdcc   0x00000068   Code   RO         1046    i.conn_params_negotiation  ble_conn_params.o
    0x0001ce34   0x0001ce34   0x00000060   Code   RO         1801    i.detection_delay_timeout_handler  app_button.o
    0x0001ce94   0x0001ce94   0x00000040   Code   RO         2000    i.elapsed_ticks_acquire  app_timer.o
    0x0001ced4   0x0001ced4   0x00000014   Code   RO         1927    i.fifo_get          app_fifo.o
    0x0001cee8   0x0001cee8   0x00000012   Code   RO         1928    i.fifo_put          app_fifo.o
    0x0001cefa   0x0001cefa   0x0000000e   Code   RO         2382    i.fputc             retarget.o
    0x0001cf08   0x0001cf08   0x00000054   Code   RO         3058    i.free              mc_p.l(malloc.o)
    0x0001cf5c   0x0001cf5c   0x00000018   Code   RO         2246    i.fs_queued_op_count_get  fstorage.o
    0x0001cf74   0x0001cf74   0x00000050   Code   RO         1802    i.gpiote_event_handler  app_button.o
    0x0001cfc4   0x0001cfc4   0x00000080   Code   RO         2607    i.intern_softdevice_events_execute  softdevice_handler.o
    0x0001d044   0x0001d044   0x000000ac   Code   RO           12    i.irq_handler_twi   main.o
    0x0001d0f0   0x0001d0f0   0x0000001c   Code   RO         1047    i.is_conn_params_ok  ble_conn_params.o
    0x0001d10c   0x0001d10c   0x00000048   Code   RO         2747    i.is_manual_peripheral_setup_needed  system_nrf51.o
    0x0001d154   0x0001d154   0x00000018   Code   RO          695    i.leds_timer_handler  bsp.o
    0x0001d16c   0x0001d16c   0x000000ac   Code   RO         2001    i.list_deletions_handler  app_timer.o
    0x0001d218   0x0001d218   0x000000bc   Code   RO         2002    i.list_insertions_handler  app_timer.o
    0x0001d2d4   0x0001d2d4   0x00000288   Code   RO           13    i.main              main.o
    0x0001d55c   0x0001d55c   0x0000006c   Code   RO         3059    i.malloc            mc_p.l(malloc.o)
    0x0001d5c8   0x0001d5c8   0x00000068   Code   RO          880    i.manuf_specific_data_encode  ble_advdata.o
    0x0001d630   0x0001d630   0x00000030   Code   RO           15    i.mpu_6050_I2C_register_read  main.o
    0x0001d660   0x0001d660   0x0000004c   Code   RO           16    i.mpu_6050_I2C_register_write  main.o
    0x0001d6ac   0x0001d6ac   0x0000001e   Code   RO           17    i.mpu_6050_get_device_id  main.o
    0x0001d6ca   0x0001d6ca   0x0000001a   Code   RO           18    i.mpu_6050_init     main.o
    0x0001d6e4   0x0001d6e4   0x00000034   Code   RO           19    i.mpu_6050_read_acc  main.o
    0x0001d718   0x0001d718   0x0000009e   Code   RO          881    i.name_encode       ble_advdata.o
    0x0001d7b6   0x0001d7b6   0x00000002   PAD
    0x0001d7b8   0x0001d7b8   0x00000040   Code   RO           22    i.nrf_adc_configure  main.o
    0x0001d7f8   0x0001d7f8   0x00000020   Code   RO           24    i.nrf_adc_input_select  main.o
    0x0001d818   0x0001d818   0x00000010   Code   RO         1412    i.nrf_bitmask_bit_is_set  nrf_drv_gpiote.o
    0x0001d828   0x0001d828   0x00000010   Code   RO         1210    i.nrf_clock_event_check  nrf_drv_clock.o
    0x0001d838   0x0001d838   0x00000030   Code   RO           25    i.nrf_delay_us      main.o
    0x0001d868   0x0001d868   0x00000030   Code   RO         2003    i.nrf_delay_us      app_timer.o
    0x0001d898   0x0001d898   0x00000048   Code   RO         1217    i.nrf_drv_clock_init  nrf_drv_clock.o
    0x0001d8e0   0x0001d8e0   0x00000034   Code   RO         1224    i.nrf_drv_clock_on_sd_enable  nrf_drv_clock.o
    0x0001d914   0x0001d914   0x0000000c   Code   RO         1225    i.nrf_drv_clock_on_soc_event  nrf_drv_clock.o
    0x0001d920   0x0001d920   0x00000060   Code   RO         1367    i.nrf_drv_common_irq_enable  nrf_drv_common.o
    0x0001d980   0x0001d980   0x00000098   Code   RO         1415    i.nrf_drv_gpiote_in_event_enable  nrf_drv_gpiote.o
    0x0001da18   0x0001da18   0x000000a8   Code   RO         1416    i.nrf_drv_gpiote_in_init  nrf_drv_gpiote.o
    0x0001dac0   0x0001dac0   0x00000014   Code   RO         1417    i.nrf_drv_gpiote_in_is_set  nrf_drv_gpiote.o
    0x0001dad4   0x0001dad4   0x0000005c   Code   RO         1419    i.nrf_drv_gpiote_init  nrf_drv_gpiote.o
    0x0001db30   0x0001db30   0x00000010   Code   RO         1420    i.nrf_drv_gpiote_is_init  nrf_drv_gpiote.o
    0x0001db40   0x0001db40   0x00000020   Code   RO           28    i.nrf_drv_twi_enable  main.o
    0x0001db60   0x0001db60   0x00000088   Code   RO           29    i.nrf_drv_twi_init  main.o
    0x0001dbe8   0x0001dbe8   0x00000024   Code   RO           30    i.nrf_drv_twi_rx    main.o
    0x0001dc0c   0x0001dc0c   0x00000024   Code   RO           33    i.nrf_drv_twi_tx    main.o
    0x0001dc30   0x0001dc30   0x00000028   Code   RO           35    i.nrf_drv_twi_xfer  main.o
    0x0001dc58   0x0001dc58   0x00000080   Code   RO         1626    i.nrf_drv_uart_init  nrf_drv_uart.o
    0x0001dcd8   0x0001dcd8   0x0000005c   Code   RO         1627    i.nrf_drv_uart_rx   nrf_drv_uart.o
    0x0001dd34   0x0001dd34   0x0000002c   Code   RO         1630    i.nrf_drv_uart_rx_enable  nrf_drv_uart.o
    0x0001dd60   0x0001dd60   0x000000a8   Code   RO         1631    i.nrf_drv_uart_rx_for_uart  nrf_drv_uart.o
    0x0001de08   0x0001de08   0x00000034   Code   RO         1632    i.nrf_drv_uart_tx   nrf_drv_uart.o
    0x0001de3c   0x0001de3c   0x0000008c   Code   RO         1634    i.nrf_drv_uart_tx_for_uart  nrf_drv_uart.o
    0x0001dec8   0x0001dec8   0x00000018   Code   RO         1635    i.nrf_drv_uart_tx_in_progress  nrf_drv_uart.o
    0x0001dee0   0x0001dee0   0x00000028   Code   RO          581    i.nrf_gpio_cfg      boards.o
    0x0001df08   0x0001df08   0x00000028   Code   RO         1432    i.nrf_gpio_cfg      nrf_drv_gpiote.o
    0x0001df30   0x0001df30   0x00000028   Code   RO         1637    i.nrf_gpio_cfg      nrf_drv_uart.o
    0x0001df58   0x0001df58   0x00000012   Code   RO         1639    i.nrf_gpio_cfg_input  nrf_drv_uart.o
    0x0001df6a   0x0001df6a   0x00000014   Code   RO           36    i.nrf_gpio_cfg_output  main.o
    0x0001df7e   0x0001df7e   0x00000014   Code   RO         1640    i.nrf_gpio_cfg_output  nrf_drv_uart.o
    0x0001df92   0x0001df92   0x00000022   Code   RO          696    i.nrf_gpio_cfg_sense_set  bsp.o
    0x0001dfb4   0x0001dfb4   0x00000022   Code   RO         1434    i.nrf_gpio_cfg_sense_set  nrf_drv_gpiote.o
    0x0001dfd6   0x0001dfd6   0x00000002   PAD
    0x0001dfd8   0x0001dfd8   0x00000010   Code   RO           37    i.nrf_gpio_pin_clear  main.o
    0x0001dfe8   0x0001dfe8   0x00000010   Code   RO           38    i.nrf_gpio_pin_set  main.o
    0x0001dff8   0x0001dff8   0x00000018   Code   RO          582    i.nrf_gpio_pin_write  boards.o
    0x0001e010   0x0001e010   0x00000028   Code   RO         1435    i.nrf_gpio_ports_read  nrf_drv_gpiote.o
    0x0001e038   0x0001e038   0x00000010   Code   RO         1436    i.nrf_gpiote_event_clear  nrf_drv_gpiote.o
    0x0001e048   0x0001e048   0x00000014   Code   RO         1437    i.nrf_gpiote_event_is_set  nrf_drv_gpiote.o
    0x0001e05c   0x0001e05c   0x0000000a   Code   RO           39    i.nrf_twi_event_check  main.o
    0x0001e066   0x0001e066   0x0000000a   Code   RO         1641    i.nrf_uart_event_check  nrf_drv_uart.o
    0x0001e070   0x0001e070   0x00000010   Code   RO         1642    i.nrf_uart_int_enable_check  nrf_drv_uart.o
    0x0001e080   0x0001e080   0x00000030   Code   RO           40    i.nus_data_handler  main.o
    0x0001e0b0   0x0001e0b0   0x00000020   Code   RO           41    i.on_adv_evt        main.o
    0x0001e0d0   0x0001e0d0   0x000000d0   Code   RO           42    i.on_ble_evt        main.o
    0x0001e1a0   0x0001e1a0   0x00000020   Code   RO           43    i.on_conn_params_evt  main.o
    0x0001e1c0   0x0001e1c0   0x00000018   Code   RO         1438    i.pin_in_use_by_port  nrf_drv_gpiote.o
    0x0001e1d8   0x0001e1d8   0x00000018   Code   RO         1439    i.pin_in_use_by_te  nrf_drv_gpiote.o
    0x0001e1f0   0x0001e1f0   0x00000044   Code   RO         2004    i.rtc1_stop         app_timer.o
    0x0001e234   0x0001e234   0x00000026   Code   RO         1643    i.rx_byte           nrf_drv_uart.o
    0x0001e25a   0x0001e25a   0x0000009e   Code   RO         1165    i.rx_char_add       ble_nus.o
    0x0001e2f8   0x0001e2f8   0x00000014   Code   RO         1644    i.rx_done_event     nrf_drv_uart.o
    0x0001e30c   0x0001e30c   0x0000001a   Code   RO         1645    i.rx_enable         nrf_drv_uart.o
    0x0001e326   0x0001e326   0x00000002   PAD
    0x0001e328   0x0001e328   0x00000084   Code   RO         2609    i.sd_nvic_EnableIRQ  softdevice_handler.o
    0x0001e3ac   0x0001e3ac   0x0000008e   Code   RO          882    i.service_data_encode  ble_advdata.o
    0x0001e43a   0x0001e43a   0x00000002   PAD
    0x0001e43c   0x0001e43c   0x00000058   Code   RO          960    i.set_adv_mode_fast  ble_advertising.o
    0x0001e494   0x0001e494   0x00000054   Code   RO          961    i.set_adv_mode_slow  ble_advertising.o
    0x0001e4e8   0x0001e4e8   0x00000028   Code   RO           44    i.sleep_mode_enter  main.o
    0x0001e510   0x0001e510   0x00000014   Code   RO         2610    i.softdevice_ble_evt_handler_set  softdevice_handler.o
    0x0001e524   0x0001e524   0x00000014   Code   RO         2611    i.softdevice_enable  softdevice_handler.o
    0x0001e538   0x0001e538   0x00000028   Code   RO         2612    i.softdevice_enable_get_default_config  softdevice_handler.o
    0x0001e560   0x0001e560   0x00000008   Code   RO         2613    i.softdevice_fault_handler  softdevice_handler.o
    0x0001e568   0x0001e568   0x00000058   Code   RO         2614    i.softdevice_handler_init  softdevice_handler.o
    0x0001e5c0   0x0001e5c0   0x0000000c   Code   RO         2615    i.softdevice_handler_is_enabled  softdevice_handler.o
    0x0001e5cc   0x0001e5cc   0x0000004c   Code   RO           45    i.start_timer2      main.o
    0x0001e618   0x0001e618   0x00000084   Code   RO         2005    i.timer_list_handler  app_timer.o
    0x0001e69c   0x0001e69c   0x00000010   Code   RO         2006    i.timer_list_handler_sched  app_timer.o
    0x0001e6ac   0x0001e6ac   0x00000040   Code   RO         2007    i.timer_list_insert  app_timer.o
    0x0001e6ec   0x0001e6ec   0x00000048   Code   RO         2008    i.timer_stop_op_schedule  app_timer.o
    0x0001e734   0x0001e734   0x00000080   Code   RO         2009    i.timer_timeouts_check  app_timer.o
    0x0001e7b4   0x0001e7b4   0x00000094   Code   RO           46    i.twi_clear_bus     main.o
    0x0001e848   0x0001e848   0x00000030   Code   RO           47    i.twi_init          main.o
    0x0001e878   0x0001e878   0x00000020   Code   RO           48    i.twi_process_error  main.o
    0x0001e898   0x0001e898   0x000000a0   Code   RO           49    i.twi_rx_start_transfer  main.o
    0x0001e938   0x0001e938   0x0000002e   Code   RO           50    i.twi_send_byte     main.o
    0x0001e966   0x0001e966   0x00000108   Code   RO           51    i.twi_transfer      main.o
    0x0001ea6e   0x0001ea6e   0x00000002   PAD
    0x0001ea70   0x0001ea70   0x0000009c   Code   RO           52    i.twi_tx_start_transfer  main.o
    0x0001eb0c   0x0001eb0c   0x0000008c   Code   RO           53    i.twi_xfer          main.o
    0x0001eb98   0x0001eb98   0x0000001e   Code   RO         1646    i.tx_byte           nrf_drv_uart.o
    0x0001ebb6   0x0001ebb6   0x00000080   Code   RO         1166    i.tx_char_add       ble_nus.o
    0x0001ec36   0x0001ec36   0x00000018   Code   RO         1647    i.tx_done_event     nrf_drv_uart.o
    0x0001ec4e   0x0001ec4e   0x00000002   PAD
    0x0001ec50   0x0001ec50   0x00000060   Code   RO           54    i.uart_event_handle  main.o
    0x0001ecb0   0x0001ecb0   0x000000a8   Code   RO         2139    i.uart_event_handler  app_uart_fifo.o
    0x0001ed58   0x0001ed58   0x00000128   Code   RO         1648    i.uart_irq_handler  nrf_drv_uart.o
    0x0001ee80   0x0001ee80   0x0000000a   Code   RO          883    i.uint16_encode     ble_advdata.o
    0x0001ee8a   0x0001ee8a   0x00000002   PAD
    0x0001ee8c   0x0001ee8c   0x00000064   Code   RO         1048    i.update_timeout_handler  ble_conn_params.o
    0x0001eef0   0x0001eef0   0x0000002c   Code   RO         2010    i.user_op_alloc     app_timer.o
    0x0001ef1c   0x0001ef1c   0x00000030   Code   RO          884    i.uuid_list_encode  ble_advdata.o
    0x0001ef4c   0x0001ef4c   0x000000ae   Code   RO          885    i.uuid_list_sized_encode  ble_advdata.o
    0x0001effa   0x0001effa   0x00000002   PAD
    0x0001effc   0x0001effc   0x00000018   Code   RO          962    i.whitelist_has_entries  ble_advertising.o
    0x0001f014   0x0001f014   0x00000048   Data   RO           56    .constdata          main.o
    0x0001f05c   0x0001f05c   0x00000008   Data   RO          583    .constdata          boards.o
    0x0001f064   0x0001f064   0x0000002c   Data   RO          701    .constdata          bsp.o
    0x0001f090   0x0001f090   0x00000004   Data   RO         1051    .constdata          ble_conn_params.o
    0x0001f094   0x0001f094   0x00000010   Data   RO         1167    .constdata          ble_nus.o
    0x0001f0a4   0x0001f0a4   0x00000004   Data   RO         1441    .constdata          nrf_drv_gpiote.o
    0x0001f0a8   0x0001f0a8   0x00000008   Data   RO         1804    .constdata          app_button.o
    0x0001f0b0   0x0001f0b0   0x00000020   Data   RO         2141    .constdata          app_uart_fifo.o
    0x0001f0d0   0x0001f0d0   0x00000020   Data   RO         3129    Region$$Table       anon$$obj.o


    Execution Region RW_IRAM1 (Exec base: 0x20001fe8, Load base: 0x0001f0f0, Size: 0x000017b8, Max: 0x00006018, ABSOLUTE)

    Exec Addr    Load Addr    Size         Type   Attr      Idx    E Section Name        Object

    0x20001fe8   0x0001f0f0   0x00000054   Data   RW           66    .data               main.o
    0x2000203c   0x0001f144   0x00000014   Data   RW          702    .data               bsp.o
    0x20002050   0x0001f158   0x00000008   Data   RW          800    .data               bsp_btn_ble.o
    0x20002058   0x0001f160   0x00000030   Data   RW          966    .data               ble_advertising.o
    0x20002088   0x0001f190   0x00000014   Data   RW         1052    .data               ble_conn_params.o
    0x2000209c   0x0001f1a4   0x00000014   Data   RW         1805    .data               app_button.o
    0x200020b0   0x0001f1b8   0x00000020   Data   RW         2011    .data               app_timer.o
    0x200020d0   0x0001f1d8   0x00000010   Data   RW         2142    .data               app_uart_fifo.o
    0x200020e0   0x0001f1e8   0x0000000c   Data   RW         2197    .data               app_util_platform.o
    0x200020ec   0x0001f1f4   0x00000004   Data   RW         2383    .data               retarget.o
    0x200020f0   0x0001f1f8   0x00000014   Data   RW         2621    .data               softdevice_handler.o
    0x20002104   0x0001f20c   0x00000004   Data   RW         2748    .data               system_nrf51.o
    0x20002108   0x0001f210   0x00000004   Data   RW         3112    .data               mc_p.l(mvars.o)
    0x2000210c   0x0001f214   0x00000004   Data   RW         3113    .data               mc_p.l(mvars.o)
    0x20002110        -       0x00000318   Zero   RW           55    .bss                main.o
    0x20002428        -       0x00000020   Zero   RW          697    .bss                bsp.o
    0x20002448        -       0x00000020   Zero   RW          698    .bss                bsp.o
    0x20002468        -       0x0000000c   Zero   RW          699    .bss                bsp.o
    0x20002474        -       0x00000020   Zero   RW          700    .bss                bsp.o
    0x20002494        -       0x0000016b   Zero   RW          963    .bss                ble_advertising.o
    0x200025ff   0x0001f218   0x00000001   PAD
    0x20002600        -       0x00000020   Zero   RW          964    .bss                ble_advertising.o
    0x20002620        -       0x00000020   Zero   RW          965    .bss                ble_advertising.o
    0x20002640        -       0x00000020   Zero   RW         1049    .bss                ble_conn_params.o
    0x20002660        -       0x0000001c   Zero   RW         1050    .bss                ble_conn_params.o
    0x2000267c        -       0x00000014   Zero   RW         1227    .bss                nrf_drv_clock.o
    0x20002690        -       0x00000048   Zero   RW         1440    .bss                nrf_drv_gpiote.o
    0x200026d8        -       0x0000001c   Zero   RW         1649    .bss                nrf_drv_uart.o
    0x200026f4        -       0x00000020   Zero   RW         1803    .bss                app_button.o
    0x20002714        -       0x00000020   Zero   RW         2140    .bss                app_uart_fifo.o
    0x20002734        -       0x00000068   Zero   RW         2255    .bss                fstorage.o
    0x2000279c   0x0001f218   0x00000004   PAD
    0x200027a0        -       0x00000800   Zero   RW         2737    HEAP                arm_startup_nrf51.o
    0x20002fa0        -       0x00000800   Zero   RW         2736    STACK               arm_startup_nrf51.o


==============================================================================

Image component sizes


      Code (inc. data)   RO Data    RW Data    ZI Data      Debug   Object Name

       328         34          8         20         32       8902   app_button.o
        24          4          0          0          0       2201   app_error.o
        28         10          0          0          0       7130   app_error_weak.o
       122          0          0          0          0       4718   app_fifo.o
      1612        158          0         32          0      43043   app_timer.o
       464         44         32         16         32      10302   app_uart_fifo.o
       104         20          0         12          0       6418   app_util_platform.o
        56         18        192          0       4096        700   arm_startup_nrf51.o
      1368          6          0          0          0      30516   ble_advdata.o
      1060         72          0         48        427      11128   ble_advertising.o
       460         60          4         20         60       5452   ble_conn_params.o
       566         12         16          0          0       5498   ble_nus.o
        14          0          0          0          0       1386   ble_srv_common.o
       324         58          8          0          0      12264   boards.o
       914         86         44         20        108      14051   bsp.o
       278         12          0          8          0       9053   bsp_btn_ble.o
        24          6          0          0        104       3740   fstorage.o
      3500        382         72         84        792     158613   main.o
       276         38          0          0         20      11808   nrf_drv_clock.o
        96         18          0          0          0       7352   nrf_drv_common.o
      1154        100          4          0         72      27772   nrf_drv_gpiote.o
      1338         52          0          0         28      28230   nrf_drv_uart.o
        14          0          0          4          0       2798   retarget.o
       508         66          0         20          0      21299   softdevice_handler.o
       232         36          0          4          0       2319   system_nrf51.o

    ----------------------------------------------------------------------
     14890       1292        412        288       5776     436693   Object Totals
         0          0         32          0          0          0   (incl. Generated)
        26          0          0          0          5          0   (incl. Padding)

    ----------------------------------------------------------------------

      Code (inc. data)   RO Data    RW Data    ZI Data      Debug   Library Member Name

         0          0          0          0          0          0   entry.o
         0          0          0          0          0          0   entry10a.o
         0          0          0          0          0          0   entry11a.o
         8          4          0          0          0          0   entry2.o
         4          0          0          0          0          0   entry5.o
         0          0          0          0          0          0   entry7b.o
         0          0          0          0          0          0   entry8b.o
         8          4          0          0          0          0   entry9a.o
        30          0          0          0          0          0   handlers.o
        36          8          0          0          0         68   init.o
        32          0          0          0          0         68   llshl.o
        34          0          0          0          0         68   llushr.o
       192         20          0          0          0        144   malloc.o
        36          0          0          0          0         60   memcpya.o
        36          0          0          0          0        100   memseta.o
         0          0          0          8          0          0   mvars.o
       764         52          0          0          0        168   printf5.o
        44          0          0          0          0         72   uidiv.o
        96          0          0          0          0         84   uldiv.o

    ----------------------------------------------------------------------
      1322         88          0          8          0        832   Library Totals
         2          0          0          0          0          0   (incl. Padding)

    ----------------------------------------------------------------------

      Code (inc. data)   RO Data    RW Data    ZI Data      Debug   Library Name

      1320         88          0          8          0        832   mc_p.l

    ----------------------------------------------------------------------
      1322         88          0          8          0        832   Library Totals

    ----------------------------------------------------------------------

==============================================================================


      Code (inc. data)   RO Data    RW Data    ZI Data      Debug   

     16212       1380        412        296       5776     429009   Grand Totals
     16212       1380        412        296       5776     429009   ELF Image Totals
     16212       1380        412        296          0          0   ROM Totals

==============================================================================

    Total RO  Size (Code + RO Data)                16624 (  16.23kB)
    Total RW  Size (RW Data + ZI Data)              6072 (   5.93kB)
    Total ROM Size (Code + RO Data + RW Data)      16920 (  16.52kB)

==============================================================================

